Archive member included to satisfy reference by file (symbol)

/Users/sydxrey/.p2/pool/plugins/fr.ac6.mcu.externaltools.arm-none.macos64_1.15.0.201708311556/tools/compiler/bin/../lib/gcc/arm-none-eabi/6.3.1/../../../../arm-none-eabi/lib/thumb/v7e-m/fpv5/hard/libc_nano.a(lib_a-exit.o)
                              /Users/sydxrey/.p2/pool/plugins/fr.ac6.mcu.externaltools.arm-none.macos64_1.15.0.201708311556/tools/compiler/bin/../lib/gcc/arm-none-eabi/6.3.1/../../../../arm-none-eabi/lib/thumb/v7e-m/fpv5/hard/crt0.o (exit)
/Users/sydxrey/.p2/pool/plugins/fr.ac6.mcu.externaltools.arm-none.macos64_1.15.0.201708311556/tools/compiler/bin/../lib/gcc/arm-none-eabi/6.3.1/../../../../arm-none-eabi/lib/thumb/v7e-m/fpv5/hard/libc_nano.a(lib_a-impure.o)
                              /Users/sydxrey/.p2/pool/plugins/fr.ac6.mcu.externaltools.arm-none.macos64_1.15.0.201708311556/tools/compiler/bin/../lib/gcc/arm-none-eabi/6.3.1/../../../../arm-none-eabi/lib/thumb/v7e-m/fpv5/hard/libc_nano.a(lib_a-exit.o) (_global_impure_ptr)
/Users/sydxrey/.p2/pool/plugins/fr.ac6.mcu.externaltools.arm-none.macos64_1.15.0.201708311556/tools/compiler/bin/../lib/gcc/arm-none-eabi/6.3.1/../../../../arm-none-eabi/lib/thumb/v7e-m/fpv5/hard/libc_nano.a(lib_a-init.o)
                              /Users/sydxrey/.p2/pool/plugins/fr.ac6.mcu.externaltools.arm-none.macos64_1.15.0.201708311556/tools/compiler/bin/../lib/gcc/arm-none-eabi/6.3.1/../../../../arm-none-eabi/lib/thumb/v7e-m/fpv5/hard/crt0.o (__libc_init_array)
/Users/sydxrey/.p2/pool/plugins/fr.ac6.mcu.externaltools.arm-none.macos64_1.15.0.201708311556/tools/compiler/bin/../lib/gcc/arm-none-eabi/6.3.1/../../../../arm-none-eabi/lib/thumb/v7e-m/fpv5/hard/libc_nano.a(lib_a-memset.o)
                              /Users/sydxrey/.p2/pool/plugins/fr.ac6.mcu.externaltools.arm-none.macos64_1.15.0.201708311556/tools/compiler/bin/../lib/gcc/arm-none-eabi/6.3.1/../../../../arm-none-eabi/lib/thumb/v7e-m/fpv5/hard/crt0.o (memset)
/Users/sydxrey/.p2/pool/plugins/fr.ac6.mcu.externaltools.arm-none.macos64_1.15.0.201708311556/tools/compiler/bin/../lib/gcc/arm-none-eabi/6.3.1/../../../../arm-none-eabi/lib/thumb/v7e-m/fpv5/hard/libnosys.a(_exit.o)
                              /Users/sydxrey/.p2/pool/plugins/fr.ac6.mcu.externaltools.arm-none.macos64_1.15.0.201708311556/tools/compiler/bin/../lib/gcc/arm-none-eabi/6.3.1/../../../../arm-none-eabi/lib/thumb/v7e-m/fpv5/hard/libc_nano.a(lib_a-exit.o) (_exit)

Allocating common symbols
Common symbol       size              file

hspi5               0x64              Src/main.o
hi2c1               0x4c              Src/main.o
rxSpiMidiBuff       0x3               Src/dac_board.o
uwTick              0x4               Drivers/STM32F7xx_HAL_Driver/Src/stm32f7xx_hal.o
pFlash              0x1c              Drivers/STM32F7xx_HAL_Driver/Src/stm32f7xx_hal_flash.o
hspiDacs            0x4               Src/main.o
hspi3               0x64              Src/main.o
calibrationVcoCV    0x4               Src/vco_calibration.o
hspiMidi            0x4               Src/main.o
txSpiDacsBuff       0x2               Src/dac_board.o
htim1               0x40              Src/main.o
htimCalib           0x4               Src/main.o
htim2               0x40              Src/main.o
htimEnveloppes      0x4               Src/main.o
waveTable           0x64              Src/dac_board.o
calibrationCurrentVco
                    0x1               Src/vco_calibration.o

Discarded input sections

 .text          0x0000000000000000        0x0 /Users/sydxrey/.p2/pool/plugins/fr.ac6.mcu.externaltools.arm-none.macos64_1.15.0.201708311556/tools/compiler/bin/../lib/gcc/arm-none-eabi/6.3.1/thumb/v7e-m/fpv5/hard/crti.o
 .data          0x0000000000000000        0x0 /Users/sydxrey/.p2/pool/plugins/fr.ac6.mcu.externaltools.arm-none.macos64_1.15.0.201708311556/tools/compiler/bin/../lib/gcc/arm-none-eabi/6.3.1/thumb/v7e-m/fpv5/hard/crti.o
 .bss           0x0000000000000000        0x0 /Users/sydxrey/.p2/pool/plugins/fr.ac6.mcu.externaltools.arm-none.macos64_1.15.0.201708311556/tools/compiler/bin/../lib/gcc/arm-none-eabi/6.3.1/thumb/v7e-m/fpv5/hard/crti.o
 .data          0x0000000000000000        0x4 /Users/sydxrey/.p2/pool/plugins/fr.ac6.mcu.externaltools.arm-none.macos64_1.15.0.201708311556/tools/compiler/bin/../lib/gcc/arm-none-eabi/6.3.1/thumb/v7e-m/fpv5/hard/crtbegin.o
 .text          0x0000000000000000       0x74 /Users/sydxrey/.p2/pool/plugins/fr.ac6.mcu.externaltools.arm-none.macos64_1.15.0.201708311556/tools/compiler/bin/../lib/gcc/arm-none-eabi/6.3.1/../../../../arm-none-eabi/lib/thumb/v7e-m/fpv5/hard/crt0.o
 .data          0x0000000000000000        0x0 /Users/sydxrey/.p2/pool/plugins/fr.ac6.mcu.externaltools.arm-none.macos64_1.15.0.201708311556/tools/compiler/bin/../lib/gcc/arm-none-eabi/6.3.1/../../../../arm-none-eabi/lib/thumb/v7e-m/fpv5/hard/crt0.o
[...]
Memory Configuration

Name             Origin             Length             Attributes
RAM              0x0000000020000000 0x0000000000080000 xrw
FLASH            0x0000000008000000 0x0000000000200000 xr
*default*        0x0000000000000000 0xffffffffffffffff

Linker script and memory map

LOAD /Users/sydxrey/.p2/pool/plugins/fr.ac6.mcu.externaltools.arm-none.macos64_1.15.0.201708311556/tools/compiler/bin/../lib/gcc/arm-none-eabi/6.3.1/thumb/v7e-m/fpv5/hard/crti.o
LOAD /Users/sydxrey/.p2/pool/plugins/fr.ac6.mcu.externaltools.arm-none.macos64_1.15.0.201708311556/tools/compiler/bin/../lib/gcc/arm-none-eabi/6.3.1/thumb/v7e-m/fpv5/hard/crtbegin.o
LOAD /Users/sydxrey/.p2/pool/plugins/fr.ac6.mcu.externaltools.arm-none.macos64_1.15.0.201708311556/tools/compiler/bin/../lib/gcc/arm-none-eabi/6.3.1/../../../../arm-none-eabi/lib/thumb/v7e-m/fpv5/hard/crt0.o
LOAD Drivers/STM32F7xx_HAL_Driver/Src/stm32f7xx_hal.o
LOAD Drivers/STM32F7xx_HAL_Driver/Src/stm32f7xx_hal_cortex.o
LOAD Drivers/STM32F7xx_HAL_Driver/Src/stm32f7xx_hal_dma.o
LOAD Drivers/STM32F7xx_HAL_Driver/Src/stm32f7xx_hal_dma_ex.o
LOAD Drivers/STM32F7xx_HAL_Driver/Src/stm32f7xx_hal_flash.o
LOAD Drivers/STM32F7xx_HAL_Driver/Src/stm32f7xx_hal_flash_ex.o
LOAD Drivers/STM32F7xx_HAL_Driver/Src/stm32f7xx_hal_gpio.o
LOAD Drivers/STM32F7xx_HAL_Driver/Src/stm32f7xx_hal_i2c.o
LOAD Drivers/STM32F7xx_HAL_Driver/Src/stm32f7xx_hal_i2c_ex.o
LOAD Drivers/STM32F7xx_HAL_Driver/Src/stm32f7xx_hal_pwr.o
LOAD Drivers/STM32F7xx_HAL_Driver/Src/stm32f7xx_hal_pwr_ex.o
LOAD Drivers/STM32F7xx_HAL_Driver/Src/stm32f7xx_hal_rcc.o
LOAD Drivers/STM32F7xx_HAL_Driver/Src/stm32f7xx_hal_rcc_ex.o
LOAD Drivers/STM32F7xx_HAL_Driver/Src/stm32f7xx_hal_spi.o
LOAD Drivers/STM32F7xx_HAL_Driver/Src/stm32f7xx_hal_tim.o
LOAD Drivers/STM32F7xx_HAL_Driver/Src/stm32f7xx_hal_tim_ex.o
LOAD Src/dac_board.o
LOAD Src/main.o
LOAD Src/stm32f7xx_hal_msp.o
LOAD Src/stm32f7xx_it.o
LOAD Src/system_stm32f7xx.o
LOAD Src/vco_calibration.o
LOAD startup/startup_stm32f767xx.o
LOAD /Users/sydxrey/.p2/pool/plugins/fr.ac6.mcu.externaltools.arm-none.macos64_1.15.0.201708311556/tools/compiler/bin/../lib/gcc/arm-none-eabi/6.3.1/../../../../arm-none-eabi/lib/thumb/v7e-m/fpv5/hard/libm.a
START GROUP
LOAD /Users/sydxrey/.p2/pool/plugins/fr.ac6.mcu.externaltools.arm-none.macos64_1.15.0.201708311556/tools/compiler/bin/../lib/gcc/arm-none-eabi/6.3.1/thumb/v7e-m/fpv5/hard/libgcc.a
LOAD /Users/sydxrey/.p2/pool/plugins/fr.ac6.mcu.externaltools.arm-none.macos64_1.15.0.201708311556/tools/compiler/bin/../lib/gcc/arm-none-eabi/6.3.1/../../../../arm-none-eabi/lib/thumb/v7e-m/fpv5/hard/libc_nano.a
END GROUP
START GROUP
LOAD /Users/sydxrey/.p2/pool/plugins/fr.ac6.mcu.externaltools.arm-none.macos64_1.15.0.201708311556/tools/compiler/bin/../lib/gcc/arm-none-eabi/6.3.1/thumb/v7e-m/fpv5/hard/libgcc.a
LOAD /Users/sydxrey/.p2/pool/plugins/fr.ac6.mcu.externaltools.arm-none.macos64_1.15.0.201708311556/tools/compiler/bin/../lib/gcc/arm-none-eabi/6.3.1/../../../../arm-none-eabi/lib/thumb/v7e-m/fpv5/hard/libc_nano.a
LOAD /Users/sydxrey/.p2/pool/plugins/fr.ac6.mcu.externaltools.arm-none.macos64_1.15.0.201708311556/tools/compiler/bin/../lib/gcc/arm-none-eabi/6.3.1/../../../../arm-none-eabi/lib/thumb/v7e-m/fpv5/hard/libnosys.a
END GROUP
START GROUP
LOAD /Users/sydxrey/.p2/pool/plugins/fr.ac6.mcu.externaltools.arm-none.macos64_1.15.0.201708311556/tools/compiler/bin/../lib/gcc/arm-none-eabi/6.3.1/thumb/v7e-m/fpv5/hard/libgcc.a
LOAD /Users/sydxrey/.p2/pool/plugins/fr.ac6.mcu.externaltools.arm-none.macos64_1.15.0.201708311556/tools/compiler/bin/../lib/gcc/arm-none-eabi/6.3.1/../../../../arm-none-eabi/lib/thumb/v7e-m/fpv5/hard/libc_nano.a
LOAD /Users/sydxrey/.p2/pool/plugins/fr.ac6.mcu.externaltools.arm-none.macos64_1.15.0.201708311556/tools/compiler/bin/../lib/gcc/arm-none-eabi/6.3.1/../../../../arm-none-eabi/lib/thumb/v7e-m/fpv5/hard/libnosys.a
END GROUP
LOAD /Users/sydxrey/.p2/pool/plugins/fr.ac6.mcu.externaltools.arm-none.macos64_1.15.0.201708311556/tools/compiler/bin/../lib/gcc/arm-none-eabi/6.3.1/thumb/v7e-m/fpv5/hard/crtend.o
LOAD /Users/sydxrey/.p2/pool/plugins/fr.ac6.mcu.externaltools.arm-none.macos64_1.15.0.201708311556/tools/compiler/bin/../lib/gcc/arm-none-eabi/6.3.1/thumb/v7e-m/fpv5/hard/crtn.o
                0x0000000020080000                _estack = 0x20080000
                0x0000000000000200                _Min_Heap_Size = 0x200
                0x0000000000000400                _Min_Stack_Size = 0x400

.isr_vector     0x0000000008000000      0x1f8
                0x0000000008000000                . = ALIGN (0x4)
 *(.isr_vector)
 .isr_vector    0x0000000008000000      0x1f8 startup/startup_stm32f767xx.o
                0x0000000008000000                g_pfnVectors
                0x00000000080001f8                . = ALIGN (0x4)

.text           0x00000000080001f8     0x362c
                0x00000000080001f8                . = ALIGN (0x4)
 *(.text)
 .text          0x00000000080001f8       0x6c /Users/sydxrey/.p2/pool/plugins/fr.ac6.mcu.externaltools.arm-none.macos64_1.15.0.201708311556/tools/compiler/bin/../lib/gcc/arm-none-eabi/6.3.1/thumb/v7e-m/fpv5/hard/crtbegin.o
 *(.text*)
 .text.HAL_InitTick
                0x0000000008000264       0x2c Drivers/STM32F7xx_HAL_Driver/Src/stm32f7xx_hal.o
                0x0000000008000264                HAL_InitTick
 .text.HAL_Init
                0x0000000008000290       0x16 Drivers/STM32F7xx_HAL_Driver/Src/stm32f7xx_hal.o
                0x0000000008000290                HAL_Init
 *fill*         0x00000000080002a6        0x2 
 .text.HAL_IncTick
                0x00000000080002a8       0x10 Drivers/STM32F7xx_HAL_Driver/Src/stm32f7xx_hal.o
                0x00000000080002a8                HAL_IncTick
 .text.HAL_GetTick
                0x00000000080002b8        0xc Drivers/STM32F7xx_HAL_Driver/Src/stm32f7xx_hal.o
                0x00000000080002b8                HAL_GetTick
 .text.HAL_Delay
                0x00000000080002c4       0x1c Drivers/STM32F7xx_HAL_Driver/Src/stm32f7xx_hal.o
                0x00000000080002c4                HAL_Delay
 .text.HAL_NVIC_SetPriorityGrouping
                0x00000000080002e0       0x24 Drivers/STM32F7xx_HAL_Driver/Src/stm32f7xx_hal_cortex.o
                0x00000000080002e0                HAL_NVIC_SetPriorityGrouping
 .text.HAL_NVIC_SetPriority
                0x0000000008000304       0x60 Drivers/STM32F7xx_HAL_Driver/Src/stm32f7xx_hal_cortex.o
                0x0000000008000304                HAL_NVIC_SetPriority
 .text.HAL_NVIC_EnableIRQ
                0x0000000008000364       0x18 Drivers/STM32F7xx_HAL_Driver/Src/stm32f7xx_hal_cortex.o
                0x0000000008000364                HAL_NVIC_EnableIRQ
 .text.HAL_SYSTICK_Config
                0x000000000800037c       0x2c Drivers/STM32F7xx_HAL_Driver/Src/stm32f7xx_hal_cortex.o
                0x000000000800037c                HAL_SYSTICK_Config
 .text.HAL_SYSTICK_CLKSourceConfig
                0x00000000080003a8       0x20 Drivers/STM32F7xx_HAL_Driver/Src/stm32f7xx_hal_cortex.o
                0x00000000080003a8                HAL_SYSTICK_CLKSourceConfig
 .text.HAL_SYSTICK_Callback
                0x00000000080003c8        0x2 Drivers/STM32F7xx_HAL_Driver/Src/stm32f7xx_hal_cortex.o
                0x00000000080003c8                HAL_SYSTICK_Callback
 .text.HAL_SYSTICK_IRQHandler
                0x00000000080003ca        0x8 Drivers/STM32F7xx_HAL_Driver/Src/stm32f7xx_hal_cortex.o
                0x00000000080003ca                HAL_SYSTICK_IRQHandler
 .text.HAL_DMA_Abort_IT
                0x00000000080003d2       0x26 Drivers/STM32F7xx_HAL_Driver/Src/stm32f7xx_hal_dma.o
                0x00000000080003d2                HAL_DMA_Abort_IT
 .text.HAL_GPIO_Init
                0x00000000080003f8      0x1dc Drivers/STM32F7xx_HAL_Driver/Src/stm32f7xx_hal_gpio.o
                0x00000000080003f8                HAL_GPIO_Init
 .text.HAL_GPIO_WritePin
                0x00000000080005d4        0xc Drivers/STM32F7xx_HAL_Driver/Src/stm32f7xx_hal_gpio.o
                0x00000000080005d4                HAL_GPIO_WritePin
 .text.HAL_GPIO_TogglePin
                0x00000000080005e0        0x8 Drivers/STM32F7xx_HAL_Driver/Src/stm32f7xx_hal_gpio.o
                0x00000000080005e0                HAL_GPIO_TogglePin
 .text.HAL_GPIO_EXTI_IRQHandler
                0x00000000080005e8       0x1c Drivers/STM32F7xx_HAL_Driver/Src/stm32f7xx_hal_gpio.o
                0x00000000080005e8                HAL_GPIO_EXTI_IRQHandler
 .text.HAL_I2C_Init
                0x0000000008000604       0xbc Drivers/STM32F7xx_HAL_Driver/Src/stm32f7xx_hal_i2c.o
                0x0000000008000604                HAL_I2C_Init
 .text.HAL_I2CEx_ConfigAnalogFilter
                0x00000000080006c0       0x5c Drivers/STM32F7xx_HAL_Driver/Src/stm32f7xx_hal_i2c_ex.o
                0x00000000080006c0                HAL_I2CEx_ConfigAnalogFilter
 .text.HAL_I2CEx_ConfigDigitalFilter
                0x000000000800071c       0x58 Drivers/STM32F7xx_HAL_Driver/Src/stm32f7xx_hal_i2c_ex.o
                0x000000000800071c                HAL_I2CEx_ConfigDigitalFilter
 .text.HAL_PWREx_EnableOverDrive
                0x0000000008000774       0x7c Drivers/STM32F7xx_HAL_Driver/Src/stm32f7xx_hal_pwr_ex.o
                0x0000000008000774                HAL_PWREx_EnableOverDrive
 .text.HAL_RCC_OscConfig
                0x00000000080007f0      0x3d4 Drivers/STM32F7xx_HAL_Driver/Src/stm32f7xx_hal_rcc.o
                0x00000000080007f0                HAL_RCC_OscConfig
 .text.HAL_RCC_GetSysClockFreq
                0x0000000008000bc4       0x60 Drivers/STM32F7xx_HAL_Driver/Src/stm32f7xx_hal_rcc.o
                0x0000000008000bc4                HAL_RCC_GetSysClockFreq
 .text.HAL_RCC_ClockConfig
                0x0000000008000c24      0x140 Drivers/STM32F7xx_HAL_Driver/Src/stm32f7xx_hal_rcc.o
                0x0000000008000c24                HAL_RCC_ClockConfig
 .text.HAL_RCC_GetHCLKFreq
                0x0000000008000d64        0xc Drivers/STM32F7xx_HAL_Driver/Src/stm32f7xx_hal_rcc.o
                0x0000000008000d64                HAL_RCC_GetHCLKFreq
 .text.HAL_RCCEx_PeriphCLKConfig
                0x0000000008000d70      0x608 Drivers/STM32F7xx_HAL_Driver/Src/stm32f7xx_hal_rcc_ex.o
                0x0000000008000d70                HAL_RCCEx_PeriphCLKConfig
 .text.SPI_WaitFlagStateUntilTimeout
                0x0000000008001378       0x8a Drivers/STM32F7xx_HAL_Driver/Src/stm32f7xx_hal_spi.o
 .text.SPI_WaitFifoStateUntilTimeout
                0x0000000008001402       0xa8 Drivers/STM32F7xx_HAL_Driver/Src/stm32f7xx_hal_spi.o
 .text.SPI_EndRxTxTransaction
                0x00000000080014aa       0x68 Drivers/STM32F7xx_HAL_Driver/Src/stm32f7xx_hal_spi.o
 .text.HAL_SPI_Init
                0x0000000008001512       0xba Drivers/STM32F7xx_HAL_Driver/Src/stm32f7xx_hal_spi.o
                0x0000000008001512                HAL_SPI_Init
 .text.HAL_SPI_Transmit_IT
                0x00000000080015cc       0xa4 Drivers/STM32F7xx_HAL_Driver/Src/stm32f7xx_hal_spi.o
                0x00000000080015cc                HAL_SPI_Transmit_IT
 .text.HAL_SPI_ErrorCallback
                0x0000000008001670        0x2 Drivers/STM32F7xx_HAL_Driver/Src/stm32f7xx_hal_spi.o
                0x0000000008001670                HAL_SPI_ErrorCallback
 .text.SPI_CloseTx_ISR
                0x0000000008001672       0x56 Drivers/STM32F7xx_HAL_Driver/Src/stm32f7xx_hal_spi.o
 .text.SPI_TxISR_8BIT
                0x00000000080016c8       0x26 Drivers/STM32F7xx_HAL_Driver/Src/stm32f7xx_hal_spi.o
 .text.SPI_TxISR_16BIT
                0x00000000080016ee       0x28 Drivers/STM32F7xx_HAL_Driver/Src/stm32f7xx_hal_spi.o
 *fill*         0x0000000008001716        0x2 
 .text.HAL_SPI_IRQHandler
                0x0000000008001718      0x104 Drivers/STM32F7xx_HAL_Driver/Src/stm32f7xx_hal_spi.o
                0x0000000008001718                HAL_SPI_IRQHandler
 .text.SPI_DMAAbortOnError
                0x000000000800181c       0x12 Drivers/STM32F7xx_HAL_Driver/Src/stm32f7xx_hal_spi.o
 .text.TIM_TI1_ConfigInputStage
                0x000000000800182e       0x26 Drivers/STM32F7xx_HAL_Driver/Src/stm32f7xx_hal_tim.o
 .text.TIM_TI2_SetConfig
                0x0000000008001854       0x34 Drivers/STM32F7xx_HAL_Driver/Src/stm32f7xx_hal_tim.o
 .text.TIM_TI2_ConfigInputStage
                0x0000000008001888       0x28 Drivers/STM32F7xx_HAL_Driver/Src/stm32f7xx_hal_tim.o
 .text.TIM_TI3_SetConfig
                0x00000000080018b0       0x32 Drivers/STM32F7xx_HAL_Driver/Src/stm32f7xx_hal_tim.o
 .text.TIM_TI4_SetConfig
                0x00000000080018e2       0x34 Drivers/STM32F7xx_HAL_Driver/Src/stm32f7xx_hal_tim.o
 .text.TIM_ITRx_SetConfig
                0x0000000008001916       0x10 Drivers/STM32F7xx_HAL_Driver/Src/stm32f7xx_hal_tim.o
 .text.HAL_TIM_Base_Start_IT
                0x0000000008001926       0x18 Drivers/STM32F7xx_HAL_Driver/Src/stm32f7xx_hal_tim.o
                0x0000000008001926                HAL_TIM_Base_Start_IT
 .text.HAL_TIM_IC_MspInit
                0x000000000800193e        0x2 Drivers/STM32F7xx_HAL_Driver/Src/stm32f7xx_hal_tim.o
                0x000000000800193e                HAL_TIM_IC_MspInit
 .text.HAL_TIM_OC_DelayElapsedCallback
                0x0000000008001940        0x2 Drivers/STM32F7xx_HAL_Driver/Src/stm32f7xx_hal_tim.o
                0x0000000008001940                HAL_TIM_OC_DelayElapsedCallback
 .text.HAL_TIM_PWM_PulseFinishedCallback
                0x0000000008001942        0x2 Drivers/STM32F7xx_HAL_Driver/Src/stm32f7xx_hal_tim.o
                0x0000000008001942                HAL_TIM_PWM_PulseFinishedCallback
 .text.HAL_TIM_TriggerCallback
                0x0000000008001944        0x2 Drivers/STM32F7xx_HAL_Driver/Src/stm32f7xx_hal_tim.o
                0x0000000008001944                HAL_TIM_TriggerCallback
 .text.HAL_TIM_IRQHandler
                0x0000000008001946      0x19a Drivers/STM32F7xx_HAL_Driver/Src/stm32f7xx_hal_tim.o
                0x0000000008001946                HAL_TIM_IRQHandler
 .text.TIM_Base_SetConfig
                0x0000000008001ae0      0x140 Drivers/STM32F7xx_HAL_Driver/Src/stm32f7xx_hal_tim.o
                0x0000000008001ae0                TIM_Base_SetConfig
 .text.HAL_TIM_Base_Init
                0x0000000008001c20       0x32 Drivers/STM32F7xx_HAL_Driver/Src/stm32f7xx_hal_tim.o
                0x0000000008001c20                HAL_TIM_Base_Init
 .text.HAL_TIM_IC_Init
                0x0000000008001c52       0x32 Drivers/STM32F7xx_HAL_Driver/Src/stm32f7xx_hal_tim.o
                0x0000000008001c52                HAL_TIM_IC_Init
 .text.TIM_TI1_SetConfig
                0x0000000008001c84       0xa4 Drivers/STM32F7xx_HAL_Driver/Src/stm32f7xx_hal_tim.o
                0x0000000008001c84                TIM_TI1_SetConfig
 .text.HAL_TIM_IC_ConfigChannel
                0x0000000008001d28       0xc0 Drivers/STM32F7xx_HAL_Driver/Src/stm32f7xx_hal_tim.o
                0x0000000008001d28                HAL_TIM_IC_ConfigChannel
 .text.TIM_ETR_SetConfig
                0x0000000008001de8       0x18 Drivers/STM32F7xx_HAL_Driver/Src/stm32f7xx_hal_tim.o
                0x0000000008001de8                TIM_ETR_SetConfig
 .text.HAL_TIM_ConfigClockSource
                0x0000000008001e00      0x114 Drivers/STM32F7xx_HAL_Driver/Src/stm32f7xx_hal_tim.o
                0x0000000008001e00                HAL_TIM_ConfigClockSource
 .text.TIM_CCxChannelCmd
                0x0000000008001f14       0x1e Drivers/STM32F7xx_HAL_Driver/Src/stm32f7xx_hal_tim.o
                0x0000000008001f14                TIM_CCxChannelCmd
 .text.HAL_TIM_IC_Stop_IT
                0x0000000008001f32       0x72 Drivers/STM32F7xx_HAL_Driver/Src/stm32f7xx_hal_tim.o
                0x0000000008001f32                HAL_TIM_IC_Stop_IT
 .text.HAL_TIMEx_MasterConfigSynchronization
                0x0000000008001fa4       0x58 Drivers/STM32F7xx_HAL_Driver/Src/stm32f7xx_hal_tim_ex.o
                0x0000000008001fa4                HAL_TIMEx_MasterConfigSynchronization
 .text.HAL_TIMEx_CommutationCallback
                0x0000000008001ffc        0x2 Drivers/STM32F7xx_HAL_Driver/Src/stm32f7xx_hal_tim_ex.o
                0x0000000008001ffc                HAL_TIMEx_CommutationCallback
 .text.HAL_TIMEx_BreakCallback
                0x0000000008001ffe        0x2 Drivers/STM32F7xx_HAL_Driver/Src/stm32f7xx_hal_tim_ex.o
                0x0000000008001ffe                HAL_TIMEx_BreakCallback
 .text.dacSelect
                0x0000000008002000      0x15c Src/dac_board.o
                0x0000000008002000                dacSelect
 .text.dac4822ABWrite
                0x000000000800215c       0x44 Src/dac_board.o
                0x000000000800215c                dac4822ABWrite
 .text.dacWrite
                0x00000000080021a0       0xc2 Src/dac_board.o
                0x00000000080021a0                dacWrite
 *fill*         0x0000000008002262        0x6 
 .text.dacVcaWrite
                0x0000000008002268       0x58 Src/dac_board.o
                0x0000000008002268                dacVcaWrite
 .text.dacVcfCutoffWrite
                0x00000000080022c0       0x58 Src/dac_board.o
                0x00000000080022c0                dacVcfCutoffWrite
 .text.muteAllDACs
                0x0000000008002318       0x38 Src/dac_board.o
                0x0000000008002318                muteAllDACs
 .text.HAL_SPI_TxCpltCallback
                0x0000000008002350       0x20 Src/dac_board.o
                0x0000000008002350                HAL_SPI_TxCpltCallback
 .text.HAL_GPIO_EXTI_Callback
                0x0000000008002370       0x20 Src/dac_board.o
                0x0000000008002370                HAL_GPIO_EXTI_Callback
 .text.updateVCAEnveloppeStateMachine
                0x0000000008002390       0xc4 Src/dac_board.o
                0x0000000008002390                updateVCAEnveloppeStateMachine
 *fill*         0x0000000008002454        0x4 
 .text.updateVCFEnveloppeStateMachine
                0x0000000008002458       0xfc Src/dac_board.o
                0x0000000008002458                updateVCFEnveloppeStateMachine
 *fill*         0x0000000008002554        0x4 
 .text.midiNoteOnHandler
                0x0000000008002558       0xf0 Src/dac_board.o
                0x0000000008002558                midiNoteOnHandler
 .text.midiNoteOffHandler
                0x0000000008002648       0x88 Src/dac_board.o
                0x0000000008002648                midiNoteOffHandler
 .text.setMidiCCParam
                0x00000000080026d0      0x370 Src/dac_board.o
                0x00000000080026d0                setMidiCCParam
 .text.initSynthParams
                0x0000000008002a40       0x40 Src/dac_board.o
                0x0000000008002a40                initSynthParams
 .text.playDrumMachine
                0x0000000008002a80       0x84 Src/dac_board.o
                0x0000000008002a80                playDrumMachine
 .text.processIncomingMidiMessage
                0x0000000008002b04       0x4c Src/dac_board.o
                0x0000000008002b04                processIncomingMidiMessage
 .text.updateDrumMachine
                0x0000000008002b50       0xa0 Src/dac_board.o
                0x0000000008002b50                updateDrumMachine
 .text.playDemo
                0x0000000008002bf0       0x8c Src/dac_board.o
                0x0000000008002bf0                playDemo
 .text.HAL_TIM_PeriodElapsedCallback
                0x0000000008002c7c       0xa0 Src/dac_board.o
                0x0000000008002c7c                HAL_TIM_PeriodElapsedCallback
 .text.MX_GPIO_Init
                0x0000000008002d1c      0x298 Src/main.o
 .text._Error_Handler
                0x0000000008002fb4        0x2 Src/main.o
                0x0000000008002fb4                _Error_Handler
 *fill*         0x0000000008002fb6        0x2 
 .text.MX_I2C1_Init
                0x0000000008002fb8       0x68 Src/main.o
 .text.MX_SPI3_Init
                0x0000000008003020       0x50 Src/main.o
 .text.MX_TIM1_Init
                0x0000000008003070       0x78 Src/main.o
 .text.MX_TIM2_Init
                0x00000000080030e8       0xc0 Src/main.o
 .text.MX_SPI5_Init
                0x00000000080031a8       0x54 Src/main.o
 .text.SystemClock_Config
                0x00000000080031fc       0xe8 Src/main.o
                0x00000000080031fc                SystemClock_Config
 .text.main     0x00000000080032e4       0x78 Src/main.o
                0x00000000080032e4                main
 .text.HAL_MspInit
                0x000000000800335c       0x5e Src/stm32f7xx_hal_msp.o
                0x000000000800335c                HAL_MspInit
 *fill*         0x00000000080033ba        0x2 
 .text.HAL_I2C_MspInit
                0x00000000080033bc       0x54 Src/stm32f7xx_hal_msp.o
                0x00000000080033bc                HAL_I2C_MspInit
 .text.HAL_SPI_MspInit
                0x0000000008003410       0xbc Src/stm32f7xx_hal_msp.o
                0x0000000008003410                HAL_SPI_MspInit
 .text.HAL_TIM_Base_MspInit
                0x00000000080034cc       0x8c Src/stm32f7xx_hal_msp.o
                0x00000000080034cc                HAL_TIM_Base_MspInit
 .text.SysTick_Handler
                0x0000000008003558        0xc Src/stm32f7xx_it.o
                0x0000000008003558                SysTick_Handler
 .text.EXTI9_5_IRQHandler
                0x0000000008003564        0xa Src/stm32f7xx_it.o
                0x0000000008003564                EXTI9_5_IRQHandler
 *fill*         0x000000000800356e        0x2 
 .text.TIM1_UP_TIM10_IRQHandler
                0x0000000008003570       0x10 Src/stm32f7xx_it.o
                0x0000000008003570                TIM1_UP_TIM10_IRQHandler
 .text.TIM2_IRQHandler
                0x0000000008003580       0x10 Src/stm32f7xx_it.o
                0x0000000008003580                TIM2_IRQHandler
 .text.EXTI15_10_IRQHandler
                0x0000000008003590        0xc Src/stm32f7xx_it.o
                0x0000000008003590                EXTI15_10_IRQHandler
 .text.SPI5_IRQHandler
                0x000000000800359c       0x10 Src/stm32f7xx_it.o
                0x000000000800359c                SPI5_IRQHandler
 .text.SystemInit
                0x00000000080035ac       0x50 Src/system_stm32f7xx.o
                0x00000000080035ac                SystemInit
 .text.fillMidiToCVArray
                0x00000000080035fc       0x54 Src/vco_calibration.o
                0x00000000080035fc                fillMidiToCVArray
 .text.calibrateVcoCallbackShort
                0x0000000008003650      0x108 Src/vco_calibration.o
                0x0000000008003650                calibrateVcoCallbackShort
 .text.HAL_TIM_IC_CaptureCallback
                0x0000000008003758       0x18 Src/vco_calibration.o
                0x0000000008003758                HAL_TIM_IC_CaptureCallback
 .text.Reset_Handler
                0x0000000008003770       0x50 startup/startup_stm32f767xx.o
                0x0000000008003770                Reset_Handler
 .text.Default_Handler
                0x00000000080037c0        0x2 startup/startup_stm32f767xx.o
                0x00000000080037c0                DMA1_Stream3_IRQHandler
                0x00000000080037c0                EXTI2_IRQHandler
                0x00000000080037c0                TIM8_CC_IRQHandler
                0x00000000080037c0                DebugMon_Handler
                0x00000000080037c0                UART8_IRQHandler
                0x00000000080037c0                SPI4_IRQHandler
                0x00000000080037c0                TIM1_CC_IRQHandler
                0x00000000080037c0                DMA2_Stream5_IRQHandler
                0x00000000080037c0                HardFault_Handler
                0x00000000080037c0                JPEG_IRQHandler
                0x00000000080037c0                DMA1_Stream5_IRQHandler
                0x00000000080037c0                CAN3_RX1_IRQHandler
                0x00000000080037c0                PVD_IRQHandler
                0x00000000080037c0                TAMP_STAMP_IRQHandler
                0x00000000080037c0                PendSV_Handler
                0x00000000080037c0                NMI_Handler
                0x00000000080037c0                CAN2_RX1_IRQHandler
                0x00000000080037c0                EXTI3_IRQHandler
                0x00000000080037c0                TIM8_TRG_COM_TIM14_IRQHandler
                0x00000000080037c0                DFSDM1_FLT1_IRQHandler
                0x00000000080037c0                TIM8_UP_TIM13_IRQHandler
                0x00000000080037c0                I2C3_ER_IRQHandler
                0x00000000080037c0                DFSDM1_FLT2_IRQHandler
                0x00000000080037c0                EXTI0_IRQHandler
                0x00000000080037c0                I2C2_EV_IRQHandler
                0x00000000080037c0                DMA1_Stream2_IRQHandler
                0x00000000080037c0                CAN1_RX0_IRQHandler
                0x00000000080037c0                FPU_IRQHandler
                0x00000000080037c0                OTG_HS_WKUP_IRQHandler
                0x00000000080037c0                CAN3_SCE_IRQHandler
                0x00000000080037c0                UsageFault_Handler
                0x00000000080037c0                LTDC_ER_IRQHandler
                0x00000000080037c0                CAN2_SCE_IRQHandler
                0x00000000080037c0                DMA2_Stream2_IRQHandler
                0x00000000080037c0                SPI1_IRQHandler
                0x00000000080037c0                TIM6_DAC_IRQHandler
                0x00000000080037c0                TIM1_BRK_TIM9_IRQHandler
                0x00000000080037c0                DCMI_IRQHandler
                0x00000000080037c0                CAN2_RX0_IRQHandler
                0x00000000080037c0                DMA2_Stream3_IRQHandler
                0x00000000080037c0                SAI2_IRQHandler
                0x00000000080037c0                DFSDM1_FLT3_IRQHandler
                0x00000000080037c0                USART6_IRQHandler
                0x00000000080037c0                CAN3_RX0_IRQHandler
                0x00000000080037c0                USART3_IRQHandler
                0x00000000080037c0                CAN1_RX1_IRQHandler
                0x00000000080037c0                UART5_IRQHandler
                0x00000000080037c0                DMA2_Stream0_IRQHandler
                0x00000000080037c0                TIM4_IRQHandler
                0x00000000080037c0                QUADSPI_IRQHandler
                0x00000000080037c0                I2C1_EV_IRQHandler
                0x00000000080037c0                DMA1_Stream6_IRQHandler
                0x00000000080037c0                DMA1_Stream1_IRQHandler
                0x00000000080037c0                UART4_IRQHandler
                0x00000000080037c0                TIM3_IRQHandler
                0x00000000080037c0                RCC_IRQHandler
                0x00000000080037c0                TIM8_BRK_TIM12_IRQHandler
                0x00000000080037c0                Default_Handler
                0x00000000080037c0                CEC_IRQHandler
                0x00000000080037c0                ADC_IRQHandler
                0x00000000080037c0                DMA1_Stream7_IRQHandler
                0x00000000080037c0                TIM7_IRQHandler
                0x00000000080037c0                SDMMC1_IRQHandler
                0x00000000080037c0                CAN2_TX_IRQHandler
                0x00000000080037c0                TIM5_IRQHandler
                0x00000000080037c0                DMA2_Stream7_IRQHandler
                0x00000000080037c0                I2C3_EV_IRQHandler
                0x00000000080037c0                RTC_WKUP_IRQHandler
                0x00000000080037c0                LTDC_IRQHandler
                0x00000000080037c0                ETH_WKUP_IRQHandler
                0x00000000080037c0                SPDIF_RX_IRQHandler
                0x00000000080037c0                SPI2_IRQHandler
                0x00000000080037c0                OTG_HS_EP1_IN_IRQHandler
                0x00000000080037c0                MemManage_Handler
                0x00000000080037c0                DMA1_Stream0_IRQHandler
                0x00000000080037c0                CAN1_TX_IRQHandler
                0x00000000080037c0                SVC_Handler
                0x00000000080037c0                EXTI4_IRQHandler
                0x00000000080037c0                RNG_IRQHandler
                0x00000000080037c0                ETH_IRQHandler
                0x00000000080037c0                OTG_HS_EP1_OUT_IRQHandler
                0x00000000080037c0                WWDG_IRQHandler
                0x00000000080037c0                SPI6_IRQHandler
                0x00000000080037c0                MDIOS_IRQHandler
                0x00000000080037c0                I2C4_EV_IRQHandler
                0x00000000080037c0                CAN3_TX_IRQHandler
                0x00000000080037c0                OTG_FS_WKUP_IRQHandler
                0x00000000080037c0                TIM1_TRG_COM_TIM11_IRQHandler
                0x00000000080037c0                OTG_HS_IRQHandler
                0x00000000080037c0                DMA2D_IRQHandler
                0x00000000080037c0                EXTI1_IRQHandler
                0x00000000080037c0                SDMMC2_IRQHandler
                0x00000000080037c0                UART7_IRQHandler
                0x00000000080037c0                USART2_IRQHandler
                0x00000000080037c0                DFSDM1_FLT0_IRQHandler
                0x00000000080037c0                I2C2_ER_IRQHandler
                0x00000000080037c0                DMA2_Stream1_IRQHandler
                0x00000000080037c0                CAN1_SCE_IRQHandler
                0x00000000080037c0                FLASH_IRQHandler
                0x00000000080037c0                DMA2_Stream4_IRQHandler
                0x00000000080037c0                BusFault_Handler
                0x00000000080037c0                USART1_IRQHandler
                0x00000000080037c0                OTG_FS_IRQHandler
                0x00000000080037c0                SPI3_IRQHandler
                0x00000000080037c0                DMA1_Stream4_IRQHandler
                0x00000000080037c0                I2C1_ER_IRQHandler
                0x00000000080037c0                FMC_IRQHandler
                0x00000000080037c0                LPTIM1_IRQHandler
                0x00000000080037c0                I2C4_ER_IRQHandler
                0x00000000080037c0                DMA2_Stream6_IRQHandler
                0x00000000080037c0                SAI1_IRQHandler
                0x00000000080037c0                RTC_Alarm_IRQHandler
 *fill*         0x00000000080037c2        0x2 
 .text.__libc_init_array
                0x00000000080037c4       0x48 /Users/sydxrey/.p2/pool/plugins/fr.ac6.mcu.externaltools.arm-none.macos64_1.15.0.201708311556/tools/compiler/bin/../lib/gcc/arm-none-eabi/6.3.1/../../../../arm-none-eabi/lib/thumb/v7e-m/fpv5/hard/libc_nano.a(lib_a-init.o)
                0x00000000080037c4                __libc_init_array
 *(.glue_7)
 .glue_7        0x000000000800380c        0x0 linker stubs
 *(.glue_7t)
 .glue_7t       0x000000000800380c        0x0 linker stubs
 *(.eh_frame)
 .eh_frame      0x000000000800380c        0x0 /Users/sydxrey/.p2/pool/plugins/fr.ac6.mcu.externaltools.arm-none.macos64_1.15.0.201708311556/tools/compiler/bin/../lib/gcc/arm-none-eabi/6.3.1/thumb/v7e-m/fpv5/hard/crtbegin.o
 *(.init)
 .init          0x000000000800380c        0x4 /Users/sydxrey/.p2/pool/plugins/fr.ac6.mcu.externaltools.arm-none.macos64_1.15.0.201708311556/tools/compiler/bin/../lib/gcc/arm-none-eabi/6.3.1/thumb/v7e-m/fpv5/hard/crti.o
                0x000000000800380c                _init
 .init          0x0000000008003810        0x8 /Users/sydxrey/.p2/pool/plugins/fr.ac6.mcu.externaltools.arm-none.macos64_1.15.0.201708311556/tools/compiler/bin/../lib/gcc/arm-none-eabi/6.3.1/thumb/v7e-m/fpv5/hard/crtn.o
 *(.fini)
 .fini          0x0000000008003818        0x4 /Users/sydxrey/.p2/pool/plugins/fr.ac6.mcu.externaltools.arm-none.macos64_1.15.0.201708311556/tools/compiler/bin/../lib/gcc/arm-none-eabi/6.3.1/thumb/v7e-m/fpv5/hard/crti.o
                0x0000000008003818                _fini
 .fini          0x000000000800381c        0x8 /Users/sydxrey/.p2/pool/plugins/fr.ac6.mcu.externaltools.arm-none.macos64_1.15.0.201708311556/tools/compiler/bin/../lib/gcc/arm-none-eabi/6.3.1/thumb/v7e-m/fpv5/hard/crtn.o
                0x0000000008003824                . = ALIGN (0x4)
                0x0000000008003824                _etext = .

.vfp11_veneer   0x0000000008003824        0x0
 .vfp11_veneer  0x0000000008003824        0x0 linker stubs

.v4_bx          0x0000000008003824        0x0
 .v4_bx         0x0000000008003824        0x0 linker stubs

.iplt           0x0000000008003824        0x0
 .iplt          0x0000000008003824        0x0 /Users/sydxrey/.p2/pool/plugins/fr.ac6.mcu.externaltools.arm-none.macos64_1.15.0.201708311556/tools/compiler/bin/../lib/gcc/arm-none-eabi/6.3.1/thumb/v7e-m/fpv5/hard/crtbegin.o

.rodata         0x0000000008003824       0x28
                0x0000000008003824                . = ALIGN (0x4)
 *(.rodata)
 .rodata        0x0000000008003824       0x18 Src/system_stm32f7xx.o
                0x0000000008003824                AHBPrescTable
                0x0000000008003834                APBPrescTable
 *(.rodata*)
 .rodata.str1.4
                0x000000000800383c       0x10 Src/main.o
                                          0xe (size before relaxing)
                0x000000000800384c                . = ALIGN (0x4)

.rel.dyn        0x000000000800384c        0x0
 .rel.iplt      0x000000000800384c        0x0 /Users/sydxrey/.p2/pool/plugins/fr.ac6.mcu.externaltools.arm-none.macos64_1.15.0.201708311556/tools/compiler/bin/../lib/gcc/arm-none-eabi/6.3.1/thumb/v7e-m/fpv5/hard/crtbegin.o

.ARM.extab
 *(.ARM.extab* .gnu.linkonce.armextab.*)

.ARM            0x000000000800384c        0x0
                0x000000000800384c                __exidx_start = .
 *(.ARM.exidx*)
                0x000000000800384c                __exidx_end = .

.preinit_array  0x000000000800384c        0x0
                0x000000000800384c                PROVIDE (__preinit_array_start, .)
 *(.preinit_array*)
                0x000000000800384c                PROVIDE (__preinit_array_end, .)

.init_array     0x000000000800384c        0x4
                0x000000000800384c                PROVIDE (__init_array_start, .)
 *(SORT(.init_array.*))
 *(.init_array*)
 .init_array    0x000000000800384c        0x4 /Users/sydxrey/.p2/pool/plugins/fr.ac6.mcu.externaltools.arm-none.macos64_1.15.0.201708311556/tools/compiler/bin/../lib/gcc/arm-none-eabi/6.3.1/thumb/v7e-m/fpv5/hard/crtbegin.o
                0x0000000008003850                PROVIDE (__init_array_end, .)

.fini_array     0x0000000008003850        0x4
                [!provide]                        PROVIDE (__fini_array_start, .)
 *(SORT(.fini_array.*))
 *(.fini_array*)
 .fini_array    0x0000000008003850        0x4 /Users/sydxrey/.p2/pool/plugins/fr.ac6.mcu.externaltools.arm-none.macos64_1.15.0.201708311556/tools/compiler/bin/../lib/gcc/arm-none-eabi/6.3.1/thumb/v7e-m/fpv5/hard/crtbegin.o
                [!provide]                        PROVIDE (__fini_array_end, .)
                0x0000000008003854                _sidata = LOADADDR (.data)

.data           0x0000000020000000      0x8fc load address 0x0000000008003854
                0x0000000020000000                . = ALIGN (0x4)
                0x0000000020000000                _sdata = .
 *(.data)
 .data          0x0000000020000000      0x4e8 Src/dac_board.o
                0x0000000020000000                blueButtonFlag
                0x0000000020000004                demoMode
                0x0000000020000008                stateMachineVca
                0x0000000020000030                vcaAdsr
                0x0000000020000050                stateMachineVcf
                0x00000000200000a0                vcfAdsr
                0x00000000200000c0                globalParams
                0x00000000200000d0                midiNote
                0x00000000200000d8                demoNotes
                0x00000000200000e8                midiToVCO13700CV
                0x00000000200002e8                midiToVCO3340CV
 .data          0x00000000200004e8        0x4 Src/system_stm32f7xx.o
                0x00000000200004e8                SystemCoreClock
 *fill*         0x00000000200004ec        0x4 
 .data          0x00000000200004f0      0x40c Src/vco_calibration.o
                0x00000000200004f0                maxVcoCV
                0x00000000200004f8                midiToFreqArray
                0x00000000200008f8                calibrationVcoCyclesCount
 *(.data*)
                0x00000000200008fc                . = ALIGN (0x4)
                0x00000000200008fc                _edata = .

.jcr            0x00000000200008fc        0x0 load address 0x0000000008004150
 .jcr           0x00000000200008fc        0x0 /Users/sydxrey/.p2/pool/plugins/fr.ac6.mcu.externaltools.arm-none.macos64_1.15.0.201708311556/tools/compiler/bin/../lib/gcc/arm-none-eabi/6.3.1/thumb/v7e-m/fpv5/hard/crtbegin.o

.igot.plt       0x00000000200008fc        0x0 load address 0x0000000008004150
 .igot.plt      0x00000000200008fc        0x0 /Users/sydxrey/.p2/pool/plugins/fr.ac6.mcu.externaltools.arm-none.macos64_1.15.0.201708311556/tools/compiler/bin/../lib/gcc/arm-none-eabi/6.3.1/thumb/v7e-m/fpv5/hard/crtbegin.o
                0x00000000200008fc                . = ALIGN (0x4)

.bss            0x0000000020000900     0x8690 load address 0x0000000008004150
                0x0000000020000900                _sbss = .
                0x0000000020000900                __bss_start__ = _sbss
 *(.bss)
 .bss           0x0000000020000900       0x1c /Users/sydxrey/.p2/pool/plugins/fr.ac6.mcu.externaltools.arm-none.macos64_1.15.0.201708311556/tools/compiler/bin/../lib/gcc/arm-none-eabi/6.3.1/thumb/v7e-m/fpv5/hard/crtbegin.o
 *fill*         0x000000002000091c        0x4 
 .bss           0x0000000020000920       0x48 Src/dac_board.o
                0x0000000020000920                vco3340
                0x0000000020000930                vco13700
                0x0000000020000940                drumTriggers
                0x0000000020000954                demoCounter
                0x0000000020000958                demoNoteCounter
                0x000000002000095c                adsrInterruptCounter
                0x0000000020000960                testCounter
                0x0000000020000964                waveTableCounter
 .bss           0x0000000020000968     0x840c Src/vco_calibration.o
                0x0000000020000968                minVcoCV
                0x0000000020000970                voltageToFreq
                0x0000000020008970                calibrationCaptureValue
                0x0000000020008974                tmpmidiToVCO3340CV
                0x0000000020008b74                tmpmidiToVCO13700CV
 *(.bss*)
 *(COMMON)
 COMMON         0x0000000020008d74        0x4 Drivers/STM32F7xx_HAL_Driver/Src/stm32f7xx_hal.o
                0x0000000020008d74                uwTick
 COMMON         0x0000000020008d78       0x6c Src/dac_board.o
                0x0000000020008d78                rxSpiMidiBuff
                0x0000000020008d7c                txSpiDacsBuff
                0x0000000020008d80                waveTable
 COMMON         0x0000000020008de4      0x1a4 Src/main.o
                0x0000000020008de4                hspi5
                0x0000000020008e48                hi2c1
                0x0000000020008e94                hspiDacs
                0x0000000020008e98                hspi3
                0x0000000020008efc                hspiMidi
                0x0000000020008f00                htim1
                0x0000000020008f40                htimCalib
                0x0000000020008f44                htim2
                0x0000000020008f84                htimEnveloppes
 COMMON         0x0000000020008f88        0x5 Src/vco_calibration.o
                0x0000000020008f88                calibrationVcoCV
                0x0000000020008f8c                calibrationCurrentVco
                0x0000000020008f90                . = ALIGN (0x4)
 *fill*         0x0000000020008f8d        0x3 
                0x0000000020008f90                _ebss = .
                0x0000000020008f90                __bss_end__ = _ebss

._user_heap_stack
                0x0000000020008f90      0x600 load address 0x0000000008004150
                0x0000000020008f90                . = ALIGN (0x8)
                [!provide]                        PROVIDE (end, .)
                [!provide]                        PROVIDE (_end, .)
                0x0000000020009190                . = (. + _Min_Heap_Size)
 *fill*         0x0000000020008f90      0x200 
                0x0000000020009590                . = (. + _Min_Stack_Size)
 *fill*         0x0000000020009190      0x400 
                0x0000000020009590                . = ALIGN (0x8)

/DISCARD/
 libc.a(*)
 libm.a(*)
 libgcc.a(*)

.ARM.attributes
                0x0000000000000000       0x2e
 *(.ARM.attributes)
 .ARM.attributes
                0x0000000000000000       0x20 /Users/sydxrey/.p2/pool/plugins/fr.ac6.mcu.externaltools.arm-none.macos64_1.15.0.201708311556/tools/compiler/bin/../lib/gcc/arm-none-eabi/6.3.1/thumb/v7e-m/fpv5/hard/crti.o
 .ARM.attributes
                0x0000000000000020       0x32 /Users/sydxrey/.p2/pool/plugins/fr.ac6.mcu.externaltools.arm-none.macos64_1.15.0.201708311556/tools/compiler/bin/../lib/gcc/arm-none-eabi/6.3.1/thumb/v7e-m/fpv5/hard/crtbegin.o
 .ARM.attributes
                0x0000000000000052       0x37 Drivers/STM32F7xx_HAL_Driver/Src/stm32f7xx_hal.o
 .ARM.attributes
                0x0000000000000089       0x37 Drivers/STM32F7xx_HAL_Driver/Src/stm32f7xx_hal_cortex.o
 .ARM.attributes
                0x00000000000000c0       0x37 Drivers/STM32F7xx_HAL_Driver/Src/stm32f7xx_hal_dma.o
 .ARM.attributes
                0x00000000000000f7       0x37 Drivers/STM32F7xx_HAL_Driver/Src/stm32f7xx_hal_gpio.o
 .ARM.attributes
                0x000000000000012e       0x37 Drivers/STM32F7xx_HAL_Driver/Src/stm32f7xx_hal_i2c.o
 .ARM.attributes
                0x0000000000000165       0x37 Drivers/STM32F7xx_HAL_Driver/Src/stm32f7xx_hal_i2c_ex.o
 .ARM.attributes
                0x000000000000019c       0x37 Drivers/STM32F7xx_HAL_Driver/Src/stm32f7xx_hal_pwr_ex.o
 .ARM.attributes
                0x00000000000001d3       0x37 Drivers/STM32F7xx_HAL_Driver/Src/stm32f7xx_hal_rcc.o
 .ARM.attributes
                0x000000000000020a       0x37 Drivers/STM32F7xx_HAL_Driver/Src/stm32f7xx_hal_rcc_ex.o
 .ARM.attributes
                0x0000000000000241       0x37 Drivers/STM32F7xx_HAL_Driver/Src/stm32f7xx_hal_spi.o
 .ARM.attributes
                0x0000000000000278       0x37 Drivers/STM32F7xx_HAL_Driver/Src/stm32f7xx_hal_tim.o
 .ARM.attributes
                0x00000000000002af       0x37 Drivers/STM32F7xx_HAL_Driver/Src/stm32f7xx_hal_tim_ex.o
 .ARM.attributes
                0x00000000000002e6       0x37 Src/dac_board.o
 .ARM.attributes
                0x000000000000031d       0x37 Src/main.o
 .ARM.attributes
                0x0000000000000354       0x37 Src/stm32f7xx_hal_msp.o
 .ARM.attributes
                0x000000000000038b       0x37 Src/stm32f7xx_it.o
 .ARM.attributes
                0x00000000000003c2       0x37 Src/system_stm32f7xx.o
 .ARM.attributes
                0x00000000000003f9       0x37 Src/vco_calibration.o
 .ARM.attributes
                0x0000000000000430       0x21 startup/startup_stm32f767xx.o
 .ARM.attributes
                0x0000000000000451       0x32 /Users/sydxrey/.p2/pool/plugins/fr.ac6.mcu.externaltools.arm-none.macos64_1.15.0.201708311556/tools/compiler/bin/../lib/gcc/arm-none-eabi/6.3.1/../../../../arm-none-eabi/lib/thumb/v7e-m/fpv5/hard/libc_nano.a(lib_a-init.o)
 .ARM.attributes
                0x0000000000000483       0x20 /Users/sydxrey/.p2/pool/plugins/fr.ac6.mcu.externaltools.arm-none.macos64_1.15.0.201708311556/tools/compiler/bin/../lib/gcc/arm-none-eabi/6.3.1/thumb/v7e-m/fpv5/hard/crtn.o
OUTPUT(dac-board-F767ZI.elf elf32-littlearm)

.debug_info     0x0000000000000000    0x1edb8
 .debug_info    0x0000000000000000     0x1221 Drivers/STM32F7xx_HAL_Driver/Src/stm32f7xx_hal.o
 .debug_info    0x0000000000001221     0x19be Drivers/STM32F7xx_HAL_Driver/Src/stm32f7xx_hal_cortex.o
 .debug_info    0x0000000000002bdf     0x127e Drivers/STM32F7xx_HAL_Driver/Src/stm32f7xx_hal_dma.o
 .debug_info    0x0000000000003e5d      0xfcb Drivers/STM32F7xx_HAL_Driver/Src/stm32f7xx_hal_gpio.o
 .debug_info    0x0000000000004e28     0x39f4 Drivers/STM32F7xx_HAL_Driver/Src/stm32f7xx_hal_i2c.o
 .debug_info    0x000000000000881c     0x11d2 Drivers/STM32F7xx_HAL_Driver/Src/stm32f7xx_hal_i2c_ex.o
 .debug_info    0x00000000000099ee     0x1250 Drivers/STM32F7xx_HAL_Driver/Src/stm32f7xx_hal_pwr_ex.o
 .debug_info    0x000000000000ac3e     0x12c6 Drivers/STM32F7xx_HAL_Driver/Src/stm32f7xx_hal_rcc.o
 .debug_info    0x000000000000bf04      0xf5e Drivers/STM32F7xx_HAL_Driver/Src/stm32f7xx_hal_rcc_ex.o
 .debug_info    0x000000000000ce62     0x261b Drivers/STM32F7xx_HAL_Driver/Src/stm32f7xx_hal_spi.o
 .debug_info    0x000000000000f47d     0x3722 Drivers/STM32F7xx_HAL_Driver/Src/stm32f7xx_hal_tim.o
 .debug_info    0x0000000000012b9f     0x1fbd Drivers/STM32F7xx_HAL_Driver/Src/stm32f7xx_hal_tim_ex.o
 .debug_info    0x0000000000014b5c     0x2608 Src/dac_board.o
 .debug_info    0x0000000000017164     0x2992 Src/main.o
 .debug_info    0x0000000000019af6     0x1e00 Src/stm32f7xx_hal_msp.o
 .debug_info    0x000000000001b8f6     0x1211 Src/stm32f7xx_it.o
 .debug_info    0x000000000001cb07      0xf19 Src/system_stm32f7xx.o
 .debug_info    0x000000000001da20     0x1325 Src/vco_calibration.o
 .debug_info    0x000000000001ed45       0x73 startup/startup_stm32f767xx.o

.debug_abbrev   0x0000000000000000     0x32a3
 .debug_abbrev  0x0000000000000000      0x2c7 Drivers/STM32F7xx_HAL_Driver/Src/stm32f7xx_hal.o
 .debug_abbrev  0x00000000000002c7      0x3d4 Drivers/STM32F7xx_HAL_Driver/Src/stm32f7xx_hal_cortex.o
 .debug_abbrev  0x000000000000069b      0x328 Drivers/STM32F7xx_HAL_Driver/Src/stm32f7xx_hal_dma.o
 .debug_abbrev  0x00000000000009c3      0x2a5 Drivers/STM32F7xx_HAL_Driver/Src/stm32f7xx_hal_gpio.o
 .debug_abbrev  0x0000000000000c68      0x2ee Drivers/STM32F7xx_HAL_Driver/Src/stm32f7xx_hal_i2c.o
 .debug_abbrev  0x0000000000000f56      0x246 Drivers/STM32F7xx_HAL_Driver/Src/stm32f7xx_hal_i2c_ex.o
 .debug_abbrev  0x000000000000119c      0x2d9 Drivers/STM32F7xx_HAL_Driver/Src/stm32f7xx_hal_pwr_ex.o
 .debug_abbrev  0x0000000000001475      0x325 Drivers/STM32F7xx_HAL_Driver/Src/stm32f7xx_hal_rcc.o
 .debug_abbrev  0x000000000000179a      0x29c Drivers/STM32F7xx_HAL_Driver/Src/stm32f7xx_hal_rcc_ex.o
 .debug_abbrev  0x0000000000001a36      0x2f0 Drivers/STM32F7xx_HAL_Driver/Src/stm32f7xx_hal_spi.o
 .debug_abbrev  0x0000000000001d26      0x2dc Drivers/STM32F7xx_HAL_Driver/Src/stm32f7xx_hal_tim.o
 .debug_abbrev  0x0000000000002002      0x2dc Drivers/STM32F7xx_HAL_Driver/Src/stm32f7xx_hal_tim_ex.o
 .debug_abbrev  0x00000000000022de      0x2ef Src/dac_board.o
 .debug_abbrev  0x00000000000025cd      0x2da Src/main.o
 .debug_abbrev  0x00000000000028a7      0x299 Src/stm32f7xx_hal_msp.o
 .debug_abbrev  0x0000000000002b40      0x22d Src/stm32f7xx_it.o
 .debug_abbrev  0x0000000000002d6d      0x212 Src/system_stm32f7xx.o
 .debug_abbrev  0x0000000000002f7f      0x312 Src/vco_calibration.o
 .debug_abbrev  0x0000000000003291       0x12 startup/startup_stm32f767xx.o

.debug_loc      0x0000000000000000     0xd84e
 .debug_loc     0x0000000000000000       0x6a Drivers/STM32F7xx_HAL_Driver/Src/stm32f7xx_hal.o
 .debug_loc     0x000000000000006a      0x5c0 Drivers/STM32F7xx_HAL_Driver/Src/stm32f7xx_hal_cortex.o
 .debug_loc     0x000000000000062a      0xb75 Drivers/STM32F7xx_HAL_Driver/Src/stm32f7xx_hal_dma.o
 .debug_loc     0x000000000000119f      0x409 Drivers/STM32F7xx_HAL_Driver/Src/stm32f7xx_hal_gpio.o
 .debug_loc     0x00000000000015a8     0x394b Drivers/STM32F7xx_HAL_Driver/Src/stm32f7xx_hal_i2c.o
 .debug_loc     0x0000000000004ef3      0x176 Drivers/STM32F7xx_HAL_Driver/Src/stm32f7xx_hal_i2c_ex.o
 .debug_loc     0x0000000000005069      0x198 Drivers/STM32F7xx_HAL_Driver/Src/stm32f7xx_hal_pwr_ex.o
 .debug_loc     0x0000000000005201      0x437 Drivers/STM32F7xx_HAL_Driver/Src/stm32f7xx_hal_rcc.o
 .debug_loc     0x0000000000005638      0x579 Drivers/STM32F7xx_HAL_Driver/Src/stm32f7xx_hal_rcc_ex.o
 .debug_loc     0x0000000000005bb1     0x1ad7 Drivers/STM32F7xx_HAL_Driver/Src/stm32f7xx_hal_spi.o
 .debug_loc     0x0000000000007688     0x352a Drivers/STM32F7xx_HAL_Driver/Src/stm32f7xx_hal_tim.o
 .debug_loc     0x000000000000abb2     0x1b01 Drivers/STM32F7xx_HAL_Driver/Src/stm32f7xx_hal_tim_ex.o
 .debug_loc     0x000000000000c6b3      0xc91 Src/dac_board.o
 .debug_loc     0x000000000000d344      0x1a7 Src/stm32f7xx_hal_msp.o
 .debug_loc     0x000000000000d4eb      0x13e Src/system_stm32f7xx.o
 .debug_loc     0x000000000000d629      0x225 Src/vco_calibration.o

.debug_aranges  0x0000000000000000      0xf58
 .debug_aranges
                0x0000000000000000       0xf8 Drivers/STM32F7xx_HAL_Driver/Src/stm32f7xx_hal.o
 .debug_aranges
                0x00000000000000f8       0xa8 Drivers/STM32F7xx_HAL_Driver/Src/stm32f7xx_hal_cortex.o
 .debug_aranges
                0x00000000000001a0       0x90 Drivers/STM32F7xx_HAL_Driver/Src/stm32f7xx_hal_dma.o
 .debug_aranges
                0x0000000000000230       0x58 Drivers/STM32F7xx_HAL_Driver/Src/stm32f7xx_hal_gpio.o
 .debug_aranges
                0x0000000000000288      0x260 Drivers/STM32F7xx_HAL_Driver/Src/stm32f7xx_hal_i2c.o
 .debug_aranges
                0x00000000000004e8       0x38 Drivers/STM32F7xx_HAL_Driver/Src/stm32f7xx_hal_i2c_ex.o
 .debug_aranges
                0x0000000000000520       0x80 Drivers/STM32F7xx_HAL_Driver/Src/stm32f7xx_hal_pwr_ex.o
 .debug_aranges
                0x00000000000005a0       0x88 Drivers/STM32F7xx_HAL_Driver/Src/stm32f7xx_hal_rcc.o
 .debug_aranges
                0x0000000000000628       0x30 Drivers/STM32F7xx_HAL_Driver/Src/stm32f7xx_hal_rcc_ex.o
 .debug_aranges
                0x0000000000000658      0x1d8 Drivers/STM32F7xx_HAL_Driver/Src/stm32f7xx_hal_spi.o
 .debug_aranges
                0x0000000000000830      0x368 Drivers/STM32F7xx_HAL_Driver/Src/stm32f7xx_hal_tim.o
 .debug_aranges
                0x0000000000000b98      0x178 Drivers/STM32F7xx_HAL_Driver/Src/stm32f7xx_hal_tim_ex.o
 .debug_aranges
                0x0000000000000d10       0xb0 Src/dac_board.o
 .debug_aranges
                0x0000000000000dc0       0x60 Src/main.o
 .debug_aranges
                0x0000000000000e20       0x50 Src/stm32f7xx_hal_msp.o
 .debug_aranges
                0x0000000000000e70       0x48 Src/stm32f7xx_it.o
 .debug_aranges
                0x0000000000000eb8       0x28 Src/system_stm32f7xx.o
 .debug_aranges
                0x0000000000000ee0       0x50 Src/vco_calibration.o
 .debug_aranges
                0x0000000000000f30       0x28 startup/startup_stm32f767xx.o

.debug_ranges   0x0000000000000000      0xea8
 .debug_ranges  0x0000000000000000       0xe8 Drivers/STM32F7xx_HAL_Driver/Src/stm32f7xx_hal.o
 .debug_ranges  0x00000000000000e8       0xf8 Drivers/STM32F7xx_HAL_Driver/Src/stm32f7xx_hal_cortex.o
 .debug_ranges  0x00000000000001e0       0x80 Drivers/STM32F7xx_HAL_Driver/Src/stm32f7xx_hal_dma.o
 .debug_ranges  0x0000000000000260       0x48 Drivers/STM32F7xx_HAL_Driver/Src/stm32f7xx_hal_gpio.o
 .debug_ranges  0x00000000000002a8      0x250 Drivers/STM32F7xx_HAL_Driver/Src/stm32f7xx_hal_i2c.o
 .debug_ranges  0x00000000000004f8       0x28 Drivers/STM32F7xx_HAL_Driver/Src/stm32f7xx_hal_i2c_ex.o
 .debug_ranges  0x0000000000000520       0x70 Drivers/STM32F7xx_HAL_Driver/Src/stm32f7xx_hal_pwr_ex.o
 .debug_ranges  0x0000000000000590       0x78 Drivers/STM32F7xx_HAL_Driver/Src/stm32f7xx_hal_rcc.o
 .debug_ranges  0x0000000000000608       0x20 Drivers/STM32F7xx_HAL_Driver/Src/stm32f7xx_hal_rcc_ex.o
 .debug_ranges  0x0000000000000628      0x1c8 Drivers/STM32F7xx_HAL_Driver/Src/stm32f7xx_hal_spi.o
 .debug_ranges  0x00000000000007f0      0x358 Drivers/STM32F7xx_HAL_Driver/Src/stm32f7xx_hal_tim.o
 .debug_ranges  0x0000000000000b48      0x168 Drivers/STM32F7xx_HAL_Driver/Src/stm32f7xx_hal_tim_ex.o
 .debug_ranges  0x0000000000000cb0       0xa0 Src/dac_board.o
 .debug_ranges  0x0000000000000d50       0x50 Src/main.o
 .debug_ranges  0x0000000000000da0       0x40 Src/stm32f7xx_hal_msp.o
 .debug_ranges  0x0000000000000de0       0x38 Src/stm32f7xx_it.o
 .debug_ranges  0x0000000000000e18       0x18 Src/system_stm32f7xx.o
 .debug_ranges  0x0000000000000e30       0x58 Src/vco_calibration.o
 .debug_ranges  0x0000000000000e88       0x20 startup/startup_stm32f767xx.o

.debug_macro    0x0000000000000000    0x2861c
 .debug_macro   0x0000000000000000      0x34a Drivers/STM32F7xx_HAL_Driver/Src/stm32f7xx_hal.o
 .debug_macro   0x000000000000034a      0x8c8 Drivers/STM32F7xx_HAL_Driver/Src/stm32f7xx_hal.o
 .debug_macro   0x0000000000000c12      0x20f Drivers/STM32F7xx_HAL_Driver/Src/stm32f7xx_hal.o
 .debug_macro   0x0000000000000e21      0x17f Drivers/STM32F7xx_HAL_Driver/Src/stm32f7xx_hal.o
 .debug_macro   0x0000000000000fa0       0x2e Drivers/STM32F7xx_HAL_Driver/Src/stm32f7xx_hal.o
 .debug_macro   0x0000000000000fce       0x3b Drivers/STM32F7xx_HAL_Driver/Src/stm32f7xx_hal.o
 .debug_macro   0x0000000000001009       0x22 Drivers/STM32F7xx_HAL_Driver/Src/stm32f7xx_hal.o
 .debug_macro   0x000000000000102b       0x87 Drivers/STM32F7xx_HAL_Driver/Src/stm32f7xx_hal.o
 .debug_macro   0x00000000000010b2       0x51 Drivers/STM32F7xx_HAL_Driver/Src/stm32f7xx_hal.o
 .debug_macro   0x0000000000001103       0xef Drivers/STM32F7xx_HAL_Driver/Src/stm32f7xx_hal.o
 .debug_macro   0x00000000000011f2       0x6a Drivers/STM32F7xx_HAL_Driver/Src/stm32f7xx_hal.o
 .debug_macro   0x000000000000125c      0x1df Drivers/STM32F7xx_HAL_Driver/Src/stm32f7xx_hal.o
 .debug_macro   0x000000000000143b       0x35 Drivers/STM32F7xx_HAL_Driver/Src/stm32f7xx_hal.o
 .debug_macro   0x0000000000001470       0x50 Drivers/STM32F7xx_HAL_Driver/Src/stm32f7xx_hal.o
 .debug_macro   0x00000000000014c0     0x1114 Drivers/STM32F7xx_HAL_Driver/Src/stm32f7xx_hal.o
 .debug_macro   0x00000000000025d4    0x19f38 Drivers/STM32F7xx_HAL_Driver/Src/stm32f7xx_hal.o
 .debug_macro   0x000000000001c50c       0x43 Drivers/STM32F7xx_HAL_Driver/Src/stm32f7xx_hal.o
 .debug_macro   0x000000000001c54f     0x35c8 Drivers/STM32F7xx_HAL_Driver/Src/stm32f7xx_hal.o
 .debug_macro   0x000000000001fb17       0x58 Drivers/STM32F7xx_HAL_Driver/Src/stm32f7xx_hal.o
 .debug_macro   0x000000000001fb6f       0x35 Drivers/STM32F7xx_HAL_Driver/Src/stm32f7xx_hal.o
 .debug_macro   0x000000000001fba4       0x9c Drivers/STM32F7xx_HAL_Driver/Src/stm32f7xx_hal.o
 .debug_macro   0x000000000001fc40       0x16 Drivers/STM32F7xx_HAL_Driver/Src/stm32f7xx_hal.o
 .debug_macro   0x000000000001fc56       0x97 Drivers/STM32F7xx_HAL_Driver/Src/stm32f7xx_hal.o
 .debug_macro   0x000000000001fced      0x330 Drivers/STM32F7xx_HAL_Driver/Src/stm32f7xx_hal.o
 .debug_macro   0x000000000002001d       0xfd Drivers/STM32F7xx_HAL_Driver/Src/stm32f7xx_hal.o
 .debug_macro   0x000000000002011a       0x10 Drivers/STM32F7xx_HAL_Driver/Src/stm32f7xx_hal.o
 .debug_macro   0x000000000002012a       0x58 Drivers/STM32F7xx_HAL_Driver/Src/stm32f7xx_hal.o
 .debug_macro   0x0000000000020182       0x1f Drivers/STM32F7xx_HAL_Driver/Src/stm32f7xx_hal.o
 .debug_macro   0x00000000000201a1       0x43 Drivers/STM32F7xx_HAL_Driver/Src/stm32f7xx_hal.o
 .debug_macro   0x00000000000201e4       0x20 Drivers/STM32F7xx_HAL_Driver/Src/stm32f7xx_hal.o
 .debug_macro   0x0000000000020204      0x187 Drivers/STM32F7xx_HAL_Driver/Src/stm32f7xx_hal.o
 .debug_macro   0x000000000002038b       0x10 Drivers/STM32F7xx_HAL_Driver/Src/stm32f7xx_hal.o
 .debug_macro   0x000000000002039b       0x1c Drivers/STM32F7xx_HAL_Driver/Src/stm32f7xx_hal.o
 .debug_macro   0x00000000000203b7       0x52 Drivers/STM32F7xx_HAL_Driver/Src/stm32f7xx_hal.o
 .debug_macro   0x0000000000020409       0x40 Drivers/STM32F7xx_HAL_Driver/Src/stm32f7xx_hal.o
 .debug_macro   0x0000000000020449       0x10 Drivers/STM32F7xx_HAL_Driver/Src/stm32f7xx_hal.o
 .debug_macro   0x0000000000020459       0x40 Drivers/STM32F7xx_HAL_Driver/Src/stm32f7xx_hal.o
 .debug_macro   0x0000000000020499       0xd7 Drivers/STM32F7xx_HAL_Driver/Src/stm32f7xx_hal.o
 .debug_macro   0x0000000000020570       0x16 Drivers/STM32F7xx_HAL_Driver/Src/stm32f7xx_hal.o
 .debug_macro   0x0000000000020586      0x18b Drivers/STM32F7xx_HAL_Driver/Src/stm32f7xx_hal.o
 .debug_macro   0x0000000000020711       0x50 Drivers/STM32F7xx_HAL_Driver/Src/stm32f7xx_hal.o
 .debug_macro   0x0000000000020761     0x1add Drivers/STM32F7xx_HAL_Driver/Src/stm32f7xx_hal.o
 .debug_macro   0x000000000002223e      0x6a0 Drivers/STM32F7xx_HAL_Driver/Src/stm32f7xx_hal.o
 .debug_macro   0x00000000000228de      0x11e Drivers/STM32F7xx_HAL_Driver/Src/stm32f7xx_hal.o
 .debug_macro   0x00000000000229fc      0x277 Drivers/STM32F7xx_HAL_Driver/Src/stm32f7xx_hal.o
 .debug_macro   0x0000000000022c73       0x27 Drivers/STM32F7xx_HAL_Driver/Src/stm32f7xx_hal.o
 .debug_macro   0x0000000000022c9a      0x24f Drivers/STM32F7xx_HAL_Driver/Src/stm32f7xx_hal.o
 .debug_macro   0x0000000000022ee9       0x71 Drivers/STM32F7xx_HAL_Driver/Src/stm32f7xx_hal.o
 .debug_macro   0x0000000000022f5a       0x58 Drivers/STM32F7xx_HAL_Driver/Src/stm32f7xx_hal.o
 .debug_macro   0x0000000000022fb2      0x23a Drivers/STM32F7xx_HAL_Driver/Src/stm32f7xx_hal.o
 .debug_macro   0x00000000000231ec      0x156 Drivers/STM32F7xx_HAL_Driver/Src/stm32f7xx_hal.o
 .debug_macro   0x0000000000023342      0x3de Drivers/STM32F7xx_HAL_Driver/Src/stm32f7xx_hal.o
 .debug_macro   0x0000000000023720       0x12 Drivers/STM32F7xx_HAL_Driver/Src/stm32f7xx_hal.o
 .debug_macro   0x0000000000023732      0x202 Drivers/STM32F7xx_HAL_Driver/Src/stm32f7xx_hal.o
 .debug_macro   0x0000000000023934       0x61 Drivers/STM32F7xx_HAL_Driver/Src/stm32f7xx_hal.o
 .debug_macro   0x0000000000023995       0x90 Drivers/STM32F7xx_HAL_Driver/Src/stm32f7xx_hal.o
 .debug_macro   0x0000000000023a25      0x132 Drivers/STM32F7xx_HAL_Driver/Src/stm32f7xx_hal.o
 .debug_macro   0x0000000000023b57      0x10c Drivers/STM32F7xx_HAL_Driver/Src/stm32f7xx_hal.o
 .debug_macro   0x0000000000023c63       0x35 Drivers/STM32F7xx_HAL_Driver/Src/stm32f7xx_hal.o
 .debug_macro   0x0000000000023c98      0x2e2 Drivers/STM32F7xx_HAL_Driver/Src/stm32f7xx_hal.o
 .debug_macro   0x0000000000023f7a      0x685 Drivers/STM32F7xx_HAL_Driver/Src/stm32f7xx_hal.o
 .debug_macro   0x00000000000245ff      0x2aa Drivers/STM32F7xx_HAL_Driver/Src/stm32f7xx_hal.o
 .debug_macro   0x00000000000248a9      0x13f Drivers/STM32F7xx_HAL_Driver/Src/stm32f7xx_hal.o
 .debug_macro   0x00000000000249e8      0x156 Drivers/STM32F7xx_HAL_Driver/Src/stm32f7xx_hal.o
 .debug_macro   0x0000000000024b3e      0x326 Drivers/STM32F7xx_HAL_Driver/Src/stm32f7xx_hal_cortex.o
 .debug_macro   0x0000000000024e64      0x32d Drivers/STM32F7xx_HAL_Driver/Src/stm32f7xx_hal_dma.o
 .debug_macro   0x0000000000025191      0x35e Drivers/STM32F7xx_HAL_Driver/Src/stm32f7xx_hal_gpio.o
 .debug_macro   0x00000000000254ef      0x3f2 Drivers/STM32F7xx_HAL_Driver/Src/stm32f7xx_hal_i2c.o
 .debug_macro   0x00000000000258e1      0x326 Drivers/STM32F7xx_HAL_Driver/Src/stm32f7xx_hal_i2c_ex.o
 .debug_macro   0x0000000000025c07      0x33e Drivers/STM32F7xx_HAL_Driver/Src/stm32f7xx_hal_pwr_ex.o
 .debug_macro   0x0000000000025f45      0x34a Drivers/STM32F7xx_HAL_Driver/Src/stm32f7xx_hal_rcc.o
 .debug_macro   0x000000000002628f      0x332 Drivers/STM32F7xx_HAL_Driver/Src/stm32f7xx_hal_rcc_ex.o
 .debug_macro   0x00000000000265c1      0x32e Drivers/STM32F7xx_HAL_Driver/Src/stm32f7xx_hal_spi.o
 .debug_macro   0x00000000000268ef      0x326 Drivers/STM32F7xx_HAL_Driver/Src/stm32f7xx_hal_tim.o
 .debug_macro   0x0000000000026c15      0x332 Drivers/STM32F7xx_HAL_Driver/Src/stm32f7xx_hal_tim_ex.o
 .debug_macro   0x0000000000026f47      0x369 Src/dac_board.o
 .debug_macro   0x00000000000272b0       0x5e Src/dac_board.o
 .debug_macro   0x000000000002730e      0x1e1 Src/dac_board.o
 .debug_macro   0x00000000000274ef       0x22 Src/dac_board.o
 .debug_macro   0x0000000000027511       0xb1 Src/dac_board.o
 .debug_macro   0x00000000000275c2       0x52 Src/dac_board.o
 .debug_macro   0x0000000000027614      0x34e Src/main.o
 .debug_macro   0x0000000000027962      0x326 Src/stm32f7xx_hal_msp.o
 .debug_macro   0x0000000000027c88      0x330 Src/stm32f7xx_it.o
 .debug_macro   0x0000000000027fb8      0x32c Src/system_stm32f7xx.o
 .debug_macro   0x00000000000282e4      0x338 Src/vco_calibration.o

.debug_line     0x0000000000000000     0xd512
 .debug_line    0x0000000000000000      0x9be Drivers/STM32F7xx_HAL_Driver/Src/stm32f7xx_hal.o
 .debug_line    0x00000000000009be      0x9df Drivers/STM32F7xx_HAL_Driver/Src/stm32f7xx_hal_cortex.o
 .debug_line    0x000000000000139d      0xae8 Drivers/STM32F7xx_HAL_Driver/Src/stm32f7xx_hal_dma.o
 .debug_line    0x0000000000001e85      0x957 Drivers/STM32F7xx_HAL_Driver/Src/stm32f7xx_hal_gpio.o
 .debug_line    0x00000000000027dc     0x18fa Drivers/STM32F7xx_HAL_Driver/Src/stm32f7xx_hal_i2c.o
 .debug_line    0x00000000000040d6      0x899 Drivers/STM32F7xx_HAL_Driver/Src/stm32f7xx_hal_i2c_ex.o
 .debug_line    0x000000000000496f      0x910 Drivers/STM32F7xx_HAL_Driver/Src/stm32f7xx_hal_pwr_ex.o
 .debug_line    0x000000000000527f      0xa47 Drivers/STM32F7xx_HAL_Driver/Src/stm32f7xx_hal_rcc.o
 .debug_line    0x0000000000005cc6      0x999 Drivers/STM32F7xx_HAL_Driver/Src/stm32f7xx_hal_rcc_ex.o
 .debug_line    0x000000000000665f     0x124c Drivers/STM32F7xx_HAL_Driver/Src/stm32f7xx_hal_spi.o
 .debug_line    0x00000000000078ab     0x1762 Drivers/STM32F7xx_HAL_Driver/Src/stm32f7xx_hal_tim.o
 .debug_line    0x000000000000900d      0xf08 Drivers/STM32F7xx_HAL_Driver/Src/stm32f7xx_hal_tim_ex.o
 .debug_line    0x0000000000009f15      0xa98 Src/dac_board.o
 .debug_line    0x000000000000a9ad      0x978 Src/main.o
 .debug_line    0x000000000000b325      0x88f Src/stm32f7xx_hal_msp.o
 .debug_line    0x000000000000bbb4      0x824 Src/stm32f7xx_it.o
 .debug_line    0x000000000000c3d8      0x7f2 Src/system_stm32f7xx.o
 .debug_line    0x000000000000cbca      0x8c9 Src/vco_calibration.o
 .debug_line    0x000000000000d493       0x7f startup/startup_stm32f767xx.o

.debug_str      0x0000000000000000    0xf076e
 .debug_str     0x0000000000000000    0xead06 Drivers/STM32F7xx_HAL_Driver/Src/stm32f7xx_hal.o
                                      0xeb107 (size before relaxing)
 .debug_str     0x00000000000ead06      0x466 Drivers/STM32F7xx_HAL_Driver/Src/stm32f7xx_hal_cortex.o
                                      0xeb165 (size before relaxing)
 .debug_str     0x00000000000eb16c      0x537 Drivers/STM32F7xx_HAL_Driver/Src/stm32f7xx_hal_dma.o
                                      0xeaac6 (size before relaxing)
 .debug_str     0x00000000000eb6a3      0x2cf Drivers/STM32F7xx_HAL_Driver/Src/stm32f7xx_hal_gpio.o
                                      0xea956 (size before relaxing)
 .debug_str     0x00000000000eb972      0xfae Drivers/STM32F7xx_HAL_Driver/Src/stm32f7xx_hal_i2c.o
                                      0xeb7ef (size before relaxing)
 .debug_str     0x00000000000ec920       0x89 Drivers/STM32F7xx_HAL_Driver/Src/stm32f7xx_hal_i2c_ex.o
                                      0xeac3d (size before relaxing)
 .debug_str     0x00000000000ec9a9      0x1f3 Drivers/STM32F7xx_HAL_Driver/Src/stm32f7xx_hal_pwr_ex.o
                                      0xeaa12 (size before relaxing)
 .debug_str     0x00000000000ecb9c      0x38d Drivers/STM32F7xx_HAL_Driver/Src/stm32f7xx_hal_rcc.o
                                      0xeaabc (size before relaxing)
 .debug_str     0x00000000000ecf29      0x38d Drivers/STM32F7xx_HAL_Driver/Src/stm32f7xx_hal_rcc_ex.o
                                      0xeaa33 (size before relaxing)
 .debug_str     0x00000000000ed2b6      0x712 Drivers/STM32F7xx_HAL_Driver/Src/stm32f7xx_hal_spi.o
                                      0xeaf2b (size before relaxing)
 .debug_str     0x00000000000ed9c8      0xe94 Drivers/STM32F7xx_HAL_Driver/Src/stm32f7xx_hal_tim.o
                                      0xeb703 (size before relaxing)
 .debug_str     0x00000000000ee85c      0x646 Drivers/STM32F7xx_HAL_Driver/Src/stm32f7xx_hal_tim_ex.o
                                      0xeb272 (size before relaxing)
 .debug_str     0x00000000000eeea2     0x1549 Src/dac_board.o
                                      0xec1f6 (size before relaxing)
 .debug_str     0x00000000000f03eb       0xd2 Src/main.o
                                      0xec302 (size before relaxing)
 .debug_str     0x00000000000f04bd       0x25 Src/stm32f7xx_hal_msp.o
                                      0xeb6c2 (size before relaxing)
 .debug_str     0x00000000000f04e2       0x99 Src/stm32f7xx_it.o
                                      0xeac21 (size before relaxing)
 .debug_str     0x00000000000f057b       0x5a Src/system_stm32f7xx.o
                                      0xea77b (size before relaxing)
 .debug_str     0x00000000000f05d5      0x199 Src/vco_calibration.o
                                      0xeb018 (size before relaxing)

.comment        0x0000000000000000       0x7f
 .comment       0x0000000000000000       0x7f Drivers/STM32F7xx_HAL_Driver/Src/stm32f7xx_hal.o
                                         0x80 (size before relaxing)
 .comment       0x000000000000007f       0x80 Drivers/STM32F7xx_HAL_Driver/Src/stm32f7xx_hal_cortex.o
 .comment       0x000000000000007f       0x80 Drivers/STM32F7xx_HAL_Driver/Src/stm32f7xx_hal_dma.o
 .comment       0x000000000000007f       0x80 Drivers/STM32F7xx_HAL_Driver/Src/stm32f7xx_hal_gpio.o
 .comment       0x000000000000007f       0x80 Drivers/STM32F7xx_HAL_Driver/Src/stm32f7xx_hal_i2c.o
 .comment       0x000000000000007f       0x80 Drivers/STM32F7xx_HAL_Driver/Src/stm32f7xx_hal_i2c_ex.o
 .comment       0x000000000000007f       0x80 Drivers/STM32F7xx_HAL_Driver/Src/stm32f7xx_hal_pwr_ex.o
 .comment       0x000000000000007f       0x80 Drivers/STM32F7xx_HAL_Driver/Src/stm32f7xx_hal_rcc.o
 .comment       0x000000000000007f       0x80 Drivers/STM32F7xx_HAL_Driver/Src/stm32f7xx_hal_rcc_ex.o
 .comment       0x000000000000007f       0x80 Drivers/STM32F7xx_HAL_Driver/Src/stm32f7xx_hal_spi.o
 .comment       0x000000000000007f       0x80 Drivers/STM32F7xx_HAL_Driver/Src/stm32f7xx_hal_tim.o
 .comment       0x000000000000007f       0x80 Drivers/STM32F7xx_HAL_Driver/Src/stm32f7xx_hal_tim_ex.o
 .comment       0x000000000000007f       0x80 Src/dac_board.o
 .comment       0x000000000000007f       0x80 Src/main.o
 .comment       0x000000000000007f       0x80 Src/stm32f7xx_hal_msp.o
 .comment       0x000000000000007f       0x80 Src/stm32f7xx_it.o
 .comment       0x000000000000007f       0x80 Src/system_stm32f7xx.o
 .comment       0x000000000000007f       0x80 Src/vco_calibration.o

.debug_frame    0x0000000000000000     0x2ad0
 .debug_frame   0x0000000000000000      0x1f8 Drivers/STM32F7xx_HAL_Driver/Src/stm32f7xx_hal.o
 .debug_frame   0x00000000000001f8      0x15c Drivers/STM32F7xx_HAL_Driver/Src/stm32f7xx_hal_cortex.o
 .debug_frame   0x0000000000000354      0x17c Drivers/STM32F7xx_HAL_Driver/Src/stm32f7xx_hal_dma.o
 .debug_frame   0x00000000000004d0       0xd0 Drivers/STM32F7xx_HAL_Driver/Src/stm32f7xx_hal_gpio.o
 .debug_frame   0x00000000000005a0      0x824 Drivers/STM32F7xx_HAL_Driver/Src/stm32f7xx_hal_i2c.o
 .debug_frame   0x0000000000000dc4       0x60 Drivers/STM32F7xx_HAL_Driver/Src/stm32f7xx_hal_i2c_ex.o
 .debug_frame   0x0000000000000e24      0x134 Drivers/STM32F7xx_HAL_Driver/Src/stm32f7xx_hal_pwr_ex.o
 .debug_frame   0x0000000000000f58      0x164 Drivers/STM32F7xx_HAL_Driver/Src/stm32f7xx_hal_rcc.o
 .debug_frame   0x00000000000010bc       0x64 Drivers/STM32F7xx_HAL_Driver/Src/stm32f7xx_hal_rcc_ex.o
 .debug_frame   0x0000000000001120      0x5b4 Drivers/STM32F7xx_HAL_Driver/Src/stm32f7xx_hal_spi.o
 .debug_frame   0x00000000000016d4      0x9f8 Drivers/STM32F7xx_HAL_Driver/Src/stm32f7xx_hal_tim.o
 .debug_frame   0x00000000000020cc      0x478 Drivers/STM32F7xx_HAL_Driver/Src/stm32f7xx_hal_tim_ex.o
 .debug_frame   0x0000000000002544      0x200 Src/dac_board.o
 .debug_frame   0x0000000000002744      0x110 Src/main.o
 .debug_frame   0x0000000000002854       0xd0 Src/stm32f7xx_hal_msp.o
 .debug_frame   0x0000000000002924       0xa0 Src/stm32f7xx_it.o
 .debug_frame   0x00000000000029c4       0x3c Src/system_stm32f7xx.o
 .debug_frame   0x0000000000002a00       0xa4 Src/vco_calibration.o
 .debug_frame   0x0000000000002aa4       0x2c /Users/sydxrey/.p2/pool/plugins/fr.ac6.mcu.externaltools.arm-none.macos64_1.15.0.201708311556/tools/compiler/bin/../lib/gcc/arm-none-eabi/6.3.1/../../../../arm-none-eabi/lib/thumb/v7e-m/fpv5/hard/libc_nano.a(lib_a-init.o)
