ad5391.c:95:6:init_Dac_Board	8	static
ad5391.c:116:13:ad5391_Init_Dac	8	static
ad5391.c:137:13:ad5391_Init_Dma	4	static
ad5391.c:165:13:ad5391_Transmit_Dma	4	static
ad5391.c:178:13:ad5391_Reset_Board	8	static
ad5391.c:197:13:ad5391_Write_Dma	16	static
ad5391.c:237:6:ad5391_TIM_IRQ	8	static
ad5391.c:254:6:test_AD5391_Spi_Transmit	8	static
ad5391.c:268:6:test_AD5391_Spi_Transmit_DMA	8	static
ad5391.c:277:6:test_AD5391_Spi_Transmit_DMA_ManualConfig	8	static
ad5391.c:289:6:test_AD5391_Dac	24	static
ad5391.c:310:6:test_AD5391_Dac_With_Tim	16	static
ad5391.c:381:6:test_MCP23017	24	static
ad5391.c:431:6:mcp23017_write_gpioA_dma	4	static
ad5391.c:447:6:mcp23017_write_gpioB_dma	4	static
ad5391.c:467:19:mcp23017_write	32	static
