stlink_dma.c:40:6:stlink_dma_init	8	static
stlink_dma.c:73:6:stlink_dma_send_string	24	static
stlink_dma.c:86:6:stlink_dma_transmit	16	static
stlink_dma.c:124:6:stlink_dma_irq_handler	16	static
stlink_dma.c:163:5:stlink_dma_buff_skip	24	static
stlink_dma.c:176:5:stlink_dma_buff_get_readable_size	24	static
stlink_dma.c:199:10:stlink_dma_buff_get_linear_block_read_address	4	static
stlink_dma.c:209:8:stlink_dma_buff_get_linear_block_read_length	24	static
stlink_dma.c:233:8:stlink_dma_buff_write	24	static
stlink_dma.c:264:5:__io_putchar	16	static
stlink_dma.c:286:8:stlink_dma_buff_get_writable_size	24	static
stlink_dma.c:309:6:stlink_dma_test	16	static
