stm32l4xx_it.c:81:6:NMI_Handler	4	static
stm32l4xx_it.c:94:6:HardFault_Handler	4	static
stm32l4xx_it.c:109:6:MemManage_Handler	4	static
stm32l4xx_it.c:124:6:BusFault_Handler	4	static
stm32l4xx_it.c:139:6:UsageFault_Handler	4	static
stm32l4xx_it.c:154:6:SVC_Handler	4	static
stm32l4xx_it.c:167:6:DebugMon_Handler	4	static
stm32l4xx_it.c:180:6:PendSV_Handler	4	static
stm32l4xx_it.c:193:6:SysTick_Handler	8	static
stm32l4xx_it.c:214:6:DMA1_Channel2_IRQHandler	4	static
stm32l4xx_it.c:232:6:DMA1_Channel3_IRQHandler	4	static
stm32l4xx_it.c:247:6:DMA1_Channel7_IRQHandler	8	static
stm32l4xx_it.c:262:6:EXTI9_5_IRQHandler	8	static
stm32l4xx_it.c:278:6:TIM2_IRQHandler	8	static
stm32l4xx_it.c:293:6:EXTI15_10_IRQHandler	8	static
