stm32l4xx_hal_rcc_ex.c:196:19:HAL_RCCEx_PeriphCLKConfig	32	static
stm32l4xx_hal_rcc_ex.c:826:6:HAL_RCCEx_GetPeriphCLKConfig	16	static
stm32l4xx_hal_rcc_ex.c:1152:10:HAL_RCCEx_GetPeriphCLKFreq	40	static
stm32l4xx_hal_rcc_ex.c:2056:19:HAL_RCCEx_EnablePLLSAI1	24	static
stm32l4xx_hal_rcc_ex.c:2124:19:HAL_RCCEx_DisablePLLSAI1	16	static
stm32l4xx_hal_rcc_ex.c:2301:6:HAL_RCCEx_WakeUpStopCLKConfig	16	static
stm32l4xx_hal_rcc_ex.c:2319:6:HAL_RCCEx_StandbyMSIRangeConfig	16	static
stm32l4xx_hal_rcc_ex.c:2333:6:HAL_RCCEx_EnableLSECSS	4	static
stm32l4xx_hal_rcc_ex.c:2343:6:HAL_RCCEx_DisableLSECSS	4	static
stm32l4xx_hal_rcc_ex.c:2356:6:HAL_RCCEx_EnableLSECSS_IT	4	static
stm32l4xx_hal_rcc_ex.c:2373:6:HAL_RCCEx_LSECSS_IRQHandler	8	static
stm32l4xx_hal_rcc_ex.c:2390:13:HAL_RCCEx_LSECSS_Callback	4	static
stm32l4xx_hal_rcc_ex.c:2405:6:HAL_RCCEx_EnableLSCO	48	static
stm32l4xx_hal_rcc_ex.c:2452:6:HAL_RCCEx_DisableLSCO	16	static
stm32l4xx_hal_rcc_ex.c:2490:6:HAL_RCCEx_EnableMSIPLLMode	4	static
stm32l4xx_hal_rcc_ex.c:2500:6:HAL_RCCEx_DisableMSIPLLMode	4	static
stm32l4xx_hal_rcc_ex.c:2580:6:HAL_RCCEx_CRSConfig	24	static
stm32l4xx_hal_rcc_ex.c:2623:6:HAL_RCCEx_CRSSoftwareSynchronizationGenerate	4	static
stm32l4xx_hal_rcc_ex.c:2633:6:HAL_RCCEx_CRSGetSynchronizationInfo	16	static
stm32l4xx_hal_rcc_ex.c:2666:10:HAL_RCCEx_CRSWaitSynchronization	24	static
stm32l4xx_hal_rcc_ex.c:2749:6:HAL_RCCEx_CRS_IRQHandler	24	static
stm32l4xx_hal_rcc_ex.c:2814:13:HAL_RCCEx_CRS_SyncOkCallback	4	static
stm32l4xx_hal_rcc_ex.c:2825:13:HAL_RCCEx_CRS_SyncWarnCallback	4	static
stm32l4xx_hal_rcc_ex.c:2836:13:HAL_RCCEx_CRS_ExpectedSyncCallback	4	static
stm32l4xx_hal_rcc_ex.c:2852:13:HAL_RCCEx_CRS_ErrorCallback	16	static
stm32l4xx_hal_rcc_ex.c:2888:26:RCCEx_PLLSAI1_Config	24	static
stm32l4xx_hal_rcc_ex.c:3290:17:RCCEx_GetSAIxPeriphCLKFreq	40	static
