Archive member included to satisfy reference by file (symbol)

/Applications/STMicroelectronics/STM32CubeIDE.app/Contents/Eclipse/plugins/com.st.stm32cube.ide.mcu.externaltools.gnu-tools-for-stm32.7-2018-q2-update.macos64_1.0.0.201904181610/tools/bin/../lib/gcc/arm-none-eabi/7.3.1/../../../../arm-none-eabi/lib/thumb/v7e-m/fpv4-sp/hard/libc_nano.a(lib_a-errno.o)
                              Core/Src/syscalls.o (__errno)
/Applications/STMicroelectronics/STM32CubeIDE.app/Contents/Eclipse/plugins/com.st.stm32cube.ide.mcu.externaltools.gnu-tools-for-stm32.7-2018-q2-update.macos64_1.0.0.201904181610/tools/bin/../lib/gcc/arm-none-eabi/7.3.1/../../../../arm-none-eabi/lib/thumb/v7e-m/fpv4-sp/hard/libc_nano.a(lib_a-exit.o)
                              /Applications/STMicroelectronics/STM32CubeIDE.app/Contents/Eclipse/plugins/com.st.stm32cube.ide.mcu.externaltools.gnu-tools-for-stm32.7-2018-q2-update.macos64_1.0.0.201904181610/tools/bin/../lib/gcc/arm-none-eabi/7.3.1/../../../../arm-none-eabi/lib/thumb/v7e-m/fpv4-sp/hard/crt0.o (exit)
/Applications/STMicroelectronics/STM32CubeIDE.app/Contents/Eclipse/plugins/com.st.stm32cube.ide.mcu.externaltools.gnu-tools-for-stm32.7-2018-q2-update.macos64_1.0.0.201904181610/tools/bin/../lib/gcc/arm-none-eabi/7.3.1/../../../../arm-none-eabi/lib/thumb/v7e-m/fpv4-sp/hard/libc_nano.a(lib_a-impure.o)
                              /Applications/STMicroelectronics/STM32CubeIDE.app/Contents/Eclipse/plugins/com.st.stm32cube.ide.mcu.externaltools.gnu-tools-for-stm32.7-2018-q2-update.macos64_1.0.0.201904181610/tools/bin/../lib/gcc/arm-none-eabi/7.3.1/../../../../arm-none-eabi/lib/thumb/v7e-m/fpv4-sp/hard/libc_nano.a(lib_a-exit.o) (_global_impure_ptr)
/Applications/STMicroelectronics/STM32CubeIDE.app/Contents/Eclipse/plugins/com.st.stm32cube.ide.mcu.externaltools.gnu-tools-for-stm32.7-2018-q2-update.macos64_1.0.0.201904181610/tools/bin/../lib/gcc/arm-none-eabi/7.3.1/../../../../arm-none-eabi/lib/thumb/v7e-m/fpv4-sp/hard/libc_nano.a(lib_a-init.o)
                              /Applications/STMicroelectronics/STM32CubeIDE.app/Contents/Eclipse/plugins/com.st.stm32cube.ide.mcu.externaltools.gnu-tools-for-stm32.7-2018-q2-update.macos64_1.0.0.201904181610/tools/bin/../lib/gcc/arm-none-eabi/7.3.1/../../../../arm-none-eabi/lib/thumb/v7e-m/fpv4-sp/hard/crt0.o (__libc_init_array)
/Applications/STMicroelectronics/STM32CubeIDE.app/Contents/Eclipse/plugins/com.st.stm32cube.ide.mcu.externaltools.gnu-tools-for-stm32.7-2018-q2-update.macos64_1.0.0.201904181610/tools/bin/../lib/gcc/arm-none-eabi/7.3.1/../../../../arm-none-eabi/lib/thumb/v7e-m/fpv4-sp/hard/libc_nano.a(lib_a-memcpy-stub.o)
                              Core/Src/stlink_dma.o (memcpy)
/Applications/STMicroelectronics/STM32CubeIDE.app/Contents/Eclipse/plugins/com.st.stm32cube.ide.mcu.externaltools.gnu-tools-for-stm32.7-2018-q2-update.macos64_1.0.0.201904181610/tools/bin/../lib/gcc/arm-none-eabi/7.3.1/../../../../arm-none-eabi/lib/thumb/v7e-m/fpv4-sp/hard/libc_nano.a(lib_a-memset.o)
                              /Applications/STMicroelectronics/STM32CubeIDE.app/Contents/Eclipse/plugins/com.st.stm32cube.ide.mcu.externaltools.gnu-tools-for-stm32.7-2018-q2-update.macos64_1.0.0.201904181610/tools/bin/../lib/gcc/arm-none-eabi/7.3.1/../../../../arm-none-eabi/lib/thumb/v7e-m/fpv4-sp/hard/crt0.o (memset)
/Applications/STMicroelectronics/STM32CubeIDE.app/Contents/Eclipse/plugins/com.st.stm32cube.ide.mcu.externaltools.gnu-tools-for-stm32.7-2018-q2-update.macos64_1.0.0.201904181610/tools/bin/../lib/gcc/arm-none-eabi/7.3.1/../../../../arm-none-eabi/lib/thumb/v7e-m/fpv4-sp/hard/libc_nano.a(lib_a-printf.o)
                              Core/Src/stlink_dma.o (printf)
/Applications/STMicroelectronics/STM32CubeIDE.app/Contents/Eclipse/plugins/com.st.stm32cube.ide.mcu.externaltools.gnu-tools-for-stm32.7-2018-q2-update.macos64_1.0.0.201904181610/tools/bin/../lib/gcc/arm-none-eabi/7.3.1/../../../../arm-none-eabi/lib/thumb/v7e-m/fpv4-sp/hard/libc_nano.a(lib_a-strlen.o)
                              Core/Src/stlink_dma.o (strlen)
/Applications/STMicroelectronics/STM32CubeIDE.app/Contents/Eclipse/plugins/com.st.stm32cube.ide.mcu.externaltools.gnu-tools-for-stm32.7-2018-q2-update.macos64_1.0.0.201904181610/tools/bin/../lib/gcc/arm-none-eabi/7.3.1/../../../../arm-none-eabi/lib/thumb/v7e-m/fpv4-sp/hard/libc_nano.a(lib_a-findfp.o)
                              /Applications/STMicroelectronics/STM32CubeIDE.app/Contents/Eclipse/plugins/com.st.stm32cube.ide.mcu.externaltools.gnu-tools-for-stm32.7-2018-q2-update.macos64_1.0.0.201904181610/tools/bin/../lib/gcc/arm-none-eabi/7.3.1/../../../../arm-none-eabi/lib/thumb/v7e-m/fpv4-sp/hard/libc_nano.a(lib_a-printf.o) (__sinit)
/Applications/STMicroelectronics/STM32CubeIDE.app/Contents/Eclipse/plugins/com.st.stm32cube.ide.mcu.externaltools.gnu-tools-for-stm32.7-2018-q2-update.macos64_1.0.0.201904181610/tools/bin/../lib/gcc/arm-none-eabi/7.3.1/../../../../arm-none-eabi/lib/thumb/v7e-m/fpv4-sp/hard/libc_nano.a(lib_a-fwalk.o)
[...]
Memory Configuration

Name             Origin             Length             Attributes
RAM              0x0000000020000000 0x0000000000010000 xrw
FLASH            0x0000000008000000 0x0000000000040000 xr
*default*        0x0000000000000000 0xffffffffffffffff

Linker script and memory map

LOAD /Applications/STMicroelectronics/STM32CubeIDE.app/Contents/Eclipse/plugins/com.st.stm32cube.ide.mcu.externaltools.gnu-tools-for-stm32.7-2018-q2-update.macos64_1.0.0.201904181610/tools/bin/../lib/gcc/arm-none-eabi/7.3.1/thumb/v7e-m/fpv4-sp/hard/crti.o
LOAD /Applications/STMicroelectronics/STM32CubeIDE.app/Contents/Eclipse/plugins/com.st.stm32cube.ide.mcu.externaltools.gnu-tools-for-stm32.7-2018-q2-update.macos64_1.0.0.201904181610/tools/bin/../lib/gcc/arm-none-eabi/7.3.1/thumb/v7e-m/fpv4-sp/hard/crtbegin.o
LOAD /Applications/STMicroelectronics/STM32CubeIDE.app/Contents/Eclipse/plugins/com.st.stm32cube.ide.mcu.externaltools.gnu-tools-for-stm32.7-2018-q2-update.macos64_1.0.0.201904181610/tools/bin/../lib/gcc/arm-none-eabi/7.3.1/../../../../arm-none-eabi/lib/thumb/v7e-m/fpv4-sp/hard/crt0.o
LOAD Core/Src/ad5391.o
LOAD Core/Src/dma.o
LOAD Core/Src/gpio.o
LOAD Core/Src/i2c.o
LOAD Core/Src/main.o
LOAD Core/Src/spi.o
LOAD Core/Src/stlink_dma.o
LOAD Core/Src/stm32l4xx_hal_msp.o
LOAD Core/Src/stm32l4xx_it.o
LOAD Core/Src/syscalls.o
LOAD Core/Src/sysmem.o
LOAD Core/Src/system_stm32l4xx.o
LOAD Core/Src/tim.o
LOAD Core/Src/usart.o
LOAD Core/Startup/startup_stm32l432kcux.o
LOAD Drivers/STM32L4xx_HAL_Driver/Src/stm32l4xx_hal.o
LOAD Drivers/STM32L4xx_HAL_Driver/Src/stm32l4xx_hal_cortex.o
LOAD Drivers/STM32L4xx_HAL_Driver/Src/stm32l4xx_hal_dma.o
LOAD Drivers/STM32L4xx_HAL_Driver/Src/stm32l4xx_hal_dma_ex.o
LOAD Drivers/STM32L4xx_HAL_Driver/Src/stm32l4xx_hal_exti.o
LOAD Drivers/STM32L4xx_HAL_Driver/Src/stm32l4xx_hal_flash.o
LOAD Drivers/STM32L4xx_HAL_Driver/Src/stm32l4xx_hal_flash_ex.o
LOAD Drivers/STM32L4xx_HAL_Driver/Src/stm32l4xx_hal_flash_ramfunc.o
LOAD Drivers/STM32L4xx_HAL_Driver/Src/stm32l4xx_hal_gpio.o
LOAD Drivers/STM32L4xx_HAL_Driver/Src/stm32l4xx_hal_i2c.o
LOAD Drivers/STM32L4xx_HAL_Driver/Src/stm32l4xx_hal_i2c_ex.o
LOAD Drivers/STM32L4xx_HAL_Driver/Src/stm32l4xx_hal_pwr.o
LOAD Drivers/STM32L4xx_HAL_Driver/Src/stm32l4xx_hal_pwr_ex.o
LOAD Drivers/STM32L4xx_HAL_Driver/Src/stm32l4xx_hal_rcc.o
LOAD Drivers/STM32L4xx_HAL_Driver/Src/stm32l4xx_hal_rcc_ex.o
LOAD Drivers/STM32L4xx_HAL_Driver/Src/stm32l4xx_hal_spi.o
LOAD Drivers/STM32L4xx_HAL_Driver/Src/stm32l4xx_hal_spi_ex.o
LOAD Drivers/STM32L4xx_HAL_Driver/Src/stm32l4xx_hal_tim.o
LOAD Drivers/STM32L4xx_HAL_Driver/Src/stm32l4xx_hal_tim_ex.o
LOAD Drivers/STM32L4xx_HAL_Driver/Src/stm32l4xx_hal_uart.o
LOAD Drivers/STM32L4xx_HAL_Driver/Src/stm32l4xx_hal_uart_ex.o
START GROUP
LOAD /Applications/STMicroelectronics/STM32CubeIDE.app/Contents/Eclipse/plugins/com.st.stm32cube.ide.mcu.externaltools.gnu-tools-for-stm32.7-2018-q2-update.macos64_1.0.0.201904181610/tools/bin/../lib/gcc/arm-none-eabi/7.3.1/../../../../arm-none-eabi/lib/thumb/v7e-m/fpv4-sp/hard/libc_nano.a
LOAD /Applications/STMicroelectronics/STM32CubeIDE.app/Contents/Eclipse/plugins/com.st.stm32cube.ide.mcu.externaltools.gnu-tools-for-stm32.7-2018-q2-update.macos64_1.0.0.201904181610/tools/bin/../lib/gcc/arm-none-eabi/7.3.1/../../../../arm-none-eabi/lib/thumb/v7e-m/fpv4-sp/hard/libm.a
END GROUP
START GROUP
LOAD /Applications/STMicroelectronics/STM32CubeIDE.app/Contents/Eclipse/plugins/com.st.stm32cube.ide.mcu.externaltools.gnu-tools-for-stm32.7-2018-q2-update.macos64_1.0.0.201904181610/tools/bin/../lib/gcc/arm-none-eabi/7.3.1/thumb/v7e-m/fpv4-sp/hard/libgcc.a
LOAD /Applications/STMicroelectronics/STM32CubeIDE.app/Contents/Eclipse/plugins/com.st.stm32cube.ide.mcu.externaltools.gnu-tools-for-stm32.7-2018-q2-update.macos64_1.0.0.201904181610/tools/bin/../lib/gcc/arm-none-eabi/7.3.1/../../../../arm-none-eabi/lib/thumb/v7e-m/fpv4-sp/hard/libc_nano.a
END GROUP
START GROUP
LOAD /Applications/STMicroelectronics/STM32CubeIDE.app/Contents/Eclipse/plugins/com.st.stm32cube.ide.mcu.externaltools.gnu-tools-for-stm32.7-2018-q2-update.macos64_1.0.0.201904181610/tools/bin/../lib/gcc/arm-none-eabi/7.3.1/thumb/v7e-m/fpv4-sp/hard/libgcc.a
LOAD /Applications/STMicroelectronics/STM32CubeIDE.app/Contents/Eclipse/plugins/com.st.stm32cube.ide.mcu.externaltools.gnu-tools-for-stm32.7-2018-q2-update.macos64_1.0.0.201904181610/tools/bin/../lib/gcc/arm-none-eabi/7.3.1/../../../../arm-none-eabi/lib/thumb/v7e-m/fpv4-sp/hard/libc_nano.a
LOAD /Applications/STMicroelectronics/STM32CubeIDE.app/Contents/Eclipse/plugins/com.st.stm32cube.ide.mcu.externaltools.gnu-tools-for-stm32.7-2018-q2-update.macos64_1.0.0.201904181610/tools/bin/../lib/gcc/arm-none-eabi/7.3.1/../../../../arm-none-eabi/lib/thumb/v7e-m/fpv4-sp/hard/libnosys.a
END GROUP
START GROUP
LOAD /Applications/STMicroelectronics/STM32CubeIDE.app/Contents/Eclipse/plugins/com.st.stm32cube.ide.mcu.externaltools.gnu-tools-for-stm32.7-2018-q2-update.macos64_1.0.0.201904181610/tools/bin/../lib/gcc/arm-none-eabi/7.3.1/thumb/v7e-m/fpv4-sp/hard/libgcc.a
LOAD /Applications/STMicroelectronics/STM32CubeIDE.app/Contents/Eclipse/plugins/com.st.stm32cube.ide.mcu.externaltools.gnu-tools-for-stm32.7-2018-q2-update.macos64_1.0.0.201904181610/tools/bin/../lib/gcc/arm-none-eabi/7.3.1/../../../../arm-none-eabi/lib/thumb/v7e-m/fpv4-sp/hard/libc_nano.a
LOAD /Applications/STMicroelectronics/STM32CubeIDE.app/Contents/Eclipse/plugins/com.st.stm32cube.ide.mcu.externaltools.gnu-tools-for-stm32.7-2018-q2-update.macos64_1.0.0.201904181610/tools/bin/../lib/gcc/arm-none-eabi/7.3.1/../../../../arm-none-eabi/lib/thumb/v7e-m/fpv4-sp/hard/libnosys.a
END GROUP
LOAD /Applications/STMicroelectronics/STM32CubeIDE.app/Contents/Eclipse/plugins/com.st.stm32cube.ide.mcu.externaltools.gnu-tools-for-stm32.7-2018-q2-update.macos64_1.0.0.201904181610/tools/bin/../lib/gcc/arm-none-eabi/7.3.1/thumb/v7e-m/fpv4-sp/hard/crtend.o
LOAD /Applications/STMicroelectronics/STM32CubeIDE.app/Contents/Eclipse/plugins/com.st.stm32cube.ide.mcu.externaltools.gnu-tools-for-stm32.7-2018-q2-update.macos64_1.0.0.201904181610/tools/bin/../lib/gcc/arm-none-eabi/7.3.1/thumb/v7e-m/fpv4-sp/hard/crtn.o
                0x0000000020010000                _estack = (ORIGIN (RAM) + LENGTH (RAM))
                0x0000000000000200                _Min_Heap_Size = 0x200
                0x0000000000000400                _Min_Stack_Size = 0x400

.isr_vector     0x0000000008000000      0x18c
                0x0000000008000000                . = ALIGN (0x4)
 *(.isr_vector)
 .isr_vector    0x0000000008000000      0x18c Core/Startup/startup_stm32l432kcux.o
                0x0000000008000000                g_pfnVectors
                0x000000000800018c                . = ALIGN (0x4)

.text           0x000000000800018c     0x4acc
                0x000000000800018c                . = ALIGN (0x4)
 *(.text)
 .text          0x000000000800018c       0x40 /Applications/STMicroelectronics/STM32CubeIDE.app/Contents/Eclipse/plugins/com.st.stm32cube.ide.mcu.externaltools.gnu-tools-for-stm32.7-2018-q2-update.macos64_1.0.0.201904181610/tools/bin/../lib/gcc/arm-none-eabi/7.3.1/thumb/v7e-m/fpv4-sp/hard/crtbegin.o
 .text          0x00000000080001cc       0x30 /Applications/STMicroelectronics/STM32CubeIDE.app/Contents/Eclipse/plugins/com.st.stm32cube.ide.mcu.externaltools.gnu-tools-for-stm32.7-2018-q2-update.macos64_1.0.0.201904181610/tools/bin/../lib/gcc/arm-none-eabi/7.3.1/thumb/v7e-m/fpv4-sp/hard/libgcc.a(_aeabi_uldivmod.o)
                0x00000000080001cc                __aeabi_uldivmod
 .text          0x00000000080001fc      0x2cc /Applications/STMicroelectronics/STM32CubeIDE.app/Contents/Eclipse/plugins/com.st.stm32cube.ide.mcu.externaltools.gnu-tools-for-stm32.7-2018-q2-update.macos64_1.0.0.201904181610/tools/bin/../lib/gcc/arm-none-eabi/7.3.1/thumb/v7e-m/fpv4-sp/hard/libgcc.a(_udivmoddi4.o)
                0x00000000080001fc                __udivmoddi4
 .text          0x00000000080004c8        0x4 /Applications/STMicroelectronics/STM32CubeIDE.app/Contents/Eclipse/plugins/com.st.stm32cube.ide.mcu.externaltools.gnu-tools-for-stm32.7-2018-q2-update.macos64_1.0.0.201904181610/tools/bin/../lib/gcc/arm-none-eabi/7.3.1/thumb/v7e-m/fpv4-sp/hard/libgcc.a(_dvmd_tls.o)
                0x00000000080004c8                __aeabi_ldiv0
                0x00000000080004c8                __aeabi_idiv0
 *(.text*)
 .text.ad5391_Reset_Board
                0x00000000080004cc       0x24 Core/Src/ad5391.o
 .text.ad5391_Write_Dma
                0x00000000080004f0       0xa4 Core/Src/ad5391.o
 .text.ad5391_TIM_IRQ
                0x0000000008000594       0x50 Core/Src/ad5391.o
                0x0000000008000594                ad5391_TIM_IRQ
 .text.test_MCP23017
                0x00000000080005e4       0xe8 Core/Src/ad5391.o
                0x00000000080005e4                test_MCP23017
 .text.mcp23017_write_gpioA_dma
                0x00000000080006cc       0x8c Core/Src/ad5391.o
                0x00000000080006cc                mcp23017_write_gpioA_dma
 .text.mcp23017_write_gpioB_dma
                0x0000000008000758       0x8c Core/Src/ad5391.o
                0x0000000008000758                mcp23017_write_gpioB_dma
 .text.MX_DMA_Init
                0x00000000080007e4       0x5c Core/Src/dma.o
                0x00000000080007e4                MX_DMA_Init
 .text.MX_GPIO_Init
                0x0000000008000840      0x13c Core/Src/gpio.o
                0x0000000008000840                MX_GPIO_Init
 .text.MX_I2C3_Init
                0x000000000800097c       0x88 Core/Src/i2c.o
                0x000000000800097c                MX_I2C3_Init
 .text.HAL_I2C_MspInit
                0x0000000008000a04      0x134 Core/Src/i2c.o
                0x0000000008000a04                HAL_I2C_MspInit
 .text.main     0x0000000008000b38       0x3c Core/Src/main.o
                0x0000000008000b38                main
 .text.SystemClock_Config
                0x0000000008000b74       0xe0 Core/Src/main.o
                0x0000000008000b74                SystemClock_Config
 .text.Error_Handler
                0x0000000008000c54        0xe Core/Src/main.o
                0x0000000008000c54                Error_Handler
 *fill*         0x0000000008000c62        0x2 
 .text.MX_SPI1_Init
                0x0000000008000c64       0x7c Core/Src/spi.o
                0x0000000008000c64                MX_SPI1_Init
 .text.HAL_SPI_MspInit
                0x0000000008000ce0       0xf8 Core/Src/spi.o
                0x0000000008000ce0                HAL_SPI_MspInit
 .text.stlink_dma_init
                0x0000000008000dd8       0x98 Core/Src/stlink_dma.o
                0x0000000008000dd8                stlink_dma_init
 .text.stlink_dma_transmit
                0x0000000008000e70       0x68 Core/Src/stlink_dma.o
                0x0000000008000e70                stlink_dma_transmit
 .text.stlink_dma_irq_handler
                0x0000000008000ed8       0x58 Core/Src/stlink_dma.o
                0x0000000008000ed8                stlink_dma_irq_handler
 .text.stlink_dma_buff_skip
                0x0000000008000f30       0x48 Core/Src/stlink_dma.o
                0x0000000008000f30                stlink_dma_buff_skip
 .text.stlink_dma_buff_get_readable_size
                0x0000000008000f78       0x54 Core/Src/stlink_dma.o
                0x0000000008000f78                stlink_dma_buff_get_readable_size
 .text.stlink_dma_buff_get_linear_block_read_address
                0x0000000008000fcc       0x20 Core/Src/stlink_dma.o
                0x0000000008000fcc                stlink_dma_buff_get_linear_block_read_address
 .text.stlink_dma_buff_get_linear_block_read_length
                0x0000000008000fec       0x50 Core/Src/stlink_dma.o
                0x0000000008000fec                stlink_dma_buff_get_linear_block_read_length
 .text.HAL_MspInit
                0x000000000800103c       0x48 Core/Src/stm32l4xx_hal_msp.o
                0x000000000800103c                HAL_MspInit
 .text.NMI_Handler
                0x0000000008001084        0xe Core/Src/stm32l4xx_it.o
                0x0000000008001084                NMI_Handler
 .text.HardFault_Handler
                0x0000000008001092        0x6 Core/Src/stm32l4xx_it.o
                0x0000000008001092                HardFault_Handler
 .text.MemManage_Handler
                0x0000000008001098        0x6 Core/Src/stm32l4xx_it.o
                0x0000000008001098                MemManage_Handler
 .text.BusFault_Handler
                0x000000000800109e        0x6 Core/Src/stm32l4xx_it.o
                0x000000000800109e                BusFault_Handler
 .text.UsageFault_Handler
                0x00000000080010a4        0x6 Core/Src/stm32l4xx_it.o
                0x00000000080010a4                UsageFault_Handler
 .text.SVC_Handler
                0x00000000080010aa        0xe Core/Src/stm32l4xx_it.o
                0x00000000080010aa                SVC_Handler
 .text.DebugMon_Handler
                0x00000000080010b8        0xe Core/Src/stm32l4xx_it.o
                0x00000000080010b8                DebugMon_Handler
 .text.PendSV_Handler
                0x00000000080010c6        0xe Core/Src/stm32l4xx_it.o
                0x00000000080010c6                PendSV_Handler
 .text.SysTick_Handler
                0x00000000080010d4        0xc Core/Src/stm32l4xx_it.o
                0x00000000080010d4                SysTick_Handler
 .text.DMA1_Channel2_IRQHandler
                0x00000000080010e0       0x34 Core/Src/stm32l4xx_it.o
                0x00000000080010e0                DMA1_Channel2_IRQHandler
 .text.DMA1_Channel3_IRQHandler
                0x0000000008001114       0x1c Core/Src/stm32l4xx_it.o
                0x0000000008001114                DMA1_Channel3_IRQHandler
 .text.DMA1_Channel7_IRQHandler
                0x0000000008001130        0xc Core/Src/stm32l4xx_it.o
                0x0000000008001130                DMA1_Channel7_IRQHandler
 .text.EXTI9_5_IRQHandler
                0x000000000800113c       0x2c Core/Src/stm32l4xx_it.o
                0x000000000800113c                EXTI9_5_IRQHandler
 .text.TIM2_IRQHandler
                0x0000000008001168       0x1c Core/Src/stm32l4xx_it.o
                0x0000000008001168                TIM2_IRQHandler
 .text.EXTI15_10_IRQHandler
                0x0000000008001184       0x30 Core/Src/stm32l4xx_it.o
                0x0000000008001184                EXTI15_10_IRQHandler
 .text.SystemInit
                0x00000000080011b4       0x6c Core/Src/system_stm32l4xx.o
                0x00000000080011b4                SystemInit
 .text.MX_TIM1_Init
                0x0000000008001220      0x118 Core/Src/tim.o
                0x0000000008001220                MX_TIM1_Init
 .text.MX_TIM2_Init
                0x0000000008001338       0x98 Core/Src/tim.o
                0x0000000008001338                MX_TIM2_Init
 .text.HAL_TIM_Base_MspInit
                0x00000000080013d0       0xd8 Core/Src/tim.o
                0x00000000080013d0                HAL_TIM_Base_MspInit
 .text.MX_USART1_UART_Init
                0x00000000080014a8       0x60 Core/Src/usart.o
                0x00000000080014a8                MX_USART1_UART_Init
 .text.MX_USART2_UART_Init
                0x0000000008001508       0x60 Core/Src/usart.o
                0x0000000008001508                MX_USART2_UART_Init
 .text.HAL_UART_MspInit
                0x0000000008001568      0x180 Core/Src/usart.o
                0x0000000008001568                HAL_UART_MspInit
 .text.Reset_Handler
                0x00000000080016e8       0x50 Core/Startup/startup_stm32l432kcux.o
                0x00000000080016e8                Reset_Handler
 .text.Default_Handler
                0x0000000008001738        0x2 Core/Startup/startup_stm32l432kcux.o
                0x0000000008001738                TIM1_BRK_TIM15_IRQHandler
                0x0000000008001738                EXTI2_IRQHandler
                0x0000000008001738                TIM1_CC_IRQHandler
                0x0000000008001738                TSC_IRQHandler
                0x0000000008001738                TAMP_STAMP_IRQHandler
                0x0000000008001738                EXTI3_IRQHandler
                0x0000000008001738                LPTIM2_IRQHandler
                0x0000000008001738                I2C3_ER_IRQHandler
                0x0000000008001738                EXTI0_IRQHandler
                0x0000000008001738                CAN1_RX0_IRQHandler
                0x0000000008001738                FPU_IRQHandler
                0x0000000008001738                TIM1_UP_TIM16_IRQHandler
                0x0000000008001738                SPI1_IRQHandler
                0x0000000008001738                TIM6_DAC_IRQHandler
                0x0000000008001738                DMA2_Channel2_IRQHandler
                0x0000000008001738                DMA1_Channel4_IRQHandler
                0x0000000008001738                ADC1_IRQHandler
                0x0000000008001738                CAN1_RX1_IRQHandler
                0x0000000008001738                DMA2_Channel1_IRQHandler
                0x0000000008001738                QUADSPI_IRQHandler
                0x0000000008001738                I2C1_EV_IRQHandler
                0x0000000008001738                DMA1_Channel6_IRQHandler
                0x0000000008001738                DMA2_Channel4_IRQHandler
                0x0000000008001738                RCC_IRQHandler
                0x0000000008001738                TIM1_TRG_COM_IRQHandler
                0x0000000008001738                DMA1_Channel1_IRQHandler
                0x0000000008001738                Default_Handler
                0x0000000008001738                DMA2_Channel7_IRQHandler
                0x0000000008001738                TIM7_IRQHandler
                0x0000000008001738                I2C3_EV_IRQHandler
                0x0000000008001738                USB_IRQHandler
                0x0000000008001738                RTC_WKUP_IRQHandler
                0x0000000008001738                PVD_PVM_IRQHandler
                0x0000000008001738                CAN1_TX_IRQHandler
                0x0000000008001738                DMA2_Channel5_IRQHandler
                0x0000000008001738                CRS_IRQHandler
                0x0000000008001738                DMA1_Channel5_IRQHandler
                0x0000000008001738                EXTI4_IRQHandler
                0x0000000008001738                RNG_IRQHandler
                0x0000000008001738                COMP_IRQHandler
                0x0000000008001738                WWDG_IRQHandler
                0x0000000008001738                LPUART1_IRQHandler
                0x0000000008001738                DMA2_Channel6_IRQHandler
                0x0000000008001738                EXTI1_IRQHandler
                0x0000000008001738                USART2_IRQHandler
                0x0000000008001738                CAN1_SCE_IRQHandler
                0x0000000008001738                FLASH_IRQHandler
                0x0000000008001738                USART1_IRQHandler
                0x0000000008001738                SPI3_IRQHandler
                0x0000000008001738                I2C1_ER_IRQHandler
                0x0000000008001738                SWPMI1_IRQHandler
                0x0000000008001738                LPTIM1_IRQHandler
                0x0000000008001738                SAI1_IRQHandler
                0x0000000008001738                DMA2_Channel3_IRQHandler
                0x0000000008001738                RTC_Alarm_IRQHandler
 .text.HAL_Init
                0x000000000800173a       0x30 Drivers/STM32L4xx_HAL_Driver/Src/stm32l4xx_hal.o
                0x000000000800173a                HAL_Init
 *fill*         0x000000000800176a        0x2 
 .text.HAL_InitTick
                0x000000000800176c       0x74 Drivers/STM32L4xx_HAL_Driver/Src/stm32l4xx_hal.o
                0x000000000800176c                HAL_InitTick
 .text.HAL_IncTick
                0x00000000080017e0       0x24 Drivers/STM32L4xx_HAL_Driver/Src/stm32l4xx_hal.o
                0x00000000080017e0                HAL_IncTick
 .text.HAL_GetTick
                0x0000000008001804       0x18 Drivers/STM32L4xx_HAL_Driver/Src/stm32l4xx_hal.o
                0x0000000008001804                HAL_GetTick
 .text.HAL_Delay
                0x000000000800181c       0x44 Drivers/STM32L4xx_HAL_Driver/Src/stm32l4xx_hal.o
                0x000000000800181c                HAL_Delay
 .text.__NVIC_SetPriorityGrouping
                0x0000000008001860       0x48 Drivers/STM32L4xx_HAL_Driver/Src/stm32l4xx_hal_cortex.o
 .text.__NVIC_GetPriorityGrouping
                0x00000000080018a8       0x1c Drivers/STM32L4xx_HAL_Driver/Src/stm32l4xx_hal_cortex.o
 .text.__NVIC_EnableIRQ
                0x00000000080018c4       0x3c Drivers/STM32L4xx_HAL_Driver/Src/stm32l4xx_hal_cortex.o
 .text.__NVIC_SetPriority
                0x0000000008001900       0x54 Drivers/STM32L4xx_HAL_Driver/Src/stm32l4xx_hal_cortex.o
 .text.NVIC_EncodePriority
                0x0000000008001954       0x66 Drivers/STM32L4xx_HAL_Driver/Src/stm32l4xx_hal_cortex.o
 *fill*         0x00000000080019ba        0x2 
 .text.SysTick_Config
                0x00000000080019bc       0x44 Drivers/STM32L4xx_HAL_Driver/Src/stm32l4xx_hal_cortex.o
 .text.HAL_NVIC_SetPriorityGrouping
                0x0000000008001a00       0x16 Drivers/STM32L4xx_HAL_Driver/Src/stm32l4xx_hal_cortex.o
                0x0000000008001a00                HAL_NVIC_SetPriorityGrouping
 .text.HAL_NVIC_SetPriority
                0x0000000008001a16       0x38 Drivers/STM32L4xx_HAL_Driver/Src/stm32l4xx_hal_cortex.o
                0x0000000008001a16                HAL_NVIC_SetPriority
 .text.HAL_NVIC_EnableIRQ
                0x0000000008001a4e       0x1c Drivers/STM32L4xx_HAL_Driver/Src/stm32l4xx_hal_cortex.o
                0x0000000008001a4e                HAL_NVIC_EnableIRQ
 .text.HAL_SYSTICK_Config
                0x0000000008001a6a       0x18 Drivers/STM32L4xx_HAL_Driver/Src/stm32l4xx_hal_cortex.o
                0x0000000008001a6a                HAL_SYSTICK_Config
 *fill*         0x0000000008001a82        0x2 
 .text.HAL_DMA_Init
                0x0000000008001a84      0x170 Drivers/STM32L4xx_HAL_Driver/Src/stm32l4xx_hal_dma.o
                0x0000000008001a84                HAL_DMA_Init
 .text.HAL_GPIO_Init
                0x0000000008001bf4      0x2d4 Drivers/STM32L4xx_HAL_Driver/Src/stm32l4xx_hal_gpio.o
                0x0000000008001bf4                HAL_GPIO_Init
 .text.HAL_GPIO_ReadPin
                0x0000000008001ec8       0x30 Drivers/STM32L4xx_HAL_Driver/Src/stm32l4xx_hal_gpio.o
                0x0000000008001ec8                HAL_GPIO_ReadPin
 .text.HAL_GPIO_WritePin
                0x0000000008001ef8       0x30 Drivers/STM32L4xx_HAL_Driver/Src/stm32l4xx_hal_gpio.o
                0x0000000008001ef8                HAL_GPIO_WritePin
 .text.HAL_I2C_Init
                0x0000000008001f28      0x11e Drivers/STM32L4xx_HAL_Driver/Src/stm32l4xx_hal_i2c.o
                0x0000000008001f28                HAL_I2C_Init
 *fill*         0x0000000008002046        0x2 
 .text.HAL_I2C_Master_Transmit
                0x0000000008002048      0x1e8 Drivers/STM32L4xx_HAL_Driver/Src/stm32l4xx_hal_i2c.o
                0x0000000008002048                HAL_I2C_Master_Transmit
 .text.I2C_Flush_TXDR
                0x0000000008002230       0x48 Drivers/STM32L4xx_HAL_Driver/Src/stm32l4xx_hal_i2c.o
 .text.I2C_WaitOnFlagUntilTimeout
                0x0000000008002278       0x80 Drivers/STM32L4xx_HAL_Driver/Src/stm32l4xx_hal_i2c.o
 .text.I2C_WaitOnTXISFlagUntilTimeout
                0x00000000080022f8       0x80 Drivers/STM32L4xx_HAL_Driver/Src/stm32l4xx_hal_i2c.o
 .text.I2C_WaitOnSTOPFlagUntilTimeout
                0x0000000008002378       0x78 Drivers/STM32L4xx_HAL_Driver/Src/stm32l4xx_hal_i2c.o
 .text.I2C_IsAcknowledgeFailed
                0x00000000080023f0       0xcc Drivers/STM32L4xx_HAL_Driver/Src/stm32l4xx_hal_i2c.o
 .text.I2C_TransferConfig
                0x00000000080024bc       0x5c Drivers/STM32L4xx_HAL_Driver/Src/stm32l4xx_hal_i2c.o
 .text.HAL_I2CEx_ConfigAnalogFilter
                0x0000000008002518       0x96 Drivers/STM32L4xx_HAL_Driver/Src/stm32l4xx_hal_i2c_ex.o
                0x0000000008002518                HAL_I2CEx_ConfigAnalogFilter
 .text.HAL_I2CEx_ConfigDigitalFilter
                0x00000000080025ae       0x98 Drivers/STM32L4xx_HAL_Driver/Src/stm32l4xx_hal_i2c_ex.o
                0x00000000080025ae                HAL_I2CEx_ConfigDigitalFilter
 *fill*         0x0000000008002646        0x2 
 .text.HAL_I2CEx_EnableFastModePlus
                0x0000000008002648       0x40 Drivers/STM32L4xx_HAL_Driver/Src/stm32l4xx_hal_i2c_ex.o
                0x0000000008002648                HAL_I2CEx_EnableFastModePlus
 .text.HAL_PWREx_GetVoltageRange
                0x0000000008002688       0x1c Drivers/STM32L4xx_HAL_Driver/Src/stm32l4xx_hal_pwr_ex.o
                0x0000000008002688                HAL_PWREx_GetVoltageRange
 .text.HAL_PWREx_ControlVoltageScaling
                0x00000000080026a4       0xac Drivers/STM32L4xx_HAL_Driver/Src/stm32l4xx_hal_pwr_ex.o
                0x00000000080026a4                HAL_PWREx_ControlVoltageScaling
 .text.HAL_RCC_OscConfig
                0x0000000008002750      0x840 Drivers/STM32L4xx_HAL_Driver/Src/stm32l4xx_hal_rcc.o
                0x0000000008002750                HAL_RCC_OscConfig
 .text.HAL_RCC_ClockConfig
                0x0000000008002f90      0x1c4 Drivers/STM32L4xx_HAL_Driver/Src/stm32l4xx_hal_rcc.o
                0x0000000008002f90                HAL_RCC_ClockConfig
 .text.HAL_RCC_GetSysClockFreq
                0x0000000008003154      0x114 Drivers/STM32L4xx_HAL_Driver/Src/stm32l4xx_hal_rcc.o
                0x0000000008003154                HAL_RCC_GetSysClockFreq
 .text.HAL_RCC_GetHCLKFreq
                0x0000000008003268       0x18 Drivers/STM32L4xx_HAL_Driver/Src/stm32l4xx_hal_rcc.o
                0x0000000008003268                HAL_RCC_GetHCLKFreq
 .text.HAL_RCC_GetPCLK1Freq
                0x0000000008003280       0x2c Drivers/STM32L4xx_HAL_Driver/Src/stm32l4xx_hal_rcc.o
                0x0000000008003280                HAL_RCC_GetPCLK1Freq
 .text.HAL_RCC_GetPCLK2Freq
                0x00000000080032ac       0x2c Drivers/STM32L4xx_HAL_Driver/Src/stm32l4xx_hal_rcc.o
                0x00000000080032ac                HAL_RCC_GetPCLK2Freq
 .text.RCC_SetFlashLatencyFromMSIRange
                0x00000000080032d8       0xc0 Drivers/STM32L4xx_HAL_Driver/Src/stm32l4xx_hal_rcc.o
 .text.HAL_RCCEx_PeriphCLKConfig
                0x0000000008003398      0x3e4 Drivers/STM32L4xx_HAL_Driver/Src/stm32l4xx_hal_rcc_ex.o
                0x0000000008003398                HAL_RCCEx_PeriphCLKConfig
 .text.RCCEx_PLLSAI1_Config
                0x000000000800377c      0x1e0 Drivers/STM32L4xx_HAL_Driver/Src/stm32l4xx_hal_rcc_ex.o
 .text.HAL_SPI_Init
                0x000000000800395c      0x114 Drivers/STM32L4xx_HAL_Driver/Src/stm32l4xx_hal_spi.o
                0x000000000800395c                HAL_SPI_Init
 .text.HAL_TIM_Base_Init
                0x0000000008003a70       0x56 Drivers/STM32L4xx_HAL_Driver/Src/stm32l4xx_hal_tim.o
                0x0000000008003a70                HAL_TIM_Base_Init
 .text.HAL_TIM_IC_Init
                0x0000000008003ac6       0x56 Drivers/STM32L4xx_HAL_Driver/Src/stm32l4xx_hal_tim.o
                0x0000000008003ac6                HAL_TIM_IC_Init
 .text.HAL_TIM_IC_MspInit
                0x0000000008003b1c       0x14 Drivers/STM32L4xx_HAL_Driver/Src/stm32l4xx_hal_tim.o
                0x0000000008003b1c                HAL_TIM_IC_MspInit
 .text.HAL_TIM_IC_ConfigChannel
                0x0000000008003b30      0x138 Drivers/STM32L4xx_HAL_Driver/Src/stm32l4xx_hal_tim.o
                0x0000000008003b30                HAL_TIM_IC_ConfigChannel
 .text.HAL_TIM_ConfigClockSource
                0x0000000008003c68      0x172 Drivers/STM32L4xx_HAL_Driver/Src/stm32l4xx_hal_tim.o
                0x0000000008003c68                HAL_TIM_ConfigClockSource
 *fill*         0x0000000008003dda        0x2 
 .text.TIM_Base_SetConfig
                0x0000000008003ddc       0xc8 Drivers/STM32L4xx_HAL_Driver/Src/stm32l4xx_hal_tim.o
                0x0000000008003ddc                TIM_Base_SetConfig
 .text.TIM_TI1_SetConfig
                0x0000000008003ea4       0xac Drivers/STM32L4xx_HAL_Driver/Src/stm32l4xx_hal_tim.o
                0x0000000008003ea4                TIM_TI1_SetConfig
 .text.TIM_TI1_ConfigInputStage
                0x0000000008003f50       0x5e Drivers/STM32L4xx_HAL_Driver/Src/stm32l4xx_hal_tim.o
 .text.TIM_TI2_SetConfig
                0x0000000008003fae       0x7a Drivers/STM32L4xx_HAL_Driver/Src/stm32l4xx_hal_tim.o
 .text.TIM_TI2_ConfigInputStage
                0x0000000008004028       0x60 Drivers/STM32L4xx_HAL_Driver/Src/stm32l4xx_hal_tim.o
 .text.TIM_TI3_SetConfig
                0x0000000008004088       0x78 Drivers/STM32L4xx_HAL_Driver/Src/stm32l4xx_hal_tim.o
 .text.TIM_TI4_SetConfig
                0x0000000008004100       0x7a Drivers/STM32L4xx_HAL_Driver/Src/stm32l4xx_hal_tim.o
 .text.TIM_ITRx_SetConfig
                0x000000000800417a       0x36 Drivers/STM32L4xx_HAL_Driver/Src/stm32l4xx_hal_tim.o
 .text.TIM_ETR_SetConfig
                0x00000000080041b0       0x40 Drivers/STM32L4xx_HAL_Driver/Src/stm32l4xx_hal_tim.o
                0x00000000080041b0                TIM_ETR_SetConfig
 .text.HAL_TIMEx_MasterConfigSynchronization
                0x00000000080041f0       0xcc Drivers/STM32L4xx_HAL_Driver/Src/stm32l4xx_hal_tim_ex.o
                0x00000000080041f0                HAL_TIMEx_MasterConfigSynchronization
 .text.HAL_UART_Init
                0x00000000080042bc       0x9c Drivers/STM32L4xx_HAL_Driver/Src/stm32l4xx_hal_uart.o
                0x00000000080042bc                HAL_UART_Init
 .text.UART_SetConfig
                0x0000000008004358      0x5cc Drivers/STM32L4xx_HAL_Driver/Src/stm32l4xx_hal_uart.o
                0x0000000008004358                UART_SetConfig
 .text.UART_AdvFeatureConfig
                0x0000000008004924      0x144 Drivers/STM32L4xx_HAL_Driver/Src/stm32l4xx_hal_uart.o
                0x0000000008004924                UART_AdvFeatureConfig
 .text.UART_CheckIdleState
                0x0000000008004a68       0x8a Drivers/STM32L4xx_HAL_Driver/Src/stm32l4xx_hal_uart.o
                0x0000000008004a68                UART_CheckIdleState
 .text.UART_WaitOnFlagUntilTimeout
                0x0000000008004af2       0xf6 Drivers/STM32L4xx_HAL_Driver/Src/stm32l4xx_hal_uart.o
                0x0000000008004af2                UART_WaitOnFlagUntilTimeout
 .text.__libc_init_array
                0x0000000008004be8       0x48 /Applications/STMicroelectronics/STM32CubeIDE.app/Contents/Eclipse/plugins/com.st.stm32cube.ide.mcu.externaltools.gnu-tools-for-stm32.7-2018-q2-update.macos64_1.0.0.201904181610/tools/bin/../lib/gcc/arm-none-eabi/7.3.1/../../../../arm-none-eabi/lib/thumb/v7e-m/fpv4-sp/hard/libc_nano.a(lib_a-init.o)
                0x0000000008004be8                __libc_init_array
 .text.memset   0x0000000008004c30       0x10 /Applications/STMicroelectronics/STM32CubeIDE.app/Contents/Eclipse/plugins/com.st.stm32cube.ide.mcu.externaltools.gnu-tools-for-stm32.7-2018-q2-update.macos64_1.0.0.201904181610/tools/bin/../lib/gcc/arm-none-eabi/7.3.1/../../../../arm-none-eabi/lib/thumb/v7e-m/fpv4-sp/hard/libc_nano.a(lib_a-memset.o)
                0x0000000008004c30                memset
 *(.glue_7)
 .glue_7        0x0000000008004c40        0x0 linker stubs
 *(.glue_7t)
 .glue_7t       0x0000000008004c40        0x0 linker stubs
 *(.eh_frame)
 .eh_frame      0x0000000008004c40        0x0 /Applications/STMicroelectronics/STM32CubeIDE.app/Contents/Eclipse/plugins/com.st.stm32cube.ide.mcu.externaltools.gnu-tools-for-stm32.7-2018-q2-update.macos64_1.0.0.201904181610/tools/bin/../lib/gcc/arm-none-eabi/7.3.1/thumb/v7e-m/fpv4-sp/hard/crtbegin.o
 *(.init)
 .init          0x0000000008004c40        0x4 /Applications/STMicroelectronics/STM32CubeIDE.app/Contents/Eclipse/plugins/com.st.stm32cube.ide.mcu.externaltools.gnu-tools-for-stm32.7-2018-q2-update.macos64_1.0.0.201904181610/tools/bin/../lib/gcc/arm-none-eabi/7.3.1/thumb/v7e-m/fpv4-sp/hard/crti.o
                0x0000000008004c40                _init
 .init          0x0000000008004c44        0x8 /Applications/STMicroelectronics/STM32CubeIDE.app/Contents/Eclipse/plugins/com.st.stm32cube.ide.mcu.externaltools.gnu-tools-for-stm32.7-2018-q2-update.macos64_1.0.0.201904181610/tools/bin/../lib/gcc/arm-none-eabi/7.3.1/thumb/v7e-m/fpv4-sp/hard/crtn.o
 *(.fini)
 .fini          0x0000000008004c4c        0x4 /Applications/STMicroelectronics/STM32CubeIDE.app/Contents/Eclipse/plugins/com.st.stm32cube.ide.mcu.externaltools.gnu-tools-for-stm32.7-2018-q2-update.macos64_1.0.0.201904181610/tools/bin/../lib/gcc/arm-none-eabi/7.3.1/thumb/v7e-m/fpv4-sp/hard/crti.o
                0x0000000008004c4c                _fini
 .fini          0x0000000008004c50        0x8 /Applications/STMicroelectronics/STM32CubeIDE.app/Contents/Eclipse/plugins/com.st.stm32cube.ide.mcu.externaltools.gnu-tools-for-stm32.7-2018-q2-update.macos64_1.0.0.201904181610/tools/bin/../lib/gcc/arm-none-eabi/7.3.1/thumb/v7e-m/fpv4-sp/hard/crtn.o
                0x0000000008004c58                . = ALIGN (0x4)
                0x0000000008004c58                _etext = .

.vfp11_veneer   0x0000000008004c58        0x0
 .vfp11_veneer  0x0000000008004c58        0x0 linker stubs

.v4_bx          0x0000000008004c58        0x0
 .v4_bx         0x0000000008004c58        0x0 linker stubs

.iplt           0x0000000008004c58        0x0
 .iplt          0x0000000008004c58        0x0 /Applications/STMicroelectronics/STM32CubeIDE.app/Contents/Eclipse/plugins/com.st.stm32cube.ide.mcu.externaltools.gnu-tools-for-stm32.7-2018-q2-update.macos64_1.0.0.201904181610/tools/bin/../lib/gcc/arm-none-eabi/7.3.1/thumb/v7e-m/fpv4-sp/hard/crtbegin.o

.rodata         0x0000000008004c58       0x48
                0x0000000008004c58                . = ALIGN (0x4)
 *(.rodata)
 *(.rodata*)
 .rodata.AHBPrescTable
                0x0000000008004c58       0x10 Core/Src/system_stm32l4xx.o
                0x0000000008004c58                AHBPrescTable
 .rodata.APBPrescTable
                0x0000000008004c68        0x8 Core/Src/system_stm32l4xx.o
                0x0000000008004c68                APBPrescTable
 .rodata.MSIRangeTable
                0x0000000008004c70       0x30 Core/Src/system_stm32l4xx.o
                0x0000000008004c70                MSIRangeTable
                0x0000000008004ca0                . = ALIGN (0x4)

.ARM.extab      0x0000000008004ca0        0x0
                0x0000000008004ca0                . = ALIGN (0x4)
 *(.ARM.extab* .gnu.linkonce.armextab.*)
                0x0000000008004ca0                . = ALIGN (0x4)

.ARM            0x0000000008004ca0        0x8
                0x0000000008004ca0                . = ALIGN (0x4)
                0x0000000008004ca0                __exidx_start = .
 *(.ARM.exidx*)
 .ARM.exidx     0x0000000008004ca0        0x8 /Applications/STMicroelectronics/STM32CubeIDE.app/Contents/Eclipse/plugins/com.st.stm32cube.ide.mcu.externaltools.gnu-tools-for-stm32.7-2018-q2-update.macos64_1.0.0.201904181610/tools/bin/../lib/gcc/arm-none-eabi/7.3.1/thumb/v7e-m/fpv4-sp/hard/libgcc.a(_udivmoddi4.o)
                0x0000000008004ca8                __exidx_end = .
                0x0000000008004ca8                . = ALIGN (0x4)

.rel.dyn        0x0000000008004ca8        0x0
 .rel.iplt      0x0000000008004ca8        0x0 /Applications/STMicroelectronics/STM32CubeIDE.app/Contents/Eclipse/plugins/com.st.stm32cube.ide.mcu.externaltools.gnu-tools-for-stm32.7-2018-q2-update.macos64_1.0.0.201904181610/tools/bin/../lib/gcc/arm-none-eabi/7.3.1/thumb/v7e-m/fpv4-sp/hard/crtbegin.o

.preinit_array  0x0000000008004ca8        0x0
                0x0000000008004ca8                . = ALIGN (0x4)
                0x0000000008004ca8                PROVIDE (__preinit_array_start = .)
 *(.preinit_array*)
                0x0000000008004ca8                PROVIDE (__preinit_array_end = .)
                0x0000000008004ca8                . = ALIGN (0x4)

.init_array     0x0000000008004ca8        0x4
                0x0000000008004ca8                . = ALIGN (0x4)
                0x0000000008004ca8                PROVIDE (__init_array_start = .)
 *(SORT_BY_NAME(.init_array.*))
 *(.init_array*)
 .init_array    0x0000000008004ca8        0x4 /Applications/STMicroelectronics/STM32CubeIDE.app/Contents/Eclipse/plugins/com.st.stm32cube.ide.mcu.externaltools.gnu-tools-for-stm32.7-2018-q2-update.macos64_1.0.0.201904181610/tools/bin/../lib/gcc/arm-none-eabi/7.3.1/thumb/v7e-m/fpv4-sp/hard/crtbegin.o
                0x0000000008004cac                PROVIDE (__init_array_end = .)
                0x0000000008004cac                . = ALIGN (0x4)

.fini_array     0x0000000008004cac        0x4
                0x0000000008004cac                . = ALIGN (0x4)
                [!provide]                        PROVIDE (__fini_array_start = .)
 *(SORT_BY_NAME(.fini_array.*))
 *(.fini_array*)
 .fini_array    0x0000000008004cac        0x4 /Applications/STMicroelectronics/STM32CubeIDE.app/Contents/Eclipse/plugins/com.st.stm32cube.ide.mcu.externaltools.gnu-tools-for-stm32.7-2018-q2-update.macos64_1.0.0.201904181610/tools/bin/../lib/gcc/arm-none-eabi/7.3.1/thumb/v7e-m/fpv4-sp/hard/crtbegin.o
                [!provide]                        PROVIDE (__fini_array_end = .)
                0x0000000008004cb0                . = ALIGN (0x4)
                0x0000000008004cb0                _sidata = LOADADDR (.data)

.data           0x0000000020000000        0xc load address 0x0000000008004cb0
                0x0000000020000000                . = ALIGN (0x4)
                0x0000000020000000                _sdata = .
 *(.data)
 *(.data*)
 .data.SystemCoreClock
                0x0000000020000000        0x4 Core/Src/system_stm32l4xx.o
                0x0000000020000000                SystemCoreClock
 .data.uwTickPrio
                0x0000000020000004        0x4 Drivers/STM32L4xx_HAL_Driver/Src/stm32l4xx_hal.o
                0x0000000020000004                uwTickPrio
 .data.uwTickFreq
                0x0000000020000008        0x4 Drivers/STM32L4xx_HAL_Driver/Src/stm32l4xx_hal.o
                0x0000000020000008                uwTickFreq
                0x000000002000000c                . = ALIGN (0x4)
                0x000000002000000c                _edata = .

.igot.plt       0x000000002000000c        0x0 load address 0x0000000008004cbc
 .igot.plt      0x000000002000000c        0x0 /Applications/STMicroelectronics/STM32CubeIDE.app/Contents/Eclipse/plugins/com.st.stm32cube.ide.mcu.externaltools.gnu-tools-for-stm32.7-2018-q2-update.macos64_1.0.0.201904181610/tools/bin/../lib/gcc/arm-none-eabi/7.3.1/thumb/v7e-m/fpv4-sp/hard/crtbegin.o
                0x000000002000000c                . = ALIGN (0x4)

.bss            0x000000002000000c      0x76c load address 0x0000000008004cbc
                0x000000002000000c                _sbss = .
                0x000000002000000c                __bss_start__ = _sbss
 *(.bss)
 .bss           0x000000002000000c       0x1c /Applications/STMicroelectronics/STM32CubeIDE.app/Contents/Eclipse/plugins/com.st.stm32cube.ide.mcu.externaltools.gnu-tools-for-stm32.7-2018-q2-update.macos64_1.0.0.201904181610/tools/bin/../lib/gcc/arm-none-eabi/7.3.1/thumb/v7e-m/fpv4-sp/hard/crtbegin.o
 *(.bss*)
 .bss.tx_buff   0x0000000020000028      0x400 Core/Src/stlink_dma.o
 .bss.tx_buff_r
                0x0000000020000428        0x4 Core/Src/stlink_dma.o
 .bss.tx_buff_w
                0x000000002000042c        0x4 Core/Src/stlink_dma.o
 .bss.tx_len    0x0000000020000430        0x4 Core/Src/stlink_dma.o
 *(COMMON)
 COMMON         0x0000000020000434       0x18 Core/Src/ad5391.o
                0x0000000020000434                t
                0x0000000020000438                mcp23017_gpioA_tx_Buff
                0x000000002000043c                x
                0x0000000020000440                mcp23017_gpioB_tx_Buff
                0x0000000020000444                txDAC5391Buff
                0x0000000020000447                xIsValid
                0x0000000020000448                dac
 COMMON         0x000000002000044c       0x9c Core/Src/i2c.o
                0x000000002000044c                hdma_i2c3_tx
                0x0000000020000494                hdma_MCP23017_tx
                0x0000000020000498                hi2c3
                0x00000000200004e4                hi2c_MCP23017
 COMMON         0x00000000200004e8       0xb4 Core/Src/spi.o
                0x00000000200004e8                hspi_Dac
                0x00000000200004ec                hspi1
                0x0000000020000550                hdma_spi1_tx
                0x0000000020000598                hdma_Dac_tx
 COMMON         0x000000002000059c       0x88 Core/Src/tim.o
                0x000000002000059c                htimDac
                0x00000000200005a0                htimVcoCalib
                0x00000000200005a4                htim1
                0x00000000200005e4                htim2
 COMMON         0x0000000020000624      0x150 Core/Src/usart.o
                0x0000000020000624                huart_STlink
                0x0000000020000628                hdma_usart2_tx
                0x0000000020000670                huart1
                0x00000000200006f0                hdma_STlink_tx
                0x00000000200006f4                huart2
 COMMON         0x0000000020000774        0x4 Drivers/STM32L4xx_HAL_Driver/Src/stm32l4xx_hal.o
                0x0000000020000774                uwTick
                0x0000000020000778                . = ALIGN (0x4)
                0x0000000020000778                _ebss = .
                0x0000000020000778                __bss_end__ = _ebss

._user_heap_stack
                0x0000000020000778      0x600 load address 0x0000000008004cbc
                0x0000000020000778                . = ALIGN (0x8)
                0x0000000020000778                PROVIDE (end = .)
                [!provide]                        PROVIDE (_end = .)
                0x0000000020000978                . = (. + _Min_Heap_Size)
 *fill*         0x0000000020000778      0x200 
                0x0000000020000d78                . = (. + _Min_Stack_Size)
 *fill*         0x0000000020000978      0x400 
                0x0000000020000d78                . = ALIGN (0x8)

/DISCARD/
 libc.a(*)
 libm.a(*)
 libgcc.a(*)

.ARM.attributes
                0x0000000000000000       0x30
 *(.ARM.attributes)
 .ARM.attributes
                0x0000000000000000       0x22 /Applications/STMicroelectronics/STM32CubeIDE.app/Contents/Eclipse/plugins/com.st.stm32cube.ide.mcu.externaltools.gnu-tools-for-stm32.7-2018-q2-update.macos64_1.0.0.201904181610/tools/bin/../lib/gcc/arm-none-eabi/7.3.1/thumb/v7e-m/fpv4-sp/hard/crti.o
 .ARM.attributes
                0x0000000000000022       0x34 /Applications/STMicroelectronics/STM32CubeIDE.app/Contents/Eclipse/plugins/com.st.stm32cube.ide.mcu.externaltools.gnu-tools-for-stm32.7-2018-q2-update.macos64_1.0.0.201904181610/tools/bin/../lib/gcc/arm-none-eabi/7.3.1/thumb/v7e-m/fpv4-sp/hard/crtbegin.o
 .ARM.attributes
                0x0000000000000056       0x39 Core/Src/ad5391.o
 .ARM.attributes
                0x000000000000008f       0x39 Core/Src/dma.o
 .ARM.attributes
                0x00000000000000c8       0x39 Core/Src/gpio.o
 .ARM.attributes
                0x0000000000000101       0x39 Core/Src/i2c.o
 .ARM.attributes
                0x000000000000013a       0x39 Core/Src/main.o
 .ARM.attributes
                0x0000000000000173       0x39 Core/Src/spi.o
 .ARM.attributes
                0x00000000000001ac       0x39 Core/Src/stlink_dma.o
 .ARM.attributes
                0x00000000000001e5       0x39 Core/Src/stm32l4xx_hal_msp.o
 .ARM.attributes
                0x000000000000021e       0x39 Core/Src/stm32l4xx_it.o
 .ARM.attributes
                0x0000000000000257       0x39 Core/Src/system_stm32l4xx.o
 .ARM.attributes
                0x0000000000000290       0x39 Core/Src/tim.o
 .ARM.attributes
                0x00000000000002c9       0x39 Core/Src/usart.o
 .ARM.attributes
                0x0000000000000302       0x21 Core/Startup/startup_stm32l432kcux.o
 .ARM.attributes
                0x0000000000000323       0x39 Drivers/STM32L4xx_HAL_Driver/Src/stm32l4xx_hal.o
 .ARM.attributes
                0x000000000000035c       0x39 Drivers/STM32L4xx_HAL_Driver/Src/stm32l4xx_hal_cortex.o
 .ARM.attributes
                0x0000000000000395       0x39 Drivers/STM32L4xx_HAL_Driver/Src/stm32l4xx_hal_dma.o
 .ARM.attributes
                0x00000000000003ce       0x39 Drivers/STM32L4xx_HAL_Driver/Src/stm32l4xx_hal_gpio.o
 .ARM.attributes
                0x0000000000000407       0x39 Drivers/STM32L4xx_HAL_Driver/Src/stm32l4xx_hal_i2c.o
 .ARM.attributes
                0x0000000000000440       0x39 Drivers/STM32L4xx_HAL_Driver/Src/stm32l4xx_hal_i2c_ex.o
 .ARM.attributes
                0x0000000000000479       0x39 Drivers/STM32L4xx_HAL_Driver/Src/stm32l4xx_hal_pwr_ex.o
 .ARM.attributes
                0x00000000000004b2       0x39 Drivers/STM32L4xx_HAL_Driver/Src/stm32l4xx_hal_rcc.o
 .ARM.attributes
                0x00000000000004eb       0x39 Drivers/STM32L4xx_HAL_Driver/Src/stm32l4xx_hal_rcc_ex.o
 .ARM.attributes
                0x0000000000000524       0x39 Drivers/STM32L4xx_HAL_Driver/Src/stm32l4xx_hal_spi.o
 .ARM.attributes
                0x000000000000055d       0x39 Drivers/STM32L4xx_HAL_Driver/Src/stm32l4xx_hal_tim.o
 .ARM.attributes
                0x0000000000000596       0x39 Drivers/STM32L4xx_HAL_Driver/Src/stm32l4xx_hal_tim_ex.o
 .ARM.attributes
                0x00000000000005cf       0x39 Drivers/STM32L4xx_HAL_Driver/Src/stm32l4xx_hal_uart.o
 .ARM.attributes
                0x0000000000000608       0x34 /Applications/STMicroelectronics/STM32CubeIDE.app/Contents/Eclipse/plugins/com.st.stm32cube.ide.mcu.externaltools.gnu-tools-for-stm32.7-2018-q2-update.macos64_1.0.0.201904181610/tools/bin/../lib/gcc/arm-none-eabi/7.3.1/../../../../arm-none-eabi/lib/thumb/v7e-m/fpv4-sp/hard/libc_nano.a(lib_a-init.o)
 .ARM.attributes
                0x000000000000063c       0x34 /Applications/STMicroelectronics/STM32CubeIDE.app/Contents/Eclipse/plugins/com.st.stm32cube.ide.mcu.externaltools.gnu-tools-for-stm32.7-2018-q2-update.macos64_1.0.0.201904181610/tools/bin/../lib/gcc/arm-none-eabi/7.3.1/../../../../arm-none-eabi/lib/thumb/v7e-m/fpv4-sp/hard/libc_nano.a(lib_a-memset.o)
 .ARM.attributes
                0x0000000000000670       0x22 /Applications/STMicroelectronics/STM32CubeIDE.app/Contents/Eclipse/plugins/com.st.stm32cube.ide.mcu.externaltools.gnu-tools-for-stm32.7-2018-q2-update.macos64_1.0.0.201904181610/tools/bin/../lib/gcc/arm-none-eabi/7.3.1/thumb/v7e-m/fpv4-sp/hard/libgcc.a(_aeabi_uldivmod.o)
 .ARM.attributes
                0x0000000000000692       0x34 /Applications/STMicroelectronics/STM32CubeIDE.app/Contents/Eclipse/plugins/com.st.stm32cube.ide.mcu.externaltools.gnu-tools-for-stm32.7-2018-q2-update.macos64_1.0.0.201904181610/tools/bin/../lib/gcc/arm-none-eabi/7.3.1/thumb/v7e-m/fpv4-sp/hard/libgcc.a(_udivmoddi4.o)
 .ARM.attributes
                0x00000000000006c6       0x22 /Applications/STMicroelectronics/STM32CubeIDE.app/Contents/Eclipse/plugins/com.st.stm32cube.ide.mcu.externaltools.gnu-tools-for-stm32.7-2018-q2-update.macos64_1.0.0.201904181610/tools/bin/../lib/gcc/arm-none-eabi/7.3.1/thumb/v7e-m/fpv4-sp/hard/libgcc.a(_dvmd_tls.o)
 .ARM.attributes
                0x00000000000006e8       0x22 /Applications/STMicroelectronics/STM32CubeIDE.app/Contents/Eclipse/plugins/com.st.stm32cube.ide.mcu.externaltools.gnu-tools-for-stm32.7-2018-q2-update.macos64_1.0.0.201904181610/tools/bin/../lib/gcc/arm-none-eabi/7.3.1/thumb/v7e-m/fpv4-sp/hard/crtn.o
OUTPUT(full-board-L432KC.elf elf32-littlearm)

.debug_info     0x0000000000000000    0x18155
 .debug_info    0x0000000000000000     0x1801 Core/Src/ad5391.o
 .debug_info    0x0000000000001801      0x665 Core/Src/dma.o
 .debug_info    0x0000000000001e66      0x7d8 Core/Src/gpio.o
 .debug_info    0x000000000000263e      0xb83 Core/Src/i2c.o
 .debug_info    0x00000000000031c1     0x12b4 Core/Src/main.o
 .debug_info    0x0000000000004475      0xb18 Core/Src/spi.o
 .debug_info    0x0000000000004f8d     0x1320 Core/Src/stlink_dma.o
 .debug_info    0x00000000000062ad      0x4d5 Core/Src/stm32l4xx_hal_msp.o
 .debug_info    0x0000000000006782     0x1004 Core/Src/stm32l4xx_it.o
 .debug_info    0x0000000000007786      0x703 Core/Src/system_stm32l4xx.o
 .debug_info    0x0000000000007e89      0xe57 Core/Src/tim.o
 .debug_info    0x0000000000008ce0      0xc0e Core/Src/usart.o
 .debug_info    0x00000000000098ee       0x22 Core/Startup/startup_stm32l432kcux.o
 .debug_info    0x0000000000009910      0xa91 Drivers/STM32L4xx_HAL_Driver/Src/stm32l4xx_hal.o
 .debug_info    0x000000000000a3a1      0xebe Drivers/STM32L4xx_HAL_Driver/Src/stm32l4xx_hal_cortex.o
 .debug_info    0x000000000000b25f      0x8c1 Drivers/STM32L4xx_HAL_Driver/Src/stm32l4xx_hal_dma.o
 .debug_info    0x000000000000bb20      0x982 Drivers/STM32L4xx_HAL_Driver/Src/stm32l4xx_hal_gpio.o
 .debug_info    0x000000000000c4a2     0x20dc Drivers/STM32L4xx_HAL_Driver/Src/stm32l4xx_hal_i2c.o
 .debug_info    0x000000000000e57e      0xb4e Drivers/STM32L4xx_HAL_Driver/Src/stm32l4xx_hal_i2c_ex.o
 .debug_info    0x000000000000f0cc      0xaaa Drivers/STM32L4xx_HAL_Driver/Src/stm32l4xx_hal_pwr_ex.o
 .debug_info    0x000000000000fb76      0xcad Drivers/STM32L4xx_HAL_Driver/Src/stm32l4xx_hal_rcc.o
 .debug_info    0x0000000000010823      0xfce Drivers/STM32L4xx_HAL_Driver/Src/stm32l4xx_hal_rcc_ex.o
 .debug_info    0x00000000000117f1     0x1702 Drivers/STM32L4xx_HAL_Driver/Src/stm32l4xx_hal_spi.o
 .debug_info    0x0000000000012ef3     0x266f Drivers/STM32L4xx_HAL_Driver/Src/stm32l4xx_hal_tim.o
 .debug_info    0x0000000000015562     0x13d8 Drivers/STM32L4xx_HAL_Driver/Src/stm32l4xx_hal_tim_ex.o
 .debug_info    0x000000000001693a     0x181b Drivers/STM32L4xx_HAL_Driver/Src/stm32l4xx_hal_uart.o

.debug_abbrev   0x0000000000000000     0x2fc5
 .debug_abbrev  0x0000000000000000      0x2f2 Core/Src/ad5391.o
 .debug_abbrev  0x00000000000002f2      0x123 Core/Src/dma.o
 .debug_abbrev  0x0000000000000415      0x13d Core/Src/gpio.o
 .debug_abbrev  0x0000000000000552      0x1b5 Core/Src/i2c.o
 .debug_abbrev  0x0000000000000707      0x19f Core/Src/main.o
 .debug_abbrev  0x00000000000008a6      0x1aa Core/Src/spi.o
 .debug_abbrev  0x0000000000000a50      0x2e9 Core/Src/stlink_dma.o
 .debug_abbrev  0x0000000000000d39      0x125 Core/Src/stm32l4xx_hal_msp.o
 .debug_abbrev  0x0000000000000e5e      0x17d Core/Src/stm32l4xx_it.o
 .debug_abbrev  0x0000000000000fdb      0x150 Core/Src/system_stm32l4xx.o
 .debug_abbrev  0x000000000000112b      0x1c4 Core/Src/tim.o
 .debug_abbrev  0x00000000000012ef      0x1aa Core/Src/usart.o
 .debug_abbrev  0x0000000000001499       0x12 Core/Startup/startup_stm32l432kcux.o
 .debug_abbrev  0x00000000000014ab      0x1e1 Drivers/STM32L4xx_HAL_Driver/Src/stm32l4xx_hal.o
 .debug_abbrev  0x000000000000168c      0x2fa Drivers/STM32L4xx_HAL_Driver/Src/stm32l4xx_hal_cortex.o
 .debug_abbrev  0x0000000000001986      0x1d9 Drivers/STM32L4xx_HAL_Driver/Src/stm32l4xx_hal_dma.o
 .debug_abbrev  0x0000000000001b5f      0x1c0 Drivers/STM32L4xx_HAL_Driver/Src/stm32l4xx_hal_gpio.o
 .debug_abbrev  0x0000000000001d1f      0x22a Drivers/STM32L4xx_HAL_Driver/Src/stm32l4xx_hal_i2c.o
 .debug_abbrev  0x0000000000001f49      0x1b9 Drivers/STM32L4xx_HAL_Driver/Src/stm32l4xx_hal_i2c_ex.o
 .debug_abbrev  0x0000000000002102      0x1cb Drivers/STM32L4xx_HAL_Driver/Src/stm32l4xx_hal_pwr_ex.o
 .debug_abbrev  0x00000000000022cd      0x245 Drivers/STM32L4xx_HAL_Driver/Src/stm32l4xx_hal_rcc.o
 .debug_abbrev  0x0000000000002512      0x238 Drivers/STM32L4xx_HAL_Driver/Src/stm32l4xx_hal_rcc_ex.o
 .debug_abbrev  0x000000000000274a      0x228 Drivers/STM32L4xx_HAL_Driver/Src/stm32l4xx_hal_spi.o
 .debug_abbrev  0x0000000000002972      0x230 Drivers/STM32L4xx_HAL_Driver/Src/stm32l4xx_hal_tim.o
 .debug_abbrev  0x0000000000002ba2      0x21e Drivers/STM32L4xx_HAL_Driver/Src/stm32l4xx_hal_tim_ex.o
 .debug_abbrev  0x0000000000002dc0      0x205 Drivers/STM32L4xx_HAL_Driver/Src/stm32l4xx_hal_uart.o

.debug_aranges  0x0000000000000000     0x14c8
 .debug_aranges
                0x0000000000000000       0x98 Core/Src/ad5391.o
 .debug_aranges
                0x0000000000000098       0x20 Core/Src/dma.o
 .debug_aranges
                0x00000000000000b8       0x20 Core/Src/gpio.o
 .debug_aranges
                0x00000000000000d8       0x30 Core/Src/i2c.o
 .debug_aranges
                0x0000000000000108       0x30 Core/Src/main.o
 .debug_aranges
                0x0000000000000138       0x30 Core/Src/spi.o
 .debug_aranges
                0x0000000000000168       0x78 Core/Src/stlink_dma.o
 .debug_aranges
                0x00000000000001e0       0x20 Core/Src/stm32l4xx_hal_msp.o
 .debug_aranges
                0x0000000000000200       0x90 Core/Src/stm32l4xx_it.o
 .debug_aranges
                0x0000000000000290       0x28 Core/Src/system_stm32l4xx.o
 .debug_aranges
                0x00000000000002b8       0x38 Core/Src/tim.o
 .debug_aranges
                0x00000000000002f0       0x38 Core/Src/usart.o
 .debug_aranges
                0x0000000000000328       0x28 Core/Startup/startup_stm32l432kcux.o
 .debug_aranges
                0x0000000000000350      0x108 Drivers/STM32L4xx_HAL_Driver/Src/stm32l4xx_hal.o
 .debug_aranges
                0x0000000000000458      0x118 Drivers/STM32L4xx_HAL_Driver/Src/stm32l4xx_hal_cortex.o
 .debug_aranges
                0x0000000000000570       0x80 Drivers/STM32L4xx_HAL_Driver/Src/stm32l4xx_hal_dma.o
 .debug_aranges
                0x00000000000005f0       0x58 Drivers/STM32L4xx_HAL_Driver/Src/stm32l4xx_hal_gpio.o
 .debug_aranges
                0x0000000000000648      0x290 Drivers/STM32L4xx_HAL_Driver/Src/stm32l4xx_hal_i2c.o
 .debug_aranges
                0x00000000000008d8       0x48 Drivers/STM32L4xx_HAL_Driver/Src/stm32l4xx_hal_i2c_ex.o
 .debug_aranges
                0x0000000000000920      0x128 Drivers/STM32L4xx_HAL_Driver/Src/stm32l4xx_hal_pwr_ex.o
 .debug_aranges
                0x0000000000000a48       0x88 Drivers/STM32L4xx_HAL_Driver/Src/stm32l4xx_hal_rcc.o
 .debug_aranges
                0x0000000000000ad0       0xf0 Drivers/STM32L4xx_HAL_Driver/Src/stm32l4xx_hal_rcc_ex.o
 .debug_aranges
                0x0000000000000bc0      0x1d8 Drivers/STM32L4xx_HAL_Driver/Src/stm32l4xx_hal_spi.o
 .debug_aranges
                0x0000000000000d98      0x3b8 Drivers/STM32L4xx_HAL_Driver/Src/stm32l4xx_hal_tim.o
 .debug_aranges
                0x0000000000001150      0x168 Drivers/STM32L4xx_HAL_Driver/Src/stm32l4xx_hal_tim_ex.o
 .debug_aranges
                0x00000000000012b8      0x210 Drivers/STM32L4xx_HAL_Driver/Src/stm32l4xx_hal_uart.o

.debug_ranges   0x0000000000000000     0x1330
 .debug_ranges  0x0000000000000000       0x88 Core/Src/ad5391.o
 .debug_ranges  0x0000000000000088       0x10 Core/Src/dma.o
 .debug_ranges  0x0000000000000098       0x10 Core/Src/gpio.o
 .debug_ranges  0x00000000000000a8       0x20 Core/Src/i2c.o
 .debug_ranges  0x00000000000000c8       0x20 Core/Src/main.o
 .debug_ranges  0x00000000000000e8       0x20 Core/Src/spi.o
 .debug_ranges  0x0000000000000108       0x68 Core/Src/stlink_dma.o
 .debug_ranges  0x0000000000000170       0x10 Core/Src/stm32l4xx_hal_msp.o
 .debug_ranges  0x0000000000000180       0x80 Core/Src/stm32l4xx_it.o
 .debug_ranges  0x0000000000000200       0x18 Core/Src/system_stm32l4xx.o
 .debug_ranges  0x0000000000000218       0x28 Core/Src/tim.o
 .debug_ranges  0x0000000000000240       0x28 Core/Src/usart.o
 .debug_ranges  0x0000000000000268       0x20 Core/Startup/startup_stm32l432kcux.o
 .debug_ranges  0x0000000000000288       0xf8 Drivers/STM32L4xx_HAL_Driver/Src/stm32l4xx_hal.o
 .debug_ranges  0x0000000000000380      0x108 Drivers/STM32L4xx_HAL_Driver/Src/stm32l4xx_hal_cortex.o
 .debug_ranges  0x0000000000000488       0x70 Drivers/STM32L4xx_HAL_Driver/Src/stm32l4xx_hal_dma.o
 .debug_ranges  0x00000000000004f8       0x48 Drivers/STM32L4xx_HAL_Driver/Src/stm32l4xx_hal_gpio.o
 .debug_ranges  0x0000000000000540      0x280 Drivers/STM32L4xx_HAL_Driver/Src/stm32l4xx_hal_i2c.o
 .debug_ranges  0x00000000000007c0       0x38 Drivers/STM32L4xx_HAL_Driver/Src/stm32l4xx_hal_i2c_ex.o
 .debug_ranges  0x00000000000007f8      0x118 Drivers/STM32L4xx_HAL_Driver/Src/stm32l4xx_hal_pwr_ex.o
 .debug_ranges  0x0000000000000910       0x78 Drivers/STM32L4xx_HAL_Driver/Src/stm32l4xx_hal_rcc.o
 .debug_ranges  0x0000000000000988       0xe0 Drivers/STM32L4xx_HAL_Driver/Src/stm32l4xx_hal_rcc_ex.o
 .debug_ranges  0x0000000000000a68      0x1c8 Drivers/STM32L4xx_HAL_Driver/Src/stm32l4xx_hal_spi.o
 .debug_ranges  0x0000000000000c30      0x3a8 Drivers/STM32L4xx_HAL_Driver/Src/stm32l4xx_hal_tim.o
 .debug_ranges  0x0000000000000fd8      0x158 Drivers/STM32L4xx_HAL_Driver/Src/stm32l4xx_hal_tim_ex.o
 .debug_ranges  0x0000000000001130      0x200 Drivers/STM32L4xx_HAL_Driver/Src/stm32l4xx_hal_uart.o

.debug_macro    0x0000000000000000    0x22d78
 .debug_macro   0x0000000000000000      0x37f Core/Src/ad5391.o
 .debug_macro   0x000000000000037f      0xa5a Core/Src/ad5391.o
 .debug_macro   0x0000000000000dd9       0xc6 Core/Src/ad5391.o
 .debug_macro   0x0000000000000e9f       0x2e Core/Src/ad5391.o
 .debug_macro   0x0000000000000ecd       0x28 Core/Src/ad5391.o
 .debug_macro   0x0000000000000ef5       0x22 Core/Src/ad5391.o
 .debug_macro   0x0000000000000f17       0x8e Core/Src/ad5391.o
 .debug_macro   0x0000000000000fa5       0x51 Core/Src/ad5391.o
 .debug_macro   0x0000000000000ff6       0xef Core/Src/ad5391.o
 .debug_macro   0x00000000000010e5       0x6a Core/Src/ad5391.o
 .debug_macro   0x000000000000114f      0x1df Core/Src/ad5391.o
 .debug_macro   0x000000000000132e       0x1c Core/Src/ad5391.o
 .debug_macro   0x000000000000134a       0x22 Core/Src/ad5391.o
 .debug_macro   0x000000000000136c       0xdf Core/Src/ad5391.o
 .debug_macro   0x000000000000144b     0x102d Core/Src/ad5391.o
 .debug_macro   0x0000000000002478      0x11f Core/Src/ad5391.o
 .debug_macro   0x0000000000002597    0x14775 Core/Src/ad5391.o
 .debug_macro   0x0000000000016d0c       0x43 Core/Src/ad5391.o
 .debug_macro   0x0000000000016d4f     0x3890 Core/Src/ad5391.o
 .debug_macro   0x000000000001a5df      0x174 Core/Src/ad5391.o
 .debug_macro   0x000000000001a753       0x5c Core/Src/ad5391.o
 .debug_macro   0x000000000001a7af     0x118b Core/Src/ad5391.o
 .debug_macro   0x000000000001b93a      0x535 Core/Src/ad5391.o
 .debug_macro   0x000000000001be6f      0x241 Core/Src/ad5391.o
 .debug_macro   0x000000000001c0b0      0x13d Core/Src/ad5391.o
 .debug_macro   0x000000000001c1ed      0x122 Core/Src/ad5391.o
 .debug_macro   0x000000000001c30f      0x26b Core/Src/ad5391.o
 .debug_macro   0x000000000001c57a      0x23d Core/Src/ad5391.o
 .debug_macro   0x000000000001c7b7      0x375 Core/Src/ad5391.o
 .debug_macro   0x000000000001cb2c       0xd6 Core/Src/ad5391.o
 .debug_macro   0x000000000001cc02      0x22c Core/Src/ad5391.o
 .debug_macro   0x000000000001ce2e       0x5e Core/Src/ad5391.o
 .debug_macro   0x000000000001ce8c       0xa5 Core/Src/ad5391.o
 .debug_macro   0x000000000001cf31      0x122 Core/Src/ad5391.o
 .debug_macro   0x000000000001d053      0x357 Core/Src/ad5391.o
 .debug_macro   0x000000000001d3aa      0x2fe Core/Src/ad5391.o
 .debug_macro   0x000000000001d6a8      0xa44 Core/Src/ad5391.o
 .debug_macro   0x000000000001e0ec      0x12e Core/Src/ad5391.o
 .debug_macro   0x000000000001e21a      0x59e Core/Src/ad5391.o
 .debug_macro   0x000000000001e7b8       0x44 Core/Src/ad5391.o
 .debug_macro   0x000000000001e7fc      0x23a Core/Src/ad5391.o
 .debug_macro   0x000000000001ea36       0x28 Core/Src/ad5391.o
 .debug_macro   0x000000000001ea5e       0xca Core/Src/ad5391.o
 .debug_macro   0x000000000001eb28       0x46 Core/Src/ad5391.o
 .debug_macro   0x000000000001eb6e       0x18 Core/Src/ad5391.o
 .debug_macro   0x000000000001eb86       0x3c Core/Src/ad5391.o
 .debug_macro   0x000000000001ebc2       0x34 Core/Src/ad5391.o
 .debug_macro   0x000000000001ebf6       0x16 Core/Src/ad5391.o
 .debug_macro   0x000000000001ec0c       0x35 Core/Src/ad5391.o
 .debug_macro   0x000000000001ec41      0x32a Core/Src/ad5391.o
 .debug_macro   0x000000000001ef6b       0x10 Core/Src/ad5391.o
 .debug_macro   0x000000000001ef7b       0x52 Core/Src/ad5391.o
 .debug_macro   0x000000000001efcd       0x1f Core/Src/ad5391.o
 .debug_macro   0x000000000001efec       0x43 Core/Src/ad5391.o
 .debug_macro   0x000000000001f02f       0x20 Core/Src/ad5391.o
 .debug_macro   0x000000000001f04f      0x1a3 Core/Src/ad5391.o
 .debug_macro   0x000000000001f1f2       0x10 Core/Src/ad5391.o
 .debug_macro   0x000000000001f202       0x1c Core/Src/ad5391.o
 .debug_macro   0x000000000001f21e       0x52 Core/Src/ad5391.o
 .debug_macro   0x000000000001f270       0x40 Core/Src/ad5391.o
 .debug_macro   0x000000000001f2b0       0x10 Core/Src/ad5391.o
 .debug_macro   0x000000000001f2c0       0x40 Core/Src/ad5391.o
 .debug_macro   0x000000000001f300       0xd7 Core/Src/ad5391.o
 .debug_macro   0x000000000001f3d7       0x1c Core/Src/ad5391.o
 .debug_macro   0x000000000001f3f3       0x3d Core/Src/ad5391.o
 .debug_macro   0x000000000001f430       0x16 Core/Src/ad5391.o
 .debug_macro   0x000000000001f446      0x145 Core/Src/ad5391.o
 .debug_macro   0x000000000001f58b      0x1e1 Core/Src/ad5391.o
 .debug_macro   0x000000000001f76c      0x217 Core/Src/dma.o
 .debug_macro   0x000000000001f983       0xc4 Core/Src/dma.o
 .debug_macro   0x000000000001fa47      0x217 Core/Src/gpio.o
 .debug_macro   0x000000000001fc5e      0x217 Core/Src/i2c.o
 .debug_macro   0x000000000001fe75      0x25f Core/Src/main.o
 .debug_macro   0x00000000000200d4       0x2e Core/Src/main.o
 .debug_macro   0x0000000000020102       0x16 Core/Src/main.o
 .debug_macro   0x0000000000020118      0x217 Core/Src/spi.o
 .debug_macro   0x000000000002032f      0x399 Core/Src/stlink_dma.o
 .debug_macro   0x00000000000206c8       0x10 Core/Src/stlink_dma.o
 .debug_macro   0x00000000000206d8       0x16 Core/Src/stlink_dma.o
 .debug_macro   0x00000000000206ee       0x20 Core/Src/stlink_dma.o
 .debug_macro   0x000000000002070e      0x20d Core/Src/stm32l4xx_hal_msp.o
 .debug_macro   0x000000000002091b      0x229 Core/Src/stm32l4xx_it.o
 .debug_macro   0x0000000000020b44      0x204 Core/Src/system_stm32l4xx.o
 .debug_macro   0x0000000000020d48      0x217 Core/Src/tim.o
 .debug_macro   0x0000000000020f5f      0x217 Core/Src/usart.o
 .debug_macro   0x0000000000021176      0x246 Drivers/STM32L4xx_HAL_Driver/Src/stm32l4xx_hal.o
 .debug_macro   0x00000000000213bc      0x1fe Drivers/STM32L4xx_HAL_Driver/Src/stm32l4xx_hal_cortex.o
 .debug_macro   0x00000000000215ba      0x1fe Drivers/STM32L4xx_HAL_Driver/Src/stm32l4xx_hal_dma.o
 .debug_macro   0x00000000000217b8      0x23d Drivers/STM32L4xx_HAL_Driver/Src/stm32l4xx_hal_gpio.o
 .debug_macro   0x00000000000219f5      0x2c3 Drivers/STM32L4xx_HAL_Driver/Src/stm32l4xx_hal_i2c.o
 .debug_macro   0x0000000000021cb8      0x1fe Drivers/STM32L4xx_HAL_Driver/Src/stm32l4xx_hal_i2c_ex.o
 .debug_macro   0x0000000000021eb6      0x222 Drivers/STM32L4xx_HAL_Driver/Src/stm32l4xx_hal_pwr_ex.o
 .debug_macro   0x00000000000220d8      0x240 Drivers/STM32L4xx_HAL_Driver/Src/stm32l4xx_hal_rcc.o
 .debug_macro   0x0000000000022318      0x234 Drivers/STM32L4xx_HAL_Driver/Src/stm32l4xx_hal_rcc_ex.o
 .debug_macro   0x000000000002254c      0x206 Drivers/STM32L4xx_HAL_Driver/Src/stm32l4xx_hal_spi.o
 .debug_macro   0x0000000000022752      0x1ff Drivers/STM32L4xx_HAL_Driver/Src/stm32l4xx_hal_tim.o
 .debug_macro   0x0000000000022951      0x1fe Drivers/STM32L4xx_HAL_Driver/Src/stm32l4xx_hal_tim_ex.o
 .debug_macro   0x0000000000022b4f      0x229 Drivers/STM32L4xx_HAL_Driver/Src/stm32l4xx_hal_uart.o

.debug_line     0x0000000000000000    0x1261c
 .debug_line    0x0000000000000000      0xba3 Core/Src/ad5391.o
 .debug_line    0x0000000000000ba3      0x7b9 Core/Src/dma.o
 .debug_line    0x000000000000135c      0x7d6 Core/Src/gpio.o
 .debug_line    0x0000000000001b32      0x808 Core/Src/i2c.o
 .debug_line    0x000000000000233a      0x851 Core/Src/main.o
 .debug_line    0x0000000000002b8b      0x800 Core/Src/spi.o
 .debug_line    0x000000000000338b      0xb18 Core/Src/stlink_dma.o
 .debug_line    0x0000000000003ea3      0x7ba Core/Src/stm32l4xx_hal_msp.o
 .debug_line    0x000000000000465d      0x8ea Core/Src/stm32l4xx_it.o
 .debug_line    0x0000000000004f47      0x7e5 Core/Src/system_stm32l4xx.o
 .debug_line    0x000000000000572c      0x835 Core/Src/tim.o
 .debug_line    0x0000000000005f61      0x838 Core/Src/usart.o
 .debug_line    0x0000000000006799       0x85 Core/Startup/startup_stm32l432kcux.o
 .debug_line    0x000000000000681e      0x9f8 Drivers/STM32L4xx_HAL_Driver/Src/stm32l4xx_hal.o
 .debug_line    0x0000000000007216      0xae1 Drivers/STM32L4xx_HAL_Driver/Src/stm32l4xx_hal_cortex.o
 .debug_line    0x0000000000007cf7      0x9de Drivers/STM32L4xx_HAL_Driver/Src/stm32l4xx_hal_dma.o
 .debug_line    0x00000000000086d5      0x923 Drivers/STM32L4xx_HAL_Driver/Src/stm32l4xx_hal_gpio.o
 .debug_line    0x0000000000008ff8     0x1b9a Drivers/STM32L4xx_HAL_Driver/Src/stm32l4xx_hal_i2c.o
 .debug_line    0x000000000000ab92      0x8fe Drivers/STM32L4xx_HAL_Driver/Src/stm32l4xx_hal_i2c_ex.o
 .debug_line    0x000000000000b490      0xae8 Drivers/STM32L4xx_HAL_Driver/Src/stm32l4xx_hal_pwr_ex.o
 .debug_line    0x000000000000bf78      0xae0 Drivers/STM32L4xx_HAL_Driver/Src/stm32l4xx_hal_rcc.o
 .debug_line    0x000000000000ca58      0xce5 Drivers/STM32L4xx_HAL_Driver/Src/stm32l4xx_hal_rcc_ex.o
 .debug_line    0x000000000000d73d     0x1234 Drivers/STM32L4xx_HAL_Driver/Src/stm32l4xx_hal_spi.o
 .debug_line    0x000000000000e971     0x1b19 Drivers/STM32L4xx_HAL_Driver/Src/stm32l4xx_hal_tim.o
 .debug_line    0x000000000001048a      0xe97 Drivers/STM32L4xx_HAL_Driver/Src/stm32l4xx_hal_tim_ex.o
 .debug_line    0x0000000000011321     0x12fb Drivers/STM32L4xx_HAL_Driver/Src/stm32l4xx_hal_uart.o

.debug_str      0x0000000000000000    0xcdce7
 .debug_str     0x0000000000000000    0xc8342 Core/Src/ad5391.o
                                      0xc8801 (size before relaxing)
 .debug_str     0x00000000000c8342      0x4cc Core/Src/dma.o
                                      0xc384d (size before relaxing)
 .debug_str     0x00000000000c880e       0x7c Core/Src/gpio.o
                                      0xc38ed (size before relaxing)
 .debug_str     0x00000000000c888a       0x67 Core/Src/i2c.o
                                      0xc39d8 (size before relaxing)
 .debug_str     0x00000000000c88f1      0x51b Core/Src/main.o
                                      0xc41bf (size before relaxing)
 .debug_str     0x00000000000c8e0c       0x58 Core/Src/spi.o
                                      0xc390a (size before relaxing)
 .debug_str     0x00000000000c8e64      0x225 Core/Src/stlink_dma.o
                                      0xc774a (size before relaxing)
 .debug_str     0x00000000000c9089       0x2c Core/Src/stm32l4xx_hal_msp.o
                                      0xc3487 (size before relaxing)
 .debug_str     0x00000000000c90b5      0x196 Core/Src/stm32l4xx_it.o
                                      0xc3eda (size before relaxing)
 .debug_str     0x00000000000c924b       0xcd Core/Src/system_stm32l4xx.o
                                      0xc31fe (size before relaxing)
 .debug_str     0x00000000000c9318      0x14f Core/Src/tim.o
                                      0xc3e25 (size before relaxing)
 .debug_str     0x00000000000c9467       0x6b Core/Src/usart.o
                                      0xc3930 (size before relaxing)
 .debug_str     0x00000000000c94d2       0x36 Core/Startup/startup_stm32l432kcux.o
                                         0x7b (size before relaxing)
 .debug_str     0x00000000000c9508      0x4c5 Drivers/STM32L4xx_HAL_Driver/Src/stm32l4xx_hal.o
                                      0xc3acf (size before relaxing)
 .debug_str     0x00000000000c99cd      0x392 Drivers/STM32L4xx_HAL_Driver/Src/stm32l4xx_hal_cortex.o
                                      0xc3938 (size before relaxing)
 .debug_str     0x00000000000c9d5f      0x24b Drivers/STM32L4xx_HAL_Driver/Src/stm32l4xx_hal_dma.o
                                      0xc3453 (size before relaxing)
 .debug_str     0x00000000000c9faa      0x1ef Drivers/STM32L4xx_HAL_Driver/Src/stm32l4xx_hal_gpio.o
                                      0xc3478 (size before relaxing)
 .debug_str     0x00000000000ca199      0xd49 Drivers/STM32L4xx_HAL_Driver/Src/stm32l4xx_hal_i2c.o
                                      0xc430c (size before relaxing)
 .debug_str     0x00000000000caee2       0xb8 Drivers/STM32L4xx_HAL_Driver/Src/stm32l4xx_hal_i2c_ex.o
                                      0xc3707 (size before relaxing)
 .debug_str     0x00000000000caf9a      0x45a Drivers/STM32L4xx_HAL_Driver/Src/stm32l4xx_hal_pwr_ex.o
                                      0xc36a1 (size before relaxing)
 .debug_str     0x00000000000cb3f4      0x38a Drivers/STM32L4xx_HAL_Driver/Src/stm32l4xx_hal_rcc.o
                                      0xc377a (size before relaxing)
 .debug_str     0x00000000000cb77e      0x515 Drivers/STM32L4xx_HAL_Driver/Src/stm32l4xx_hal_rcc_ex.o
                                      0xc39f2 (size before relaxing)
 .debug_str     0x00000000000cbc93      0x55c Drivers/STM32L4xx_HAL_Driver/Src/stm32l4xx_hal_spi.o
                                      0xc398d (size before relaxing)
 .debug_str     0x00000000000cc1ef      0xd12 Drivers/STM32L4xx_HAL_Driver/Src/stm32l4xx_hal_tim.o
                                      0xc4275 (size before relaxing)
 .debug_str     0x00000000000ccf01      0x5b0 Drivers/STM32L4xx_HAL_Driver/Src/stm32l4xx_hal_tim_ex.o
                                      0xc3b96 (size before relaxing)
 .debug_str     0x00000000000cd4b1      0x836 Drivers/STM32L4xx_HAL_Driver/Src/stm32l4xx_hal_uart.o
                                      0xc3dc8 (size before relaxing)

.comment        0x0000000000000000       0x7b
 .comment       0x0000000000000000       0x7b Core/Src/ad5391.o
                                         0x7c (size before relaxing)
 .comment       0x000000000000007b       0x7c Core/Src/dma.o
 .comment       0x000000000000007b       0x7c Core/Src/gpio.o
 .comment       0x000000000000007b       0x7c Core/Src/i2c.o
 .comment       0x000000000000007b       0x7c Core/Src/main.o
 .comment       0x000000000000007b       0x7c Core/Src/spi.o
 .comment       0x000000000000007b       0x7c Core/Src/stlink_dma.o
 .comment       0x000000000000007b       0x7c Core/Src/stm32l4xx_hal_msp.o
 .comment       0x000000000000007b       0x7c Core/Src/stm32l4xx_it.o
 .comment       0x000000000000007b       0x7c Core/Src/system_stm32l4xx.o
 .comment       0x000000000000007b       0x7c Core/Src/tim.o
 .comment       0x000000000000007b       0x7c Core/Src/usart.o
 .comment       0x000000000000007b       0x7c Drivers/STM32L4xx_HAL_Driver/Src/stm32l4xx_hal.o
 .comment       0x000000000000007b       0x7c Drivers/STM32L4xx_HAL_Driver/Src/stm32l4xx_hal_cortex.o
 .comment       0x000000000000007b       0x7c Drivers/STM32L4xx_HAL_Driver/Src/stm32l4xx_hal_dma.o
 .comment       0x000000000000007b       0x7c Drivers/STM32L4xx_HAL_Driver/Src/stm32l4xx_hal_gpio.o
 .comment       0x000000000000007b       0x7c Drivers/STM32L4xx_HAL_Driver/Src/stm32l4xx_hal_i2c.o
 .comment       0x000000000000007b       0x7c Drivers/STM32L4xx_HAL_Driver/Src/stm32l4xx_hal_i2c_ex.o
 .comment       0x000000000000007b       0x7c Drivers/STM32L4xx_HAL_Driver/Src/stm32l4xx_hal_pwr_ex.o
 .comment       0x000000000000007b       0x7c Drivers/STM32L4xx_HAL_Driver/Src/stm32l4xx_hal_rcc.o
 .comment       0x000000000000007b       0x7c Drivers/STM32L4xx_HAL_Driver/Src/stm32l4xx_hal_rcc_ex.o
 .comment       0x000000000000007b       0x7c Drivers/STM32L4xx_HAL_Driver/Src/stm32l4xx_hal_spi.o
 .comment       0x000000000000007b       0x7c Drivers/STM32L4xx_HAL_Driver/Src/stm32l4xx_hal_tim.o
 .comment       0x000000000000007b       0x7c Drivers/STM32L4xx_HAL_Driver/Src/stm32l4xx_hal_tim_ex.o
 .comment       0x000000000000007b       0x7c Drivers/STM32L4xx_HAL_Driver/Src/stm32l4xx_hal_uart.o

.debug_frame    0x0000000000000000     0x5610
 .debug_frame   0x0000000000000000      0x200 Core/Src/ad5391.o
 .debug_frame   0x0000000000000200       0x34 Core/Src/dma.o
 .debug_frame   0x0000000000000234       0x34 Core/Src/gpio.o
 .debug_frame   0x0000000000000268       0x74 Core/Src/i2c.o
 .debug_frame   0x00000000000002dc       0x74 Core/Src/main.o
 .debug_frame   0x0000000000000350       0x74 Core/Src/spi.o
 .debug_frame   0x00000000000003c4      0x1bc Core/Src/stlink_dma.o
 .debug_frame   0x0000000000000580       0x38 Core/Src/stm32l4xx_hal_msp.o
 .debug_frame   0x00000000000005b8      0x1bc Core/Src/stm32l4xx_it.o
 .debug_frame   0x0000000000000774       0x58 Core/Src/system_stm32l4xx.o
 .debug_frame   0x00000000000007cc       0xa0 Core/Src/tim.o
 .debug_frame   0x000000000000086c       0x90 Core/Src/usart.o
 .debug_frame   0x00000000000008fc      0x3dc Drivers/STM32L4xx_HAL_Driver/Src/stm32l4xx_hal.o
 .debug_frame   0x0000000000000cd8      0x498 Drivers/STM32L4xx_HAL_Driver/Src/stm32l4xx_hal_cortex.o
 .debug_frame   0x0000000000001170      0x204 Drivers/STM32L4xx_HAL_Driver/Src/stm32l4xx_hal_dma.o
 .debug_frame   0x0000000000001374      0x14c Drivers/STM32L4xx_HAL_Driver/Src/stm32l4xx_hal_gpio.o
 .debug_frame   0x00000000000014c0      0xbe8 Drivers/STM32L4xx_HAL_Driver/Src/stm32l4xx_hal_i2c.o
 .debug_frame   0x00000000000020a8      0x100 Drivers/STM32L4xx_HAL_Driver/Src/stm32l4xx_hal_i2c_ex.o
 .debug_frame   0x00000000000021a8      0x4a4 Drivers/STM32L4xx_HAL_Driver/Src/stm32l4xx_hal_pwr_ex.o
 .debug_frame   0x000000000000264c      0x1f4 Drivers/STM32L4xx_HAL_Driver/Src/stm32l4xx_hal_rcc.o
 .debug_frame   0x0000000000002840      0x3d0 Drivers/STM32L4xx_HAL_Driver/Src/stm32l4xx_hal_rcc_ex.o
 .debug_frame   0x0000000000002c10      0x860 Drivers/STM32L4xx_HAL_Driver/Src/stm32l4xx_hal_spi.o
 .debug_frame   0x0000000000003470     0x1148 Drivers/STM32L4xx_HAL_Driver/Src/stm32l4xx_hal_tim.o
 .debug_frame   0x00000000000045b8      0x638 Drivers/STM32L4xx_HAL_Driver/Src/stm32l4xx_hal_tim_ex.o
 .debug_frame   0x0000000000004bf0      0x974 Drivers/STM32L4xx_HAL_Driver/Src/stm32l4xx_hal_uart.o
 .debug_frame   0x0000000000005564       0x2c /Applications/STMicroelectronics/STM32CubeIDE.app/Contents/Eclipse/plugins/com.st.stm32cube.ide.mcu.externaltools.gnu-tools-for-stm32.7-2018-q2-update.macos64_1.0.0.201904181610/tools/bin/../lib/gcc/arm-none-eabi/7.3.1/../../../../arm-none-eabi/lib/thumb/v7e-m/fpv4-sp/hard/libc_nano.a(lib_a-init.o)
 .debug_frame   0x0000000000005590       0x20 /Applications/STMicroelectronics/STM32CubeIDE.app/Contents/Eclipse/plugins/com.st.stm32cube.ide.mcu.externaltools.gnu-tools-for-stm32.7-2018-q2-update.macos64_1.0.0.201904181610/tools/bin/../lib/gcc/arm-none-eabi/7.3.1/../../../../arm-none-eabi/lib/thumb/v7e-m/fpv4-sp/hard/libc_nano.a(lib_a-memset.o)
 .debug_frame   0x00000000000055b0       0x2c /Applications/STMicroelectronics/STM32CubeIDE.app/Contents/Eclipse/plugins/com.st.stm32cube.ide.mcu.externaltools.gnu-tools-for-stm32.7-2018-q2-update.macos64_1.0.0.201904181610/tools/bin/../lib/gcc/arm-none-eabi/7.3.1/thumb/v7e-m/fpv4-sp/hard/libgcc.a(_aeabi_uldivmod.o)
 .debug_frame   0x00000000000055dc       0x34 /Applications/STMicroelectronics/STM32CubeIDE.app/Contents/Eclipse/plugins/com.st.stm32cube.ide.mcu.externaltools.gnu-tools-for-stm32.7-2018-q2-update.macos64_1.0.0.201904181610/tools/bin/../lib/gcc/arm-none-eabi/7.3.1/thumb/v7e-m/fpv4-sp/hard/libgcc.a(_udivmoddi4.o)
