adsr.c:100:6:prepareVcaEnvelopeNoteON	4	static
adsr.c:116:6:prepareVcaEnvelopeNoteOFF	8	static
adsr.c:131:6:updateVcaEnvelope	8	static
adsr.c:176:6:prepareVcfEnvelopeNoteON	4	static
adsr.c:209:6:prepareVcfEnvelopeNoteOFF	4	static
adsr.c:223:6:updateVcfEnvelope	24	static
adsr.c:275:6:setVcaAdsrAttack	16	static
adsr.c:279:6:setVcaAdsrDecay	16	static
adsr.c:283:6:setVcaAdsrSustain	16	static
adsr.c:287:6:setVcaAdsrRelease	16	static
adsr.c:291:6:setVcaVelocitySensitivity	16	static
adsr.c:295:6:setVcfAdsrAttack	16	static
adsr.c:299:6:setVcfAdsrDecay	16	static
adsr.c:303:6:setVcfAdsrSustain	16	static
adsr.c:307:6:setVcfAdsrRelease	16	static
adsr.c:311:6:setVcfVelocitySensitivity	16	static
