dac_board.c:70:6:switchRedLED	16	static
dac_board.c:74:6:switchRedLEDOn	8	static
dac_board.c:78:6:switchRedLEDOff	8	static
dac_board.c:82:6:toggleRedLED	8	static
dac_board.c:87:6:switchBlueLED	16	static
dac_board.c:91:6:switchBlueLEDOn	8	static
dac_board.c:95:6:switchBlueLEDOff	8	static
dac_board.c:99:6:toggleBlueLED	8	static
dac_board.c:105:6:testGPIOVcfVco	8	static
dac_board.c:142:6:dacTIMCallback	16	static
dac_board.c:180:6:incDacTick	4	static
dac_board.c:191:6:initSynthParams	8	static
dac_board.c:208:6:blueButtonActionPerformedCallback	24	static
