main.c:113:5:main	16	static
main.c:195:6:SystemClock_Config	232	static
main.c:252:13:MX_I2C1_Init	8	static
main.c:295:13:MX_SPI3_Init	8	static
main.c:332:13:MX_SPI5_Init	8	static
main.c:370:13:MX_TIM1_Init	40	static
main.c:414:13:MX_TIM2_Init	56	static
main.c:473:13:MX_UART5_Init	8	static
main.c:506:13:MX_USART3_UART_Init	8	static
main.c:539:13:MX_GPIO_Init	64	static
main.c:710:5:__io_putchar	16	static
main.c:723:6:startAdsrTIM	8	static
main.c:729:6:stopAdsrTIM	8	static
main.c:742:6:HAL_SPI_TxCpltCallback	16	static
main.c:748:6:HAL_TIM_IC_CaptureCallback	16	static
main.c:754:6:HAL_TIM_PeriodElapsedCallback	16	static
main.c:767:6:HAL_GPIO_EXTI_Callback	16	static
main.c:791:6:HAL_UART_RxCpltCallback	16	static
main.c:805:6:Error_Handler	8	static
main.c:822:6:assert_failed	16	static
