vco.c:104:6:initVco	8	static
vco.c:128:6:prepareVCOForCalibration	8	static
vco.c:142:6:setVco13700Octave	16	static
vco.c:147:6:setVco13700Detune	16	static
vco.c:151:6:updateVco13700Freq	16	static
vco.c:163:6:setVco3340AOctave	16	static
vco.c:168:6:setVco3340ADetune	16	static
vco.c:172:6:updateVco3340AFreq	16	static
vco.c:178:6:setVco3340APWMDuty	16	static
vco.c:182:6:updateVco3340APWMDuty	8	static
vco.c:186:6:setVco3340AWaveType	16	static
vco.c:205:6:setVco3340ASync	16	static
vco.c:209:6:setVco3340ALevel	16	static
vco.c:213:6:updateVco3340ALevel	8	static
vco.c:221:6:setVco3340BOctave	16	static
vco.c:226:6:setVco3340BDetune	16	static
vco.c:234:6:updateVco3340BFreq	16	static
vco.c:239:6:setVco3340BPWMDuty	16	static
vco.c:243:6:updateVco3340BPWMDuty	8	static
vco.c:247:6:setVco3340BPulseLevel	16	static
vco.c:251:6:updateVco3340BPulseLevel	8	static
vco.c:256:6:setVco3340BSawLevel	16	static
vco.c:260:6:updateVco3340BSawLevel	8	static
vco.c:264:6:setVco3340BTriLevel	16	static
vco.c:268:6:updateVco3340BTriLevel	8	static
vco.c:276:6:testScale	8	static
